
--- Ping Test 1 Results ---
PING 10.0.0.2 (10.0.0.2) 56(84) bytes of data.
64 bytes from 10.0.0.2: icmp_seq=1 ttl=64 time=27.3 ms
64 bytes from 10.0.0.2: icmp_seq=2 ttl=64 time=9.53 ms
64 bytes from 10.0.0.2: icmp_seq=3 ttl=64 time=8.66 ms
64 bytes from 10.0.0.2: icmp_seq=4 ttl=64 time=9.29 ms
64 bytes from 10.0.0.2: icmp_seq=5 ttl=64 time=9.21 ms

--- 10.0.0.2 ping statistics ---
5 packets transmitted, 5 received, 0% packet loss, time 4006ms
rtt min/avg/max/mdev = 8.667/12.802/27.309/7.259 ms

--- Ping Test 2 Results ---
PING 10.0.0.2 (10.0.0.2) 56(84) bytes of data.
64 bytes from 10.0.0.2: icmp_seq=1 ttl=64 time=9.64 ms
64 bytes from 10.0.0.2: icmp_seq=2 ttl=64 time=9.15 ms
64 bytes from 10.0.0.2: icmp_seq=3 ttl=64 time=13.0 ms
64 bytes from 10.0.0.2: icmp_seq=4 ttl=64 time=10.3 ms
64 bytes from 10.0.0.2: icmp_seq=5 ttl=64 time=10.7 ms
64 bytes from 10.0.0.2: icmp_seq=6 ttl=64 time=13.4 ms
64 bytes from 10.0.0.2: icmp_seq=7 ttl=64 time=13.3 ms
64 bytes from 10.0.0.2: icmp_seq=8 ttl=64 time=10.0 ms
64 bytes from 10.0.0.2: icmp_seq=9 ttl=64 time=9.50 ms
64 bytes from 10.0.0.2: icmp_seq=10 ttl=64 time=13.4 ms
64 bytes from 10.0.0.2: icmp_seq=11 ttl=64 time=10.7 ms
64 bytes from 10.0.0.2: icmp_seq=12 ttl=64 time=9.89 ms
64 bytes from 10.0.0.2: icmp_seq=13 ttl=64 time=9.00 ms
64 bytes from 10.0.0.2: icmp_seq=14 ttl=64 time=10.7 ms
64 bytes from 10.0.0.2: icmp_seq=15 ttl=64 time=9.35 ms
64 bytes from 10.0.0.2: icmp_seq=16 ttl=64 time=9.77 ms
64 bytes from 10.0.0.2: icmp_seq=17 ttl=64 time=9.29 ms
64 bytes from 10.0.0.2: icmp_seq=18 ttl=64 time=9.25 ms
64 bytes from 10.0.0.2: icmp_seq=19 ttl=64 time=9.69 ms
64 bytes from 10.0.0.2: icmp_seq=20 ttl=64 time=10.4 ms
64 bytes from 10.0.0.2: icmp_seq=21 ttl=64 time=9.27 ms
64 bytes from 10.0.0.2: icmp_seq=22 ttl=64 time=9.08 ms
64 bytes from 10.0.0.2: icmp_seq=23 ttl=64 time=10.1 ms
64 bytes from 10.0.0.2: icmp_seq=24 ttl=64 time=10.9 ms
64 bytes from 10.0.0.2: icmp_seq=25 ttl=64 time=9.56 ms
64 bytes from 10.0.0.2: icmp_seq=26 ttl=64 time=10.1 ms
64 bytes from 10.0.0.2: icmp_seq=27 ttl=64 time=10.5 ms
64 bytes from 10.0.0.2: icmp_seq=28 ttl=64 time=9.29 ms
64 bytes from 10.0.0.2: icmp_seq=29 ttl=64 time=12.0 ms
64 bytes from 10.0.0.2: icmp_seq=30 ttl=64 time=10.3 ms
64 bytes from 10.0.0.2: icmp_seq=31 ttl=64 time=13.0 ms
64 bytes from 10.0.0.2: icmp_seq=32 ttl=64 time=9.77 ms
64 bytes from 10.0.0.2: icmp_seq=33 ttl=64 time=10.1 ms
64 bytes from 10.0.0.2: icmp_seq=34 ttl=64 time=9.35 ms
64 bytes from 10.0.0.2: icmp_seq=35 ttl=64 time=10.8 ms
64 bytes from 10.0.0.2: icmp_seq=36 ttl=64 time=10.4 ms
64 bytes from 10.0.0.2: icmp_seq=37 ttl=64 time=9.26 ms
64 bytes from 10.0.0.2: icmp_seq=38 ttl=64 time=11.8 ms
64 bytes from 10.0.0.2: icmp_seq=39 ttl=64 time=11.2 ms
64 bytes from 10.0.0.2: icmp_seq=40 ttl=64 time=11.1 ms
64 bytes from 10.0.0.2: icmp_seq=41 ttl=64 time=10.6 ms
64 bytes from 10.0.0.2: icmp_seq=42 ttl=64 time=11.3 ms
64 bytes from 10.0.0.2: icmp_seq=43 ttl=64 time=8.96 ms
64 bytes from 10.0.0.2: icmp_seq=44 ttl=64 time=12.5 ms
64 bytes from 10.0.0.2: icmp_seq=45 ttl=64 time=9.66 ms
64 bytes from 10.0.0.2: icmp_seq=46 ttl=64 time=12.1 ms
64 bytes from 10.0.0.2: icmp_seq=47 ttl=64 time=12.2 ms
64 bytes from 10.0.0.2: icmp_seq=48 ttl=64 time=11.9 ms
64 bytes from 10.0.0.2: icmp_seq=49 ttl=64 time=10.1 ms
64 bytes from 10.0.0.2: icmp_seq=50 ttl=64 time=9.61 ms

--- 10.0.0.2 ping statistics ---
50 packets transmitted, 50 received, 0% packet loss, time 49074ms
rtt min/avg/max/mdev = 8.968/10.576/13.494/1.289 ms

--- Ping Test 3 Results ---
PING 10.0.0.4 (10.0.0.4) 56(84) bytes of data.
64 bytes from 10.0.0.4: icmp_seq=1 ttl=64 time=57.4 ms
64 bytes from 10.0.0.4: icmp_seq=2 ttl=64 time=31.5 ms
64 bytes from 10.0.0.4: icmp_seq=3 ttl=64 time=28.3 ms
64 bytes from 10.0.0.4: icmp_seq=4 ttl=64 time=59.5 ms
64 bytes from 10.0.0.4: icmp_seq=5 ttl=64 time=29.7 ms

--- 10.0.0.4 ping statistics ---
5 packets transmitted, 5 received, 0% packet loss, time 4006ms
rtt min/avg/max/mdev = 28.362/41.335/59.518/14.057 ms

--- Ping Test 4 Results ---
PING 10.0.0.4 (10.0.0.4) 56(84) bytes of data.
64 bytes from 10.0.0.4: icmp_seq=1 ttl=64 time=30.2 ms
64 bytes from 10.0.0.4: icmp_seq=2 ttl=64 time=24.7 ms
64 bytes from 10.0.0.4: icmp_seq=3 ttl=64 time=29.1 ms
64 bytes from 10.0.0.4: icmp_seq=4 ttl=64 time=28.2 ms
64 bytes from 10.0.0.4: icmp_seq=5 ttl=64 time=27.2 ms
64 bytes from 10.0.0.4: icmp_seq=6 ttl=64 time=23.9 ms
64 bytes from 10.0.0.4: icmp_seq=7 ttl=64 time=30.2 ms
64 bytes from 10.0.0.4: icmp_seq=8 ttl=64 time=26.1 ms
64 bytes from 10.0.0.4: icmp_seq=9 ttl=64 time=28.9 ms
64 bytes from 10.0.0.4: icmp_seq=10 ttl=64 time=30.0 ms
64 bytes from 10.0.0.4: icmp_seq=11 ttl=64 time=33.0 ms
64 bytes from 10.0.0.4: icmp_seq=12 ttl=64 time=27.9 ms
64 bytes from 10.0.0.4: icmp_seq=13 ttl=64 time=33.0 ms
64 bytes from 10.0.0.4: icmp_seq=14 ttl=64 time=33.9 ms
64 bytes from 10.0.0.4: icmp_seq=15 ttl=64 time=24.9 ms
64 bytes from 10.0.0.4: icmp_seq=16 ttl=64 time=29.9 ms
64 bytes from 10.0.0.4: icmp_seq=17 ttl=64 time=30.4 ms
64 bytes from 10.0.0.4: icmp_seq=18 ttl=64 time=29.2 ms
64 bytes from 10.0.0.4: icmp_seq=19 ttl=64 time=31.2 ms
64 bytes from 10.0.0.4: icmp_seq=20 ttl=64 time=25.2 ms
64 bytes from 10.0.0.4: icmp_seq=21 ttl=64 time=31.6 ms
64 bytes from 10.0.0.4: icmp_seq=22 ttl=64 time=27.3 ms
64 bytes from 10.0.0.4: icmp_seq=23 ttl=64 time=28.1 ms
64 bytes from 10.0.0.4: icmp_seq=24 ttl=64 time=23.2 ms
64 bytes from 10.0.0.4: icmp_seq=25 ttl=64 time=28.9 ms
64 bytes from 10.0.0.4: icmp_seq=26 ttl=64 time=69.3 ms
64 bytes from 10.0.0.4: icmp_seq=27 ttl=64 time=31.8 ms
64 bytes from 10.0.0.4: icmp_seq=28 ttl=64 time=29.9 ms
64 bytes from 10.0.0.4: icmp_seq=29 ttl=64 time=30.8 ms
64 bytes from 10.0.0.4: icmp_seq=30 ttl=64 time=27.7 ms
64 bytes from 10.0.0.4: icmp_seq=31 ttl=64 time=26.8 ms
64 bytes from 10.0.0.4: icmp_seq=32 ttl=64 time=24.6 ms
64 bytes from 10.0.0.4: icmp_seq=33 ttl=64 time=25.9 ms
64 bytes from 10.0.0.4: icmp_seq=34 ttl=64 time=23.7 ms
64 bytes from 10.0.0.4: icmp_seq=35 ttl=64 time=29.2 ms
64 bytes from 10.0.0.4: icmp_seq=36 ttl=64 time=26.7 ms
64 bytes from 10.0.0.4: icmp_seq=37 ttl=64 time=27.4 ms
64 bytes from 10.0.0.4: icmp_seq=38 ttl=64 time=27.3 ms
64 bytes from 10.0.0.4: icmp_seq=39 ttl=64 time=25.4 ms
64 bytes from 10.0.0.4: icmp_seq=40 ttl=64 time=27.3 ms
64 bytes from 10.0.0.4: icmp_seq=41 ttl=64 time=28.3 ms
64 bytes from 10.0.0.4: icmp_seq=42 ttl=64 time=28.5 ms
64 bytes from 10.0.0.4: icmp_seq=43 ttl=64 time=27.7 ms
64 bytes from 10.0.0.4: icmp_seq=44 ttl=64 time=32.0 ms
64 bytes from 10.0.0.4: icmp_seq=45 ttl=64 time=36.4 ms
64 bytes from 10.0.0.4: icmp_seq=46 ttl=64 time=28.2 ms
64 bytes from 10.0.0.4: icmp_seq=47 ttl=64 time=26.7 ms
64 bytes from 10.0.0.4: icmp_seq=48 ttl=64 time=29.1 ms
64 bytes from 10.0.0.4: icmp_seq=49 ttl=64 time=23.2 ms
64 bytes from 10.0.0.4: icmp_seq=50 ttl=64 time=30.0 ms

--- 10.0.0.4 ping statistics ---
50 packets transmitted, 50 received, 0% packet loss, time 49071ms
rtt min/avg/max/mdev = 23.249/29.250/69.318/6.373 ms

--- Ping Test 5 Results ---
PING 10.0.0.7 (10.0.0.7) 56(84) bytes of data.
64 bytes from 10.0.0.7: icmp_seq=1 ttl=64 time=88.2 ms
64 bytes from 10.0.0.7: icmp_seq=2 ttl=64 time=38.8 ms
64 bytes from 10.0.0.7: icmp_seq=3 ttl=64 time=46.6 ms
64 bytes from 10.0.0.7: icmp_seq=4 ttl=64 time=74.8 ms
64 bytes from 10.0.0.7: icmp_seq=5 ttl=64 time=93.4 ms

--- 10.0.0.7 ping statistics ---
5 packets transmitted, 5 received, 0% packet loss, time 4007ms
rtt min/avg/max/mdev = 38.868/68.417/93.436/21.945 ms

--- Ping Test 6 Results ---
PING 10.0.0.7 (10.0.0.7) 56(84) bytes of data.
64 bytes from 10.0.0.7: icmp_seq=1 ttl=64 time=52.1 ms
64 bytes from 10.0.0.7: icmp_seq=2 ttl=64 time=52.5 ms
64 bytes from 10.0.0.7: icmp_seq=3 ttl=64 time=71.2 ms
64 bytes from 10.0.0.7: icmp_seq=4 ttl=64 time=44.0 ms
64 bytes from 10.0.0.7: icmp_seq=5 ttl=64 time=45.3 ms
64 bytes from 10.0.0.7: icmp_seq=6 ttl=64 time=50.8 ms
64 bytes from 10.0.0.7: icmp_seq=7 ttl=64 time=37.7 ms
64 bytes from 10.0.0.7: icmp_seq=8 ttl=64 time=43.1 ms
64 bytes from 10.0.0.7: icmp_seq=9 ttl=64 time=33.9 ms
64 bytes from 10.0.0.7: icmp_seq=10 ttl=64 time=52.6 ms
64 bytes from 10.0.0.7: icmp_seq=11 ttl=64 time=46.5 ms
64 bytes from 10.0.0.7: icmp_seq=12 ttl=64 time=43.6 ms
64 bytes from 10.0.0.7: icmp_seq=13 ttl=64 time=50.6 ms
64 bytes from 10.0.0.7: icmp_seq=14 ttl=64 time=45.3 ms
64 bytes from 10.0.0.7: icmp_seq=15 ttl=64 time=46.6 ms
64 bytes from 10.0.0.7: icmp_seq=16 ttl=64 time=45.7 ms
64 bytes from 10.0.0.7: icmp_seq=17 ttl=64 time=38.9 ms
64 bytes from 10.0.0.7: icmp_seq=18 ttl=64 time=40.1 ms
64 bytes from 10.0.0.7: icmp_seq=19 ttl=64 time=53.0 ms
64 bytes from 10.0.0.7: icmp_seq=20 ttl=64 time=39.3 ms
64 bytes from 10.0.0.7: icmp_seq=21 ttl=64 time=40.4 ms
64 bytes from 10.0.0.7: icmp_seq=22 ttl=64 time=38.8 ms
64 bytes from 10.0.0.7: icmp_seq=23 ttl=64 time=44.0 ms
64 bytes from 10.0.0.7: icmp_seq=24 ttl=64 time=46.8 ms
64 bytes from 10.0.0.7: icmp_seq=25 ttl=64 time=49.3 ms
64 bytes from 10.0.0.7: icmp_seq=26 ttl=64 time=46.0 ms
64 bytes from 10.0.0.7: icmp_seq=27 ttl=64 time=55.5 ms
64 bytes from 10.0.0.7: icmp_seq=28 ttl=64 time=79.0 ms
64 bytes from 10.0.0.7: icmp_seq=29 ttl=64 time=52.8 ms
64 bytes from 10.0.0.7: icmp_seq=30 ttl=64 time=45.0 ms
64 bytes from 10.0.0.7: icmp_seq=31 ttl=64 time=44.2 ms
64 bytes from 10.0.0.7: icmp_seq=32 ttl=64 time=38.8 ms
64 bytes from 10.0.0.7: icmp_seq=33 ttl=64 time=49.2 ms
64 bytes from 10.0.0.7: icmp_seq=34 ttl=64 time=61.9 ms
64 bytes from 10.0.0.7: icmp_seq=35 ttl=64 time=42.7 ms
64 bytes from 10.0.0.7: icmp_seq=36 ttl=64 time=49.0 ms
64 bytes from 10.0.0.7: icmp_seq=37 ttl=64 time=47.9 ms
64 bytes from 10.0.0.7: icmp_seq=38 ttl=64 time=48.0 ms
64 bytes from 10.0.0.7: icmp_seq=39 ttl=64 time=51.8 ms
64 bytes from 10.0.0.7: icmp_seq=40 ttl=64 time=48.6 ms
64 bytes from 10.0.0.7: icmp_seq=41 ttl=64 time=49.7 ms
64 bytes from 10.0.0.7: icmp_seq=42 ttl=64 time=43.3 ms
64 bytes from 10.0.0.7: icmp_seq=43 ttl=64 time=49.0 ms
64 bytes from 10.0.0.7: icmp_seq=44 ttl=64 time=52.6 ms
64 bytes from 10.0.0.7: icmp_seq=45 ttl=64 time=48.3 ms
64 bytes from 10.0.0.7: icmp_seq=46 ttl=64 time=39.3 ms
64 bytes from 10.0.0.7: icmp_seq=47 ttl=64 time=50.0 ms
64 bytes from 10.0.0.7: icmp_seq=48 ttl=64 time=46.9 ms
64 bytes from 10.0.0.7: icmp_seq=49 ttl=64 time=48.0 ms
64 bytes from 10.0.0.7: icmp_seq=50 ttl=64 time=51.5 ms

--- 10.0.0.7 ping statistics ---
50 packets transmitted, 50 received, 0% packet loss, time 49070ms
rtt min/avg/max/mdev = 33.992/47.875/79.096/7.662 ms

--- Ping Test 7 Results ---
PING 10.0.0.19 (10.0.0.19) 56(84) bytes of data.
64 bytes from 10.0.0.19: icmp_seq=1 ttl=64 time=135 ms
64 bytes from 10.0.0.19: icmp_seq=2 ttl=64 time=67.0 ms
64 bytes from 10.0.0.19: icmp_seq=3 ttl=64 time=65.2 ms
64 bytes from 10.0.0.19: icmp_seq=4 ttl=64 time=64.4 ms
64 bytes from 10.0.0.19: icmp_seq=5 ttl=64 time=79.4 ms

--- 10.0.0.19 ping statistics ---
5 packets transmitted, 5 received, 0% packet loss, time 4005ms
rtt min/avg/max/mdev = 64.493/82.399/135.808/27.249 ms

--- Ping Test 8 Results ---
PING 10.0.0.19 (10.0.0.19) 56(84) bytes of data.
64 bytes from 10.0.0.19: icmp_seq=1 ttl=64 time=62.0 ms
64 bytes from 10.0.0.19: icmp_seq=2 ttl=64 time=59.3 ms
64 bytes from 10.0.0.19: icmp_seq=3 ttl=64 time=71.1 ms
64 bytes from 10.0.0.19: icmp_seq=4 ttl=64 time=71.7 ms
64 bytes from 10.0.0.19: icmp_seq=5 ttl=64 time=70.4 ms
64 bytes from 10.0.0.19: icmp_seq=6 ttl=64 time=71.3 ms
64 bytes from 10.0.0.19: icmp_seq=7 ttl=64 time=68.9 ms
64 bytes from 10.0.0.19: icmp_seq=8 ttl=64 time=69.6 ms
64 bytes from 10.0.0.19: icmp_seq=9 ttl=64 time=71.0 ms
64 bytes from 10.0.0.19: icmp_seq=10 ttl=64 time=77.0 ms
64 bytes from 10.0.0.19: icmp_seq=11 ttl=64 time=88.5 ms
64 bytes from 10.0.0.19: icmp_seq=12 ttl=64 time=62.4 ms
64 bytes from 10.0.0.19: icmp_seq=13 ttl=64 time=73.5 ms
64 bytes from 10.0.0.19: icmp_seq=14 ttl=64 time=64.0 ms
64 bytes from 10.0.0.19: icmp_seq=15 ttl=64 time=72.0 ms
64 bytes from 10.0.0.19: icmp_seq=16 ttl=64 time=69.4 ms
64 bytes from 10.0.0.19: icmp_seq=17 ttl=64 time=76.9 ms
64 bytes from 10.0.0.19: icmp_seq=18 ttl=64 time=74.7 ms
64 bytes from 10.0.0.19: icmp_seq=19 ttl=64 time=67.2 ms
64 bytes from 10.0.0.19: icmp_seq=20 ttl=64 time=70.4 ms
64 bytes from 10.0.0.19: icmp_seq=21 ttl=64 time=63.3 ms
64 bytes from 10.0.0.19: icmp_seq=22 ttl=64 time=64.2 ms
64 bytes from 10.0.0.19: icmp_seq=23 ttl=64 time=74.5 ms
64 bytes from 10.0.0.19: icmp_seq=24 ttl=64 time=74.5 ms
64 bytes from 10.0.0.19: icmp_seq=25 ttl=64 time=99.2 ms
64 bytes from 10.0.0.19: icmp_seq=26 ttl=64 time=73.6 ms
64 bytes from 10.0.0.19: icmp_seq=27 ttl=64 time=76.0 ms
64 bytes from 10.0.0.19: icmp_seq=28 ttl=64 time=64.8 ms
64 bytes from 10.0.0.19: icmp_seq=29 ttl=64 time=77.0 ms
64 bytes from 10.0.0.19: icmp_seq=30 ttl=64 time=107 ms
64 bytes from 10.0.0.19: icmp_seq=31 ttl=64 time=76.9 ms
64 bytes from 10.0.0.19: icmp_seq=32 ttl=64 time=66.4 ms
64 bytes from 10.0.0.19: icmp_seq=33 ttl=64 time=85.0 ms
64 bytes from 10.0.0.19: icmp_seq=34 ttl=64 time=60.3 ms
64 bytes from 10.0.0.19: icmp_seq=35 ttl=64 time=68.2 ms
64 bytes from 10.0.0.19: icmp_seq=36 ttl=64 time=68.1 ms
64 bytes from 10.0.0.19: icmp_seq=37 ttl=64 time=71.2 ms
64 bytes from 10.0.0.19: icmp_seq=38 ttl=64 time=73.2 ms
64 bytes from 10.0.0.19: icmp_seq=39 ttl=64 time=76.6 ms
64 bytes from 10.0.0.19: icmp_seq=40 ttl=64 time=69.6 ms
64 bytes from 10.0.0.19: icmp_seq=41 ttl=64 time=77.0 ms
64 bytes from 10.0.0.19: icmp_seq=42 ttl=64 time=83.1 ms
64 bytes from 10.0.0.19: icmp_seq=43 ttl=64 time=69.0 ms
64 bytes from 10.0.0.19: icmp_seq=44 ttl=64 time=74.6 ms
64 bytes from 10.0.0.19: icmp_seq=45 ttl=64 time=70.7 ms
64 bytes from 10.0.0.19: icmp_seq=46 ttl=64 time=66.5 ms
64 bytes from 10.0.0.19: icmp_seq=47 ttl=64 time=63.9 ms
64 bytes from 10.0.0.19: icmp_seq=48 ttl=64 time=66.0 ms
64 bytes from 10.0.0.19: icmp_seq=49 ttl=64 time=63.7 ms
64 bytes from 10.0.0.19: icmp_seq=50 ttl=64 time=70.8 ms

--- 10.0.0.19 ping statistics ---
50 packets transmitted, 50 received, 0% packet loss, time 49028ms
rtt min/avg/max/mdev = 59.340/72.182/107.408/8.750 ms

--- Ping Test 9 Results ---
PING 10.0.0.37 (10.0.0.37) 56(84) bytes of data.
64 bytes from 10.0.0.37: icmp_seq=1 ttl=64 time=129 ms
64 bytes from 10.0.0.37: icmp_seq=2 ttl=64 time=63.4 ms
64 bytes from 10.0.0.37: icmp_seq=3 ttl=64 time=73.8 ms
64 bytes from 10.0.0.37: icmp_seq=4 ttl=64 time=74.0 ms
64 bytes from 10.0.0.37: icmp_seq=5 ttl=64 time=74.5 ms

--- 10.0.0.37 ping statistics ---
5 packets transmitted, 5 received, 0% packet loss, time 4006ms
rtt min/avg/max/mdev = 63.447/83.104/129.610/23.621 ms

--- Ping Test 10 Results ---
PING 10.0.0.37 (10.0.0.37) 56(84) bytes of data.
64 bytes from 10.0.0.37: icmp_seq=1 ttl=64 time=78.5 ms
64 bytes from 10.0.0.37: icmp_seq=2 ttl=64 time=64.0 ms
64 bytes from 10.0.0.37: icmp_seq=3 ttl=64 time=70.0 ms
64 bytes from 10.0.0.37: icmp_seq=4 ttl=64 time=68.8 ms
64 bytes from 10.0.0.37: icmp_seq=5 ttl=64 time=72.8 ms
64 bytes from 10.0.0.37: icmp_seq=6 ttl=64 time=71.0 ms
64 bytes from 10.0.0.37: icmp_seq=7 ttl=64 time=78.8 ms
64 bytes from 10.0.0.37: icmp_seq=8 ttl=64 time=73.6 ms
64 bytes from 10.0.0.37: icmp_seq=9 ttl=64 time=81.1 ms
64 bytes from 10.0.0.37: icmp_seq=10 ttl=64 time=74.8 ms
64 bytes from 10.0.0.37: icmp_seq=11 ttl=64 time=65.6 ms
64 bytes from 10.0.0.37: icmp_seq=12 ttl=64 time=70.8 ms
64 bytes from 10.0.0.37: icmp_seq=13 ttl=64 time=65.4 ms
64 bytes from 10.0.0.37: icmp_seq=14 ttl=64 time=76.2 ms
64 bytes from 10.0.0.37: icmp_seq=15 ttl=64 time=74.3 ms
64 bytes from 10.0.0.37: icmp_seq=16 ttl=64 time=72.8 ms
64 bytes from 10.0.0.37: icmp_seq=17 ttl=64 time=69.9 ms
64 bytes from 10.0.0.37: icmp_seq=18 ttl=64 time=69.1 ms
64 bytes from 10.0.0.37: icmp_seq=19 ttl=64 time=81.6 ms
64 bytes from 10.0.0.37: icmp_seq=20 ttl=64 time=68.8 ms
64 bytes from 10.0.0.37: icmp_seq=21 ttl=64 time=84.3 ms
64 bytes from 10.0.0.37: icmp_seq=22 ttl=64 time=66.8 ms
64 bytes from 10.0.0.37: icmp_seq=23 ttl=64 time=74.4 ms
64 bytes from 10.0.0.37: icmp_seq=24 ttl=64 time=73.5 ms
64 bytes from 10.0.0.37: icmp_seq=25 ttl=64 time=66.3 ms
64 bytes from 10.0.0.37: icmp_seq=26 ttl=64 time=73.0 ms
64 bytes from 10.0.0.37: icmp_seq=27 ttl=64 time=81.3 ms
64 bytes from 10.0.0.37: icmp_seq=28 ttl=64 time=66.3 ms
64 bytes from 10.0.0.37: icmp_seq=29 ttl=64 time=67.8 ms
64 bytes from 10.0.0.37: icmp_seq=30 ttl=64 time=73.3 ms
64 bytes from 10.0.0.37: icmp_seq=31 ttl=64 time=80.8 ms
64 bytes from 10.0.0.37: icmp_seq=32 ttl=64 time=67.4 ms
64 bytes from 10.0.0.37: icmp_seq=33 ttl=64 time=71.0 ms
64 bytes from 10.0.0.37: icmp_seq=34 ttl=64 time=59.2 ms
64 bytes from 10.0.0.37: icmp_seq=35 ttl=64 time=64.1 ms
64 bytes from 10.0.0.37: icmp_seq=36 ttl=64 time=56.3 ms
64 bytes from 10.0.0.37: icmp_seq=37 ttl=64 time=69.7 ms
64 bytes from 10.0.0.37: icmp_seq=38 ttl=64 time=69.5 ms
64 bytes from 10.0.0.37: icmp_seq=39 ttl=64 time=69.1 ms
64 bytes from 10.0.0.37: icmp_seq=40 ttl=64 time=68.3 ms
64 bytes from 10.0.0.37: icmp_seq=41 ttl=64 time=69.9 ms
64 bytes from 10.0.0.37: icmp_seq=42 ttl=64 time=56.5 ms
64 bytes from 10.0.0.37: icmp_seq=43 ttl=64 time=65.7 ms
64 bytes from 10.0.0.37: icmp_seq=44 ttl=64 time=82.7 ms
64 bytes from 10.0.0.37: icmp_seq=45 ttl=64 time=74.6 ms
64 bytes from 10.0.0.37: icmp_seq=46 ttl=64 time=65.3 ms
64 bytes from 10.0.0.37: icmp_seq=47 ttl=64 time=63.8 ms
64 bytes from 10.0.0.37: icmp_seq=48 ttl=64 time=67.0 ms
64 bytes from 10.0.0.37: icmp_seq=49 ttl=64 time=72.8 ms
64 bytes from 10.0.0.37: icmp_seq=50 ttl=64 time=79.6 ms

--- 10.0.0.37 ping statistics ---
50 packets transmitted, 50 received, 0% packet loss, time 49072ms
rtt min/avg/max/mdev = 56.382/71.017/84.388/6.319 ms
