
--- TCP Test 0: h1 sending to h2 ---
iperf 3.10.1
Linux cs490clc1.cs.purdue.edu 4.15.0-118-generic #119-Ubuntu SMP Tue Sep 8 12:30:01 UTC 2020 x86_64
Control connection MSS 1448
Time: Fri, 22 Oct 2021 19:05:45 GMT
Connecting to host 10.0.0.2, port 5250
      Cookie: vphf4ywunccxiuhblr2gxlht7ep4ipsckwlk
      TCP MSS: 9216
[  5] local 10.0.0.1 port 33444 connected to 10.0.0.2 port 5250
Starting Test: protocol: TCP, 1 streams, 131072 byte blocks, omitting 0 seconds, 10 second test, tos 0
[ ID] Interval           Transfer     Bitrate         Retr  Cwnd
[  5]   0.00-1.00   sec   279 MBytes  2.34 Gbits/sec   32   4.21 MBytes       
[  5]   1.00-2.00   sec   115 MBytes   965 Mbits/sec    0   4.23 MBytes       
[  5]   2.00-3.00   sec   114 MBytes   954 Mbits/sec    0   4.25 MBytes       
[  5]   3.00-4.00   sec   114 MBytes   954 Mbits/sec    0   4.27 MBytes       
[  5]   4.00-5.00   sec   114 MBytes   954 Mbits/sec    0   4.28 MBytes       
[  5]   5.00-6.00   sec   114 MBytes   954 Mbits/sec    0   4.30 MBytes       
[  5]   6.00-7.00   sec   111 MBytes   933 Mbits/sec   45   4.33 MBytes       
[  5]   7.00-8.00   sec   115 MBytes   965 Mbits/sec    0   4.35 MBytes       
[  5]   8.00-9.00   sec   114 MBytes   954 Mbits/sec    0   4.37 MBytes       
[  5]   9.00-10.00  sec   114 MBytes   954 Mbits/sec    0   4.39 MBytes       
- - - - - - - - - - - - - - - - - - - - - - - - -
Test Complete. Summary Results:
[ ID] Interval           Transfer     Bitrate         Retr
[  5]   0.00-10.00  sec  1.27 GBytes  1.09 Gbits/sec   77             sender
[  5]   0.00-10.04  sec  1.11 GBytes   952 Mbits/sec                  receiver
CPU Utilization: local/sender 4.0% (0.1%u/3.9%s), remote/receiver 5.7% (0.5%u/5.2%s)
snd_tcp_congestion cubic
rcv_tcp_congestion cubic

iperf Done.

--- TCP Test 1: h1 sending to h4 ---
iperf 3.10.1
Linux cs490clc1.cs.purdue.edu 4.15.0-118-generic #119-Ubuntu SMP Tue Sep 8 12:30:01 UTC 2020 x86_64
Control connection MSS 1448
Time: Fri, 22 Oct 2021 19:06:01 GMT
Connecting to host 10.0.0.4, port 5250
      Cookie: afvvljqemzefarrx2shkytnxgznarhvidhow
      TCP MSS: 9216
[  5] local 10.0.0.1 port 45150 connected to 10.0.0.4 port 5250
Starting Test: protocol: TCP, 1 streams, 131072 byte blocks, omitting 0 seconds, 10 second test, tos 0
[ ID] Interval           Transfer     Bitrate         Retr  Cwnd
[  5]   0.00-1.00   sec   276 MBytes  2.32 Gbits/sec    0   6.74 MBytes       
[  5]   1.00-2.00   sec   114 MBytes   954 Mbits/sec    0   12.4 MBytes       
[  5]   2.00-3.00   sec   114 MBytes   954 Mbits/sec    0   18.1 MBytes       
[  5]   3.00-4.00   sec   115 MBytes   965 Mbits/sec    0   23.8 MBytes       
[  5]   4.00-5.00   sec   114 MBytes   954 Mbits/sec    0   29.5 MBytes       
[  5]   5.00-6.00   sec   114 MBytes   954 Mbits/sec    0   35.2 MBytes       
[  5]   6.00-7.00   sec   114 MBytes   954 Mbits/sec    0   40.9 MBytes       
[  5]   7.00-8.00   sec   114 MBytes   954 Mbits/sec    0   46.6 MBytes       
[  5]   8.00-9.00   sec   115 MBytes   965 Mbits/sec    0   52.3 MBytes       
[  5]   9.00-10.00  sec   114 MBytes   954 Mbits/sec    0   58.0 MBytes       
- - - - - - - - - - - - - - - - - - - - - - - - -
Test Complete. Summary Results:
[ ID] Interval           Transfer     Bitrate         Retr
[  5]   0.00-10.00  sec  1.27 GBytes  1.09 Gbits/sec    0             sender
[  5]   0.00-10.51  sec  1.16 GBytes   952 Mbits/sec                  receiver
CPU Utilization: local/sender 4.4% (0.1%u/4.3%s), remote/receiver 6.4% (0.3%u/6.1%s)
snd_tcp_congestion cubic
rcv_tcp_congestion cubic

iperf Done.

--- TCP Test 2: h1 sending to h7 ---
iperf 3.10.1
Linux cs490clc1.cs.purdue.edu 4.15.0-118-generic #119-Ubuntu SMP Tue Sep 8 12:30:01 UTC 2020 x86_64
Control connection MSS 1448
Time: Fri, 22 Oct 2021 19:06:17 GMT
Connecting to host 10.0.0.7, port 5250
      Cookie: psvdzlg3zsn3xqplf62nbuikz6nhwvlrt6jx
      TCP MSS: 9216
[  5] local 10.0.0.1 port 48994 connected to 10.0.0.7 port 5250
Starting Test: protocol: TCP, 1 streams, 131072 byte blocks, omitting 0 seconds, 10 second test, tos 0
[ ID] Interval           Transfer     Bitrate         Retr  Cwnd
[  5]   0.00-1.00   sec   272 MBytes  2.29 Gbits/sec   44   2.68 MBytes       
[  5]   1.00-2.00   sec   114 MBytes   954 Mbits/sec    0   2.71 MBytes       
[  5]   2.00-3.00   sec   114 MBytes   954 Mbits/sec    0   2.74 MBytes       
[  5]   3.00-4.00   sec   114 MBytes   954 Mbits/sec    0   2.77 MBytes       
[  5]   4.00-5.00   sec   114 MBytes   954 Mbits/sec    0   2.80 MBytes       
[  5]   5.00-6.00   sec   115 MBytes   965 Mbits/sec    0   2.83 MBytes       
[  5]   6.00-7.00   sec   114 MBytes   954 Mbits/sec    0   2.86 MBytes       
[  5]   7.00-8.00   sec   114 MBytes   954 Mbits/sec    0   2.90 MBytes       
[  5]   8.00-9.00   sec   114 MBytes   954 Mbits/sec    0   3.01 MBytes       
[  5]   9.00-10.00  sec   114 MBytes   954 Mbits/sec    0   3.15 MBytes       
- - - - - - - - - - - - - - - - - - - - - - - - -
Test Complete. Summary Results:
[ ID] Interval           Transfer     Bitrate         Retr
[  5]   0.00-10.00  sec  1.27 GBytes  1.09 Gbits/sec   44             sender
[  5]   0.00-10.03  sec  1.11 GBytes   948 Mbits/sec                  receiver
CPU Utilization: local/sender 4.6% (0.0%u/4.6%s), remote/receiver 5.9% (0.2%u/5.6%s)
snd_tcp_congestion cubic
rcv_tcp_congestion cubic

iperf Done.

--- TCP Test 3: h1 sending to h19 ---
iperf 3.10.1
Linux cs490clc1.cs.purdue.edu 4.15.0-118-generic #119-Ubuntu SMP Tue Sep 8 12:30:01 UTC 2020 x86_64
Control connection MSS 1448
Time: Fri, 22 Oct 2021 19:06:33 GMT
Connecting to host 10.0.0.19, port 5250
      Cookie: wynebnpta2mkmabz6wf2fmfgnzdbzellbudt
      TCP MSS: 9216
[  5] local 10.0.0.1 port 37008 connected to 10.0.0.19 port 5250
Starting Test: protocol: TCP, 1 streams, 131072 byte blocks, omitting 0 seconds, 10 second test, tos 0
[ ID] Interval           Transfer     Bitrate         Retr  Cwnd
[  5]   0.00-1.00   sec   165 MBytes  1.38 Gbits/sec    0    226 KBytes       
[  5]   1.00-2.00   sec  6.25 MBytes  52.5 Mbits/sec    0   7.07 MBytes       
[  5]   2.00-3.00   sec  66.2 MBytes   556 Mbits/sec    0   49.8 MBytes       
[  5]   3.00-4.00   sec   116 MBytes   975 Mbits/sec    0   39.4 MBytes       
[  5]   4.00-5.00   sec   114 MBytes   954 Mbits/sec    0   40.8 MBytes       
[  5]   5.00-6.00   sec   114 MBytes   954 Mbits/sec    0   42.2 MBytes       
[  5]   6.00-7.00   sec   114 MBytes   954 Mbits/sec    0   43.5 MBytes       
[  5]   7.00-8.00   sec   115 MBytes   965 Mbits/sec    0   44.7 MBytes       
[  5]   8.00-9.00   sec   114 MBytes   954 Mbits/sec    0   45.8 MBytes       
[  5]   9.00-10.00  sec   114 MBytes   954 Mbits/sec    0   46.8 MBytes       
- - - - - - - - - - - - - - - - - - - - - - - - -
Test Complete. Summary Results:
[ ID] Interval           Transfer     Bitrate         Retr
[  5]   0.00-10.00  sec  1.01 GBytes   870 Mbits/sec    0             sender
[  5]   0.00-10.41  sec   916 MBytes   738 Mbits/sec                  receiver
CPU Utilization: local/sender 5.6% (0.3%u/5.3%s), remote/receiver 5.2% (0.3%u/4.9%s)
snd_tcp_congestion cubic
rcv_tcp_congestion cubic

iperf Done.
