iperf 3.10.1
Linux cs490clc1.cs.purdue.edu 4.15.0-118-generic #119-Ubuntu SMP Tue Sep 8 12:30:01 UTC 2020 x86_64
-----------------------------------------------------------
Server listening on 5250 (test #1)
-----------------------------------------------------------
Time: Mon, 15 Nov 2021 18:03:28 GMT
Accepted connection from 10.0.0.25, port 36100
      Cookie: bnyspcqftrfh3mxdxvhcnkaqbe6cf3o4ujnj
      TCP MSS: 9216
[  6] local 10.0.0.4 port 5250 connected to 10.0.0.25 port 36108
Starting Test: protocol: TCP, 1 streams, 131072 byte blocks, omitting 0 seconds, 10 second test, tos 0
[ ID] Interval           Transfer     Bitrate
[  6]   0.00-1.00   sec  3.52 MBytes  29.5 Mbits/sec                  
[  6]   1.00-2.00   sec  58.5 MBytes   491 Mbits/sec                  
[  6]   2.00-3.00   sec  66.4 MBytes   557 Mbits/sec                  
[  6]   3.00-4.00   sec  66.5 MBytes   558 Mbits/sec                  
[  6]   4.00-5.00   sec  65.7 MBytes   551 Mbits/sec                  
[  6]   5.00-6.00   sec  65.3 MBytes   548 Mbits/sec                  
[  6]   6.00-7.00   sec  65.7 MBytes   552 Mbits/sec                  
[  6]   7.00-8.00   sec  66.2 MBytes   556 Mbits/sec                  
[  6]   8.00-9.00   sec  65.9 MBytes   553 Mbits/sec                  
[  6]   9.00-10.00  sec  65.7 MBytes   552 Mbits/sec                  
[  6]  10.00-10.12  sec  7.64 MBytes   528 Mbits/sec                  
- - - - - - - - - - - - - - - - - - - - - - - - -
Test Complete. Summary Results:
[ ID] Interval           Transfer     Bitrate
[  6] (sender statistics not available)
[  6]   0.00-10.12  sec   597 MBytes   495 Mbits/sec                  receiver
rcv_tcp_congestion cubic
iperf3: interrupt - the server has terminated
