iperf 3.10.1
Linux cs490clc1.cs.purdue.edu 4.15.0-118-generic #119-Ubuntu SMP Tue Sep 8 12:30:01 UTC 2020 x86_64
-----------------------------------------------------------
Server listening on 5250 (test #1)
-----------------------------------------------------------
Time: Sun, 14 Nov 2021 20:07:55 GMT
Accepted connection from 10.0.0.24, port 56728
      Cookie: sy4a56q7pcarvtr22nbvaebgloarumiovknx
      TCP MSS: 9216
[  6] local 10.0.0.3 port 5250 connected to 10.0.0.24 port 56748
Starting Test: protocol: TCP, 1 streams, 131072 byte blocks, omitting 0 seconds, 10 second test, tos 0
[ ID] Interval           Transfer     Bitrate
[  6]   0.00-1.00   sec  3.52 MBytes  29.5 Mbits/sec                  
[  6]   1.00-2.00   sec  16.4 MBytes   138 Mbits/sec                  
[  6]   2.00-3.00   sec  16.9 MBytes   142 Mbits/sec                  
[  6]   3.00-4.00   sec  15.1 MBytes   127 Mbits/sec                  
[  6]   4.00-5.00   sec  17.0 MBytes   143 Mbits/sec                  
[  6]   5.00-6.00   sec  16.6 MBytes   139 Mbits/sec                  
[  6]   6.00-7.00   sec  16.2 MBytes   136 Mbits/sec                  
[  6]   7.00-8.00   sec  17.8 MBytes   150 Mbits/sec                  
[  6]   8.00-9.00   sec  16.5 MBytes   138 Mbits/sec                  
[  6]   9.00-10.00  sec  19.2 MBytes   161 Mbits/sec                  
[  6]  10.00-10.12  sec  2.20 MBytes   157 Mbits/sec                  
- - - - - - - - - - - - - - - - - - - - - - - - -
Test Complete. Summary Results:
[ ID] Interval           Transfer     Bitrate
[  6] (sender statistics not available)
[  6]   0.00-10.12  sec   158 MBytes   131 Mbits/sec                  receiver
rcv_tcp_congestion cubic
iperf3: interrupt - the server has terminated
