
--- TCP Test 0: h1 sending to h2 ---
iperf 3.9
Linux cs490clc1.cs.purdue.edu 4.15.0-118-generic #119-Ubuntu SMP Tue Sep 8 12:30:01 UTC 2020 x86_64
Control connection MSS 1448
Time: Tue, 05 Oct 2021 04:41:23 GMT
Connecting to host 10.0.0.2, port 5250
      Cookie: mrs7t3raha75l6e5ytduyhd5jud626rqjybg
      TCP MSS: 9216
[  5] local 10.0.0.1 port 33808 connected to 10.0.0.2 port 5250
[  7] local 10.0.0.1 port 33810 connected to 10.0.0.2 port 5250
Starting Test: protocol: TCP, 1 streams, 1024000 byte blocks, omitting 0 seconds, 10 second test, tos 0
[ ID][Role] Interval           Transfer     Bitrate         Retr  Cwnd
[  5][TX-C]   0.00-1.00   sec  90.5 MBytes   759 Mbits/sec    0   1.43 MBytes       
[  7][RX-C]   0.00-1.00   sec  85.3 MBytes   716 Mbits/sec                  
[  5][TX-C]   1.00-2.00   sec  89.7 MBytes   753 Mbits/sec    0   1.43 MBytes       
[  7][RX-C]   1.00-2.00   sec  89.9 MBytes   754 Mbits/sec                  
[  5][TX-C]   2.00-3.00   sec  92.6 MBytes   777 Mbits/sec    0   1.43 MBytes       
[  7][RX-C]   2.00-3.00   sec  92.7 MBytes   778 Mbits/sec                  
[  5][TX-C]   3.00-4.00   sec  89.9 MBytes   754 Mbits/sec    0   1.43 MBytes       
[  7][RX-C]   3.00-4.00   sec  90.2 MBytes   756 Mbits/sec                  
[  5][TX-C]   4.00-5.00   sec  91.9 MBytes   771 Mbits/sec    0   1.43 MBytes       
[  7][RX-C]   4.00-5.00   sec  91.4 MBytes   767 Mbits/sec                  
[  5][TX-C]   5.00-6.00   sec  94.9 MBytes   796 Mbits/sec    0   1.43 MBytes       
[  7][RX-C]   5.00-6.00   sec  95.4 MBytes   801 Mbits/sec                  
[  5][TX-C]   6.00-7.00   sec  93.2 MBytes   782 Mbits/sec    0   1.43 MBytes       
[  7][RX-C]   6.00-7.00   sec  93.0 MBytes   780 Mbits/sec                  
[  5][TX-C]   7.00-8.00   sec  92.9 MBytes   779 Mbits/sec    1   1.43 MBytes       
[  7][RX-C]   7.00-8.00   sec  93.1 MBytes   781 Mbits/sec                  
[  5][TX-C]   8.00-9.00   sec  90.7 MBytes   761 Mbits/sec    0   1.43 MBytes       
[  7][RX-C]   8.00-9.00   sec  90.4 MBytes   758 Mbits/sec                  
[  5][TX-C]   9.00-10.00  sec  90.0 MBytes   755 Mbits/sec    0   1.43 MBytes       
[  7][RX-C]   9.00-10.00  sec  89.9 MBytes   754 Mbits/sec                  
- - - - - - - - - - - - - - - - - - - - - - - - -
Test Complete. Summary Results:
[ ID][Role] Interval           Transfer     Bitrate         Retr
[  5][TX-C]   0.00-10.00  sec   916 MBytes   769 Mbits/sec    1             sender
[  5][TX-C]   0.00-10.01  sec   915 MBytes   767 Mbits/sec                  receiver
CPU Utilization: local/sender 9.6% (0.3%u/9.3%s), remote/receiver 9.9% (0.2%u/9.7%s)
CPU Utilization: local/receiver 9.6% (0.3%u/9.3%s), remote/sender 9.9% (0.2%u/9.7%s)
snd_tcp_congestion cubic
rcv_tcp_congestion cubic
[  7][RX-C]   0.00-10.00  sec   913 MBytes   766 Mbits/sec   45             sender
[  7][RX-C]   0.00-10.01  sec   911 MBytes   764 Mbits/sec                  receiver
snd_tcp_congestion cubic
rcv_tcp_congestion cubic

iperf Done.

--- TCP Test 1: h1 sending to h4 ---
iperf 3.9
Linux cs490clc1.cs.purdue.edu 4.15.0-118-generic #119-Ubuntu SMP Tue Sep 8 12:30:01 UTC 2020 x86_64
Control connection MSS 1448
Time: Tue, 05 Oct 2021 04:41:44 GMT
Connecting to host 10.0.0.4, port 5250
      Cookie: bynmtb5f2mghxjfoxy3fi2novvize6mrxibr
      TCP MSS: 9216
[  5] local 10.0.0.1 port 45612 connected to 10.0.0.4 port 5250
[  7] local 10.0.0.1 port 45614 connected to 10.0.0.4 port 5250
Starting Test: protocol: TCP, 1 streams, 1024000 byte blocks, omitting 0 seconds, 10 second test, tos 0
[ ID][Role] Interval           Transfer     Bitrate         Retr  Cwnd
[  5][TX-C]   0.00-1.00   sec  74.1 MBytes   622 Mbits/sec    4   1.70 MBytes       
[  7][RX-C]   0.00-1.00   sec  73.2 MBytes   614 Mbits/sec                  
[  5][TX-C]   1.00-2.00   sec  77.9 MBytes   653 Mbits/sec    0   1.70 MBytes       
[  7][RX-C]   1.00-2.00   sec  78.3 MBytes   657 Mbits/sec                  
[  5][TX-C]   2.00-3.00   sec  79.5 MBytes   667 Mbits/sec    0   1.70 MBytes       
[  7][RX-C]   2.00-3.00   sec  79.6 MBytes   667 Mbits/sec                  
[  5][TX-C]   3.00-4.00   sec  77.6 MBytes   651 Mbits/sec    0   1.70 MBytes       
[  7][RX-C]   3.00-4.00   sec  77.8 MBytes   653 Mbits/sec                  
[  5][TX-C]   4.00-5.00   sec  76.7 MBytes   643 Mbits/sec    0   1.70 MBytes       
[  7][RX-C]   4.00-5.00   sec  76.0 MBytes   637 Mbits/sec                  
[  5][TX-C]   5.00-6.00   sec  75.5 MBytes   633 Mbits/sec    0   1.70 MBytes       
[  7][RX-C]   5.00-6.00   sec  76.3 MBytes   640 Mbits/sec                  
[  5][TX-C]   6.00-7.00   sec  77.0 MBytes   646 Mbits/sec    0   1.70 MBytes       
[  7][RX-C]   6.00-7.00   sec  76.2 MBytes   639 Mbits/sec                  
[  5][TX-C]   7.00-8.00   sec  75.7 MBytes   635 Mbits/sec    0   1.70 MBytes       
[  7][RX-C]   7.00-8.00   sec  75.8 MBytes   636 Mbits/sec                  
[  5][TX-C]   8.00-9.00   sec  74.7 MBytes   627 Mbits/sec    0   1.70 MBytes       
[  7][RX-C]   8.00-9.00   sec  75.1 MBytes   630 Mbits/sec                  
[  5][TX-C]   9.00-10.00  sec  75.6 MBytes   634 Mbits/sec    0   1.70 MBytes       
[  7][RX-C]   9.00-10.00  sec  76.0 MBytes   637 Mbits/sec                  
- - - - - - - - - - - - - - - - - - - - - - - - -
Test Complete. Summary Results:
[ ID][Role] Interval           Transfer     Bitrate         Retr
[  5][TX-C]   0.00-10.00  sec   764 MBytes   641 Mbits/sec    4             sender
[  5][TX-C]   0.00-10.01  sec   764 MBytes   640 Mbits/sec                  receiver
CPU Utilization: local/sender 9.7% (0.6%u/9.1%s), remote/receiver 9.7% (0.4%u/9.3%s)
CPU Utilization: local/receiver 9.7% (0.6%u/9.1%s), remote/sender 9.7% (0.4%u/9.3%s)
snd_tcp_congestion cubic
rcv_tcp_congestion cubic
[  7][RX-C]   0.00-10.00  sec   766 MBytes   642 Mbits/sec    1             sender
[  7][RX-C]   0.00-10.01  sec   764 MBytes   640 Mbits/sec                  receiver
snd_tcp_congestion cubic
rcv_tcp_congestion cubic

iperf Done.

--- TCP Test 2: h1 sending to h7 ---
iperf 3.9
Linux cs490clc1.cs.purdue.edu 4.15.0-118-generic #119-Ubuntu SMP Tue Sep 8 12:30:01 UTC 2020 x86_64
Control connection MSS 1448
Time: Tue, 05 Oct 2021 04:42:05 GMT
Connecting to host 10.0.0.7, port 5250
      Cookie: ijkawc2c6ln4uad66lyai7fp3c7jmroigymp
      TCP MSS: 9216
[  5] local 10.0.0.1 port 49554 connected to 10.0.0.7 port 5250
[  7] local 10.0.0.1 port 49556 connected to 10.0.0.7 port 5250
Starting Test: protocol: TCP, 1 streams, 1024000 byte blocks, omitting 0 seconds, 10 second test, tos 0
[ ID][Role] Interval           Transfer     Bitrate         Retr  Cwnd
[  5][TX-C]   0.00-1.00   sec  57.9 MBytes   486 Mbits/sec    0   1.36 MBytes       
[  7][RX-C]   0.00-1.00   sec  58.2 MBytes   488 Mbits/sec                  
[  5][TX-C]   1.00-2.00   sec  63.8 MBytes   536 Mbits/sec    0   1.36 MBytes       
[  7][RX-C]   1.00-2.00   sec  63.1 MBytes   529 Mbits/sec                  
[  5][TX-C]   2.00-3.00   sec  63.4 MBytes   532 Mbits/sec    0   1.36 MBytes       
[  7][RX-C]   2.00-3.00   sec  63.4 MBytes   532 Mbits/sec                  
[  5][TX-C]   3.00-4.00   sec  64.0 MBytes   537 Mbits/sec    0   1.36 MBytes       
[  7][RX-C]   3.00-4.00   sec  64.4 MBytes   540 Mbits/sec                  
[  5][TX-C]   4.00-5.00   sec  65.6 MBytes   551 Mbits/sec    0   1.36 MBytes       
[  7][RX-C]   4.00-5.00   sec  65.6 MBytes   551 Mbits/sec                  
[  5][TX-C]   5.00-6.00   sec  66.5 MBytes   558 Mbits/sec    0   1.36 MBytes       
[  7][RX-C]   5.00-6.00   sec  65.1 MBytes   546 Mbits/sec                  
[  5][TX-C]   6.00-7.00   sec  66.7 MBytes   559 Mbits/sec    0   1.36 MBytes       
[  7][RX-C]   6.00-7.00   sec  67.0 MBytes   562 Mbits/sec                  
[  5][TX-C]   7.00-8.00   sec  65.9 MBytes   553 Mbits/sec    0   1.36 MBytes       
[  7][RX-C]   7.00-8.00   sec  66.1 MBytes   554 Mbits/sec                  
[  5][TX-C]   8.00-9.00   sec  65.8 MBytes   552 Mbits/sec    0   1.36 MBytes       
[  7][RX-C]   8.00-9.00   sec  66.3 MBytes   556 Mbits/sec                  
[  5][TX-C]   9.00-10.00  sec  67.1 MBytes   563 Mbits/sec    0   1.36 MBytes       
[  7][RX-C]   9.00-10.00  sec  67.1 MBytes   562 Mbits/sec                  
- - - - - - - - - - - - - - - - - - - - - - - - -
Test Complete. Summary Results:
[ ID][Role] Interval           Transfer     Bitrate         Retr
[  5][TX-C]   0.00-10.00  sec   647 MBytes   543 Mbits/sec    0             sender
[  5][TX-C]   0.00-10.01  sec   646 MBytes   541 Mbits/sec                  receiver
CPU Utilization: local/sender 8.3% (0.7%u/7.5%s), remote/receiver 8.3% (0.3%u/8.0%s)
CPU Utilization: local/receiver 8.3% (0.7%u/7.5%s), remote/sender 8.3% (0.3%u/8.0%s)
snd_tcp_congestion cubic
rcv_tcp_congestion cubic
[  7][RX-C]   0.00-10.00  sec   648 MBytes   544 Mbits/sec   45             sender
[  7][RX-C]   0.00-10.01  sec   646 MBytes   541 Mbits/sec                  receiver
snd_tcp_congestion cubic
rcv_tcp_congestion cubic

iperf Done.

--- TCP Test 3: h1 sending to h19 ---
iperf 3.9
Linux cs490clc1.cs.purdue.edu 4.15.0-118-generic #119-Ubuntu SMP Tue Sep 8 12:30:01 UTC 2020 x86_64
Control connection MSS 1448
Time: Tue, 05 Oct 2021 04:42:26 GMT
Connecting to host 10.0.0.19, port 5250
      Cookie: miopdds55dc26estxks3wn2cchmg2cm2fjxj
      TCP MSS: 9216
[  5] local 10.0.0.1 port 37666 connected to 10.0.0.19 port 5250
[  7] local 10.0.0.1 port 37668 connected to 10.0.0.19 port 5250
Starting Test: protocol: TCP, 1 streams, 1024000 byte blocks, omitting 0 seconds, 10 second test, tos 0
[ ID][Role] Interval           Transfer     Bitrate         Retr  Cwnd
[  5][TX-C]   0.00-1.00   sec  7.55 MBytes  63.3 Mbits/sec   10    393 KBytes       
[  7][RX-C]   0.00-1.00   sec  13.8 MBytes   116 Mbits/sec                  
[  5][TX-C]   1.00-2.00   sec  7.71 MBytes  64.6 Mbits/sec    0    450 KBytes       
[  7][RX-C]   1.00-2.00   sec  19.7 MBytes   165 Mbits/sec                  
[  5][TX-C]   2.00-3.00   sec  8.89 MBytes  74.5 Mbits/sec    5    482 KBytes       
[  7][RX-C]   2.00-3.00   sec  18.8 MBytes   158 Mbits/sec                  
[  5][TX-C]   3.00-4.00   sec  8.64 MBytes  72.5 Mbits/sec   30    346 KBytes       
[  7][RX-C]   3.00-4.00   sec  18.5 MBytes   155 Mbits/sec                  
[  5][TX-C]   4.00-5.00   sec  7.27 MBytes  61.0 Mbits/sec    0    404 KBytes       
[  7][RX-C]   4.00-5.00   sec  18.6 MBytes   156 Mbits/sec                  
[  5][TX-C]   5.00-6.00   sec  9.01 MBytes  75.6 Mbits/sec    7    443 KBytes       
[  7][RX-C]   5.00-6.00   sec  21.2 MBytes   178 Mbits/sec                  
[  5][TX-C]   6.00-7.00   sec  8.58 MBytes  71.9 Mbits/sec    0    458 KBytes       
[  7][RX-C]   6.00-7.00   sec  19.9 MBytes   167 Mbits/sec                  
[  5][TX-C]   7.00-8.00   sec  9.76 MBytes  81.8 Mbits/sec    0    474 KBytes       
[  7][RX-C]   7.00-8.00   sec  20.8 MBytes   174 Mbits/sec                  
[  5][TX-C]   8.00-9.00   sec  9.01 MBytes  75.6 Mbits/sec    0    488 KBytes       
[  7][RX-C]   8.00-9.00   sec  19.9 MBytes   167 Mbits/sec                  
[  5][TX-C]   9.00-10.00  sec  9.69 MBytes  81.3 Mbits/sec    0    503 KBytes       
[  7][RX-C]   9.00-10.00  sec  20.3 MBytes   171 Mbits/sec                  
- - - - - - - - - - - - - - - - - - - - - - - - -
Test Complete. Summary Results:
[ ID][Role] Interval           Transfer     Bitrate         Retr
[  5][TX-C]   0.00-10.00  sec  86.1 MBytes  72.2 Mbits/sec   52             sender
[  5][TX-C]   0.00-10.05  sec  85.1 MBytes  71.0 Mbits/sec                  receiver
CPU Utilization: local/sender 4.6% (0.4%u/4.1%s), remote/receiver 4.0% (0.4%u/3.6%s)
CPU Utilization: local/receiver 4.6% (0.4%u/4.1%s), remote/sender 4.0% (0.4%u/3.6%s)
snd_tcp_congestion cubic
rcv_tcp_congestion cubic
[  7][RX-C]   0.00-10.00  sec   193 MBytes   162 Mbits/sec   66             sender
[  7][RX-C]   0.00-10.05  sec   191 MBytes   160 Mbits/sec                  receiver
snd_tcp_congestion cubic
rcv_tcp_congestion cubic

iperf Done.
