iperf 3.10.1
Linux cs490clc1.cs.purdue.edu 4.15.0-118-generic #119-Ubuntu SMP Tue Sep 8 12:30:01 UTC 2020 x86_64
-----------------------------------------------------------
Server listening on 5250 (test #1)
-----------------------------------------------------------
Time: Sat, 13 Nov 2021 18:35:16 GMT
Accepted connection from 10.0.0.27, port 52494
      Cookie: uhfo7jtv4lv2xhypr2qrdgecdgrxrbf3ob2o
      TCP MSS: 9216
[  6] local 10.0.0.6 port 5250 connected to 10.0.0.27 port 52506
Starting Test: protocol: TCP, 1 streams, 131072 byte blocks, omitting 0 seconds, 10 second test, tos 0
[ ID] Interval           Transfer     Bitrate
[  6]   0.00-1.00   sec  3.52 MBytes  29.5 Mbits/sec                  
[  6]   1.00-2.00   sec  37.7 MBytes   316 Mbits/sec                  
[  6]   2.00-3.00   sec  47.4 MBytes   398 Mbits/sec                  
[  6]   3.00-4.00   sec  46.6 MBytes   391 Mbits/sec                  
[  6]   4.00-5.00   sec  47.4 MBytes   398 Mbits/sec                  
[  6]   5.00-6.00   sec  61.2 MBytes   513 Mbits/sec                  
[  6]   6.00-7.00   sec  63.5 MBytes   533 Mbits/sec                  
[  6]   7.00-8.00   sec  64.4 MBytes   541 Mbits/sec                  
[  6]   8.00-9.00   sec  64.0 MBytes   537 Mbits/sec                  
[  6]   9.00-10.00  sec  62.8 MBytes   527 Mbits/sec                  
[  6]  10.00-10.12  sec  8.76 MBytes   629 Mbits/sec                  
- - - - - - - - - - - - - - - - - - - - - - - - -
Test Complete. Summary Results:
[ ID] Interval           Transfer     Bitrate
[  6] (sender statistics not available)
[  6]   0.00-10.12  sec   507 MBytes   421 Mbits/sec                  receiver
rcv_tcp_congestion cubic
