
--- Ping Test 1 Results ---
PING 10.0.0.2 (10.0.0.2) 56(84) bytes of data.
64 bytes from 10.0.0.2: icmp_seq=1 ttl=64 time=24.1 ms
64 bytes from 10.0.0.2: icmp_seq=2 ttl=64 time=4.45 ms
64 bytes from 10.0.0.2: icmp_seq=3 ttl=64 time=4.31 ms
64 bytes from 10.0.0.2: icmp_seq=4 ttl=64 time=4.08 ms
64 bytes from 10.0.0.2: icmp_seq=5 ttl=64 time=4.11 ms

--- 10.0.0.2 ping statistics ---
5 packets transmitted, 5 received, 0% packet loss, time 4005ms
rtt min/avg/max/mdev = 4.089/8.222/24.134/7.957 ms

--- Ping Test 2 Results ---
PING 10.0.0.2 (10.0.0.2) 56(84) bytes of data.
64 bytes from 10.0.0.2: icmp_seq=1 ttl=64 time=4.08 ms
64 bytes from 10.0.0.2: icmp_seq=2 ttl=64 time=4.07 ms
64 bytes from 10.0.0.2: icmp_seq=3 ttl=64 time=4.06 ms
64 bytes from 10.0.0.2: icmp_seq=4 ttl=64 time=4.21 ms
64 bytes from 10.0.0.2: icmp_seq=5 ttl=64 time=4.23 ms
64 bytes from 10.0.0.2: icmp_seq=6 ttl=64 time=4.07 ms
64 bytes from 10.0.0.2: icmp_seq=7 ttl=64 time=4.07 ms
64 bytes from 10.0.0.2: icmp_seq=8 ttl=64 time=4.20 ms
64 bytes from 10.0.0.2: icmp_seq=9 ttl=64 time=4.22 ms
64 bytes from 10.0.0.2: icmp_seq=10 ttl=64 time=4.24 ms
64 bytes from 10.0.0.2: icmp_seq=11 ttl=64 time=4.26 ms
64 bytes from 10.0.0.2: icmp_seq=12 ttl=64 time=4.27 ms
64 bytes from 10.0.0.2: icmp_seq=13 ttl=64 time=4.28 ms
64 bytes from 10.0.0.2: icmp_seq=14 ttl=64 time=4.28 ms
64 bytes from 10.0.0.2: icmp_seq=15 ttl=64 time=4.08 ms
64 bytes from 10.0.0.2: icmp_seq=16 ttl=64 time=4.21 ms
64 bytes from 10.0.0.2: icmp_seq=17 ttl=64 time=4.23 ms
64 bytes from 10.0.0.2: icmp_seq=18 ttl=64 time=4.24 ms
64 bytes from 10.0.0.2: icmp_seq=19 ttl=64 time=4.34 ms
64 bytes from 10.0.0.2: icmp_seq=20 ttl=64 time=4.30 ms
64 bytes from 10.0.0.2: icmp_seq=21 ttl=64 time=4.35 ms
64 bytes from 10.0.0.2: icmp_seq=22 ttl=64 time=4.32 ms
64 bytes from 10.0.0.2: icmp_seq=23 ttl=64 time=4.31 ms
64 bytes from 10.0.0.2: icmp_seq=24 ttl=64 time=4.29 ms
64 bytes from 10.0.0.2: icmp_seq=25 ttl=64 time=4.29 ms
64 bytes from 10.0.0.2: icmp_seq=26 ttl=64 time=4.29 ms
64 bytes from 10.0.0.2: icmp_seq=27 ttl=64 time=4.28 ms
64 bytes from 10.0.0.2: icmp_seq=28 ttl=64 time=4.28 ms
64 bytes from 10.0.0.2: icmp_seq=29 ttl=64 time=4.29 ms
64 bytes from 10.0.0.2: icmp_seq=30 ttl=64 time=4.31 ms
64 bytes from 10.0.0.2: icmp_seq=31 ttl=64 time=4.33 ms
64 bytes from 10.0.0.2: icmp_seq=32 ttl=64 time=4.30 ms
64 bytes from 10.0.0.2: icmp_seq=33 ttl=64 time=4.30 ms
64 bytes from 10.0.0.2: icmp_seq=34 ttl=64 time=4.29 ms
64 bytes from 10.0.0.2: icmp_seq=35 ttl=64 time=4.29 ms
64 bytes from 10.0.0.2: icmp_seq=36 ttl=64 time=4.30 ms
64 bytes from 10.0.0.2: icmp_seq=37 ttl=64 time=4.29 ms
64 bytes from 10.0.0.2: icmp_seq=38 ttl=64 time=4.28 ms
64 bytes from 10.0.0.2: icmp_seq=39 ttl=64 time=4.34 ms
64 bytes from 10.0.0.2: icmp_seq=40 ttl=64 time=4.32 ms
64 bytes from 10.0.0.2: icmp_seq=41 ttl=64 time=4.33 ms
64 bytes from 10.0.0.2: icmp_seq=42 ttl=64 time=4.32 ms
64 bytes from 10.0.0.2: icmp_seq=43 ttl=64 time=4.30 ms
64 bytes from 10.0.0.2: icmp_seq=44 ttl=64 time=4.29 ms
64 bytes from 10.0.0.2: icmp_seq=45 ttl=64 time=4.27 ms
64 bytes from 10.0.0.2: icmp_seq=46 ttl=64 time=4.28 ms
64 bytes from 10.0.0.2: icmp_seq=47 ttl=64 time=4.29 ms
64 bytes from 10.0.0.2: icmp_seq=48 ttl=64 time=4.28 ms
64 bytes from 10.0.0.2: icmp_seq=49 ttl=64 time=4.29 ms
64 bytes from 10.0.0.2: icmp_seq=50 ttl=64 time=4.31 ms

--- 10.0.0.2 ping statistics ---
50 packets transmitted, 50 received, 0% packet loss, time 49056ms
rtt min/avg/max/mdev = 4.068/4.264/4.352/0.078 ms

--- Ping Test 3 Results ---
PING 10.0.0.4 (10.0.0.4) 56(84) bytes of data.
64 bytes from 10.0.0.4: icmp_seq=1 ttl=64 time=52.3 ms
64 bytes from 10.0.0.4: icmp_seq=2 ttl=64 time=9.14 ms
64 bytes from 10.0.0.4: icmp_seq=3 ttl=64 time=8.49 ms
64 bytes from 10.0.0.4: icmp_seq=4 ttl=64 time=8.12 ms
64 bytes from 10.0.0.4: icmp_seq=5 ttl=64 time=8.32 ms

--- 10.0.0.4 ping statistics ---
5 packets transmitted, 5 received, 0% packet loss, time 4005ms
rtt min/avg/max/mdev = 8.124/17.285/52.342/17.532 ms

--- Ping Test 4 Results ---
PING 10.0.0.4 (10.0.0.4) 56(84) bytes of data.
64 bytes from 10.0.0.4: icmp_seq=1 ttl=64 time=8.13 ms
64 bytes from 10.0.0.4: icmp_seq=2 ttl=64 time=8.30 ms
64 bytes from 10.0.0.4: icmp_seq=3 ttl=64 time=8.12 ms
64 bytes from 10.0.0.4: icmp_seq=4 ttl=64 time=8.11 ms
64 bytes from 10.0.0.4: icmp_seq=5 ttl=64 time=8.31 ms
64 bytes from 10.0.0.4: icmp_seq=6 ttl=64 time=8.33 ms
64 bytes from 10.0.0.4: icmp_seq=7 ttl=64 time=8.36 ms
64 bytes from 10.0.0.4: icmp_seq=8 ttl=64 time=8.38 ms
64 bytes from 10.0.0.4: icmp_seq=9 ttl=64 time=8.40 ms
64 bytes from 10.0.0.4: icmp_seq=10 ttl=64 time=8.44 ms
64 bytes from 10.0.0.4: icmp_seq=11 ttl=64 time=8.50 ms
64 bytes from 10.0.0.4: icmp_seq=12 ttl=64 time=8.53 ms
64 bytes from 10.0.0.4: icmp_seq=13 ttl=64 time=8.55 ms
64 bytes from 10.0.0.4: icmp_seq=14 ttl=64 time=8.64 ms
64 bytes from 10.0.0.4: icmp_seq=15 ttl=64 time=8.62 ms
64 bytes from 10.0.0.4: icmp_seq=16 ttl=64 time=8.61 ms
64 bytes from 10.0.0.4: icmp_seq=17 ttl=64 time=8.59 ms
64 bytes from 10.0.0.4: icmp_seq=18 ttl=64 time=8.61 ms
64 bytes from 10.0.0.4: icmp_seq=19 ttl=64 time=8.60 ms
64 bytes from 10.0.0.4: icmp_seq=20 ttl=64 time=8.62 ms
64 bytes from 10.0.0.4: icmp_seq=21 ttl=64 time=8.62 ms
64 bytes from 10.0.0.4: icmp_seq=22 ttl=64 time=8.59 ms
64 bytes from 10.0.0.4: icmp_seq=23 ttl=64 time=8.60 ms
64 bytes from 10.0.0.4: icmp_seq=24 ttl=64 time=8.61 ms
64 bytes from 10.0.0.4: icmp_seq=25 ttl=64 time=8.62 ms
64 bytes from 10.0.0.4: icmp_seq=26 ttl=64 time=8.58 ms
64 bytes from 10.0.0.4: icmp_seq=27 ttl=64 time=8.59 ms
64 bytes from 10.0.0.4: icmp_seq=28 ttl=64 time=8.59 ms
64 bytes from 10.0.0.4: icmp_seq=29 ttl=64 time=8.59 ms
64 bytes from 10.0.0.4: icmp_seq=30 ttl=64 time=8.58 ms
64 bytes from 10.0.0.4: icmp_seq=31 ttl=64 time=8.59 ms
64 bytes from 10.0.0.4: icmp_seq=32 ttl=64 time=8.60 ms
64 bytes from 10.0.0.4: icmp_seq=33 ttl=64 time=8.60 ms
64 bytes from 10.0.0.4: icmp_seq=34 ttl=64 time=8.11 ms
64 bytes from 10.0.0.4: icmp_seq=35 ttl=64 time=8.32 ms
64 bytes from 10.0.0.4: icmp_seq=36 ttl=64 time=8.34 ms
64 bytes from 10.0.0.4: icmp_seq=37 ttl=64 time=8.37 ms
64 bytes from 10.0.0.4: icmp_seq=38 ttl=64 time=8.40 ms
64 bytes from 10.0.0.4: icmp_seq=39 ttl=64 time=8.48 ms
64 bytes from 10.0.0.4: icmp_seq=40 ttl=64 time=8.47 ms
64 bytes from 10.0.0.4: icmp_seq=41 ttl=64 time=8.12 ms
64 bytes from 10.0.0.4: icmp_seq=42 ttl=64 time=8.32 ms
64 bytes from 10.0.0.4: icmp_seq=43 ttl=64 time=8.11 ms
64 bytes from 10.0.0.4: icmp_seq=44 ttl=64 time=8.11 ms
64 bytes from 10.0.0.4: icmp_seq=45 ttl=64 time=8.11 ms
64 bytes from 10.0.0.4: icmp_seq=46 ttl=64 time=8.07 ms
64 bytes from 10.0.0.4: icmp_seq=47 ttl=64 time=8.10 ms
64 bytes from 10.0.0.4: icmp_seq=48 ttl=64 time=8.32 ms
64 bytes from 10.0.0.4: icmp_seq=49 ttl=64 time=8.58 ms
64 bytes from 10.0.0.4: icmp_seq=50 ttl=64 time=8.58 ms

--- 10.0.0.4 ping statistics ---
50 packets transmitted, 50 received, 0% packet loss, time 49055ms
rtt min/avg/max/mdev = 8.078/8.433/8.640/0.190 ms

--- Ping Test 5 Results ---
PING 10.0.0.7 (10.0.0.7) 56(84) bytes of data.
64 bytes from 10.0.0.7: icmp_seq=1 ttl=64 time=79.3 ms
64 bytes from 10.0.0.7: icmp_seq=2 ttl=64 time=13.4 ms
64 bytes from 10.0.0.7: icmp_seq=3 ttl=64 time=12.7 ms
64 bytes from 10.0.0.7: icmp_seq=4 ttl=64 time=12.7 ms
64 bytes from 10.0.0.7: icmp_seq=5 ttl=64 time=12.1 ms

--- 10.0.0.7 ping statistics ---
5 packets transmitted, 5 received, 0% packet loss, time 4005ms
rtt min/avg/max/mdev = 12.175/26.115/79.349/26.620 ms

--- Ping Test 6 Results ---
PING 10.0.0.7 (10.0.0.7) 56(84) bytes of data.
64 bytes from 10.0.0.7: icmp_seq=1 ttl=64 time=12.6 ms
64 bytes from 10.0.0.7: icmp_seq=2 ttl=64 time=12.7 ms
64 bytes from 10.0.0.7: icmp_seq=3 ttl=64 time=12.7 ms
64 bytes from 10.0.0.7: icmp_seq=4 ttl=64 time=12.7 ms
64 bytes from 10.0.0.7: icmp_seq=5 ttl=64 time=12.7 ms
64 bytes from 10.0.0.7: icmp_seq=6 ttl=64 time=12.7 ms
64 bytes from 10.0.0.7: icmp_seq=7 ttl=64 time=12.7 ms
64 bytes from 10.0.0.7: icmp_seq=8 ttl=64 time=12.7 ms
64 bytes from 10.0.0.7: icmp_seq=9 ttl=64 time=12.7 ms
64 bytes from 10.0.0.7: icmp_seq=10 ttl=64 time=12.7 ms
64 bytes from 10.0.0.7: icmp_seq=11 ttl=64 time=12.7 ms
64 bytes from 10.0.0.7: icmp_seq=12 ttl=64 time=12.7 ms
64 bytes from 10.0.0.7: icmp_seq=13 ttl=64 time=12.1 ms
64 bytes from 10.0.0.7: icmp_seq=14 ttl=64 time=12.1 ms
64 bytes from 10.0.0.7: icmp_seq=15 ttl=64 time=12.3 ms
64 bytes from 10.0.0.7: icmp_seq=16 ttl=64 time=12.3 ms
64 bytes from 10.0.0.7: icmp_seq=17 ttl=64 time=12.4 ms
64 bytes from 10.0.0.7: icmp_seq=18 ttl=64 time=12.4 ms
64 bytes from 10.0.0.7: icmp_seq=19 ttl=64 time=12.4 ms
64 bytes from 10.0.0.7: icmp_seq=20 ttl=64 time=12.4 ms
64 bytes from 10.0.0.7: icmp_seq=21 ttl=64 time=12.4 ms
64 bytes from 10.0.0.7: icmp_seq=22 ttl=64 time=12.4 ms
64 bytes from 10.0.0.7: icmp_seq=23 ttl=64 time=12.6 ms
64 bytes from 10.0.0.7: icmp_seq=24 ttl=64 time=12.1 ms
64 bytes from 10.0.0.7: icmp_seq=25 ttl=64 time=12.3 ms
64 bytes from 10.0.0.7: icmp_seq=26 ttl=64 time=12.2 ms
64 bytes from 10.0.0.7: icmp_seq=27 ttl=64 time=12.3 ms
64 bytes from 10.0.0.7: icmp_seq=28 ttl=64 time=12.2 ms
64 bytes from 10.0.0.7: icmp_seq=29 ttl=64 time=12.2 ms
64 bytes from 10.0.0.7: icmp_seq=30 ttl=64 time=12.2 ms
64 bytes from 10.0.0.7: icmp_seq=31 ttl=64 time=12.4 ms
64 bytes from 10.0.0.7: icmp_seq=32 ttl=64 time=12.4 ms
64 bytes from 10.0.0.7: icmp_seq=33 ttl=64 time=12.4 ms
64 bytes from 10.0.0.7: icmp_seq=34 ttl=64 time=12.4 ms
64 bytes from 10.0.0.7: icmp_seq=35 ttl=64 time=12.4 ms
64 bytes from 10.0.0.7: icmp_seq=36 ttl=64 time=12.4 ms
64 bytes from 10.0.0.7: icmp_seq=37 ttl=64 time=12.4 ms
64 bytes from 10.0.0.7: icmp_seq=38 ttl=64 time=12.4 ms
64 bytes from 10.0.0.7: icmp_seq=39 ttl=64 time=12.5 ms
64 bytes from 10.0.0.7: icmp_seq=40 ttl=64 time=12.5 ms
64 bytes from 10.0.0.7: icmp_seq=41 ttl=64 time=12.5 ms
64 bytes from 10.0.0.7: icmp_seq=42 ttl=64 time=12.5 ms
64 bytes from 10.0.0.7: icmp_seq=43 ttl=64 time=12.4 ms
64 bytes from 10.0.0.7: icmp_seq=44 ttl=64 time=12.4 ms
64 bytes from 10.0.0.7: icmp_seq=45 ttl=64 time=12.5 ms
64 bytes from 10.0.0.7: icmp_seq=46 ttl=64 time=12.5 ms
64 bytes from 10.0.0.7: icmp_seq=47 ttl=64 time=12.5 ms
64 bytes from 10.0.0.7: icmp_seq=48 ttl=64 time=12.5 ms
64 bytes from 10.0.0.7: icmp_seq=49 ttl=64 time=12.5 ms
64 bytes from 10.0.0.7: icmp_seq=50 ttl=64 time=12.5 ms

--- 10.0.0.7 ping statistics ---
50 packets transmitted, 50 received, 0% packet loss, time 49056ms
rtt min/avg/max/mdev = 12.106/12.507/12.799/0.206 ms

--- Ping Test 7 Results ---
PING 10.0.0.19 (10.0.0.19) 56(84) bytes of data.
64 bytes from 10.0.0.19: icmp_seq=1 ttl=64 time=135 ms
64 bytes from 10.0.0.19: icmp_seq=2 ttl=64 time=19.4 ms
64 bytes from 10.0.0.19: icmp_seq=3 ttl=64 time=19.2 ms
64 bytes from 10.0.0.19: icmp_seq=4 ttl=64 time=18.2 ms
64 bytes from 10.0.0.19: icmp_seq=5 ttl=64 time=18.4 ms

--- 10.0.0.19 ping statistics ---
5 packets transmitted, 5 received, 0% packet loss, time 4005ms
rtt min/avg/max/mdev = 18.213/42.189/135.560/46.687 ms

--- Ping Test 8 Results ---
PING 10.0.0.19 (10.0.0.19) 56(84) bytes of data.
64 bytes from 10.0.0.19: icmp_seq=1 ttl=64 time=19.3 ms
64 bytes from 10.0.0.19: icmp_seq=2 ttl=64 time=19.2 ms
64 bytes from 10.0.0.19: icmp_seq=3 ttl=64 time=19.2 ms
64 bytes from 10.0.0.19: icmp_seq=4 ttl=64 time=19.2 ms
64 bytes from 10.0.0.19: icmp_seq=5 ttl=64 time=19.2 ms
64 bytes from 10.0.0.19: icmp_seq=6 ttl=64 time=19.2 ms
64 bytes from 10.0.0.19: icmp_seq=7 ttl=64 time=19.2 ms
64 bytes from 10.0.0.19: icmp_seq=8 ttl=64 time=19.2 ms
64 bytes from 10.0.0.19: icmp_seq=9 ttl=64 time=19.2 ms
64 bytes from 10.0.0.19: icmp_seq=10 ttl=64 time=19.2 ms
64 bytes from 10.0.0.19: icmp_seq=11 ttl=64 time=19.2 ms
64 bytes from 10.0.0.19: icmp_seq=12 ttl=64 time=19.2 ms
64 bytes from 10.0.0.19: icmp_seq=13 ttl=64 time=19.2 ms
64 bytes from 10.0.0.19: icmp_seq=14 ttl=64 time=19.2 ms
64 bytes from 10.0.0.19: icmp_seq=15 ttl=64 time=19.2 ms
64 bytes from 10.0.0.19: icmp_seq=16 ttl=64 time=19.2 ms
64 bytes from 10.0.0.19: icmp_seq=17 ttl=64 time=19.2 ms
64 bytes from 10.0.0.19: icmp_seq=18 ttl=64 time=19.2 ms
64 bytes from 10.0.0.19: icmp_seq=19 ttl=64 time=19.3 ms
64 bytes from 10.0.0.19: icmp_seq=20 ttl=64 time=19.3 ms
64 bytes from 10.0.0.19: icmp_seq=21 ttl=64 time=19.2 ms
64 bytes from 10.0.0.19: icmp_seq=22 ttl=64 time=19.3 ms
64 bytes from 10.0.0.19: icmp_seq=23 ttl=64 time=19.3 ms
64 bytes from 10.0.0.19: icmp_seq=24 ttl=64 time=19.3 ms
64 bytes from 10.0.0.19: icmp_seq=25 ttl=64 time=19.3 ms
64 bytes from 10.0.0.19: icmp_seq=26 ttl=64 time=18.4 ms
64 bytes from 10.0.0.19: icmp_seq=27 ttl=64 time=18.2 ms
64 bytes from 10.0.0.19: icmp_seq=28 ttl=64 time=18.5 ms
64 bytes from 10.0.0.19: icmp_seq=29 ttl=64 time=18.5 ms
64 bytes from 10.0.0.19: icmp_seq=30 ttl=64 time=18.5 ms
64 bytes from 10.0.0.19: icmp_seq=31 ttl=64 time=18.5 ms
64 bytes from 10.0.0.19: icmp_seq=32 ttl=64 time=18.5 ms
64 bytes from 10.0.0.19: icmp_seq=33 ttl=64 time=18.6 ms
64 bytes from 10.0.0.19: icmp_seq=34 ttl=64 time=18.5 ms
64 bytes from 10.0.0.19: icmp_seq=35 ttl=64 time=18.5 ms
64 bytes from 10.0.0.19: icmp_seq=36 ttl=64 time=18.5 ms
64 bytes from 10.0.0.19: icmp_seq=37 ttl=64 time=18.6 ms
64 bytes from 10.0.0.19: icmp_seq=38 ttl=64 time=18.6 ms
64 bytes from 10.0.0.19: icmp_seq=39 ttl=64 time=18.6 ms
64 bytes from 10.0.0.19: icmp_seq=40 ttl=64 time=18.6 ms
64 bytes from 10.0.0.19: icmp_seq=41 ttl=64 time=18.6 ms
64 bytes from 10.0.0.19: icmp_seq=42 ttl=64 time=18.6 ms
64 bytes from 10.0.0.19: icmp_seq=43 ttl=64 time=18.3 ms
64 bytes from 10.0.0.19: icmp_seq=44 ttl=64 time=18.5 ms
64 bytes from 10.0.0.19: icmp_seq=45 ttl=64 time=18.5 ms
64 bytes from 10.0.0.19: icmp_seq=46 ttl=64 time=18.5 ms
64 bytes from 10.0.0.19: icmp_seq=47 ttl=64 time=18.5 ms
64 bytes from 10.0.0.19: icmp_seq=48 ttl=64 time=18.5 ms
64 bytes from 10.0.0.19: icmp_seq=49 ttl=64 time=18.5 ms
64 bytes from 10.0.0.19: icmp_seq=50 ttl=64 time=18.6 ms

--- 10.0.0.19 ping statistics ---
50 packets transmitted, 50 received, 0% packet loss, time 49056ms
rtt min/avg/max/mdev = 18.275/18.910/19.317/0.397 ms

--- Ping Test 9 Results ---
PING 10.0.0.37 (10.0.0.37) 56(84) bytes of data.
64 bytes from 10.0.0.37: icmp_seq=1 ttl=64 time=104 ms
64 bytes from 10.0.0.37: icmp_seq=2 ttl=64 time=19.7 ms
64 bytes from 10.0.0.37: icmp_seq=3 ttl=64 time=18.4 ms
64 bytes from 10.0.0.37: icmp_seq=4 ttl=64 time=19.3 ms
64 bytes from 10.0.0.37: icmp_seq=5 ttl=64 time=19.3 ms

--- 10.0.0.37 ping statistics ---
5 packets transmitted, 5 received, 0% packet loss, time 4005ms
rtt min/avg/max/mdev = 18.477/36.235/104.303/34.036 ms

--- Ping Test 10 Results ---
PING 10.0.0.37 (10.0.0.37) 56(84) bytes of data.
64 bytes from 10.0.0.37: icmp_seq=1 ttl=64 time=19.0 ms
64 bytes from 10.0.0.37: icmp_seq=2 ttl=64 time=19.1 ms
64 bytes from 10.0.0.37: icmp_seq=3 ttl=64 time=19.2 ms
64 bytes from 10.0.0.37: icmp_seq=4 ttl=64 time=19.2 ms
64 bytes from 10.0.0.37: icmp_seq=5 ttl=64 time=19.2 ms
64 bytes from 10.0.0.37: icmp_seq=6 ttl=64 time=19.2 ms
64 bytes from 10.0.0.37: icmp_seq=7 ttl=64 time=19.2 ms
64 bytes from 10.0.0.37: icmp_seq=8 ttl=64 time=19.2 ms
64 bytes from 10.0.0.37: icmp_seq=9 ttl=64 time=19.2 ms
64 bytes from 10.0.0.37: icmp_seq=10 ttl=64 time=19.2 ms
64 bytes from 10.0.0.37: icmp_seq=11 ttl=64 time=19.2 ms
64 bytes from 10.0.0.37: icmp_seq=12 ttl=64 time=19.2 ms
64 bytes from 10.0.0.37: icmp_seq=13 ttl=64 time=19.2 ms
64 bytes from 10.0.0.37: icmp_seq=14 ttl=64 time=19.1 ms
64 bytes from 10.0.0.37: icmp_seq=15 ttl=64 time=19.1 ms
64 bytes from 10.0.0.37: icmp_seq=16 ttl=64 time=19.1 ms
64 bytes from 10.0.0.37: icmp_seq=17 ttl=64 time=19.1 ms
64 bytes from 10.0.0.37: icmp_seq=18 ttl=64 time=19.1 ms
64 bytes from 10.0.0.37: icmp_seq=19 ttl=64 time=19.1 ms
64 bytes from 10.0.0.37: icmp_seq=20 ttl=64 time=19.2 ms
64 bytes from 10.0.0.37: icmp_seq=21 ttl=64 time=19.1 ms
64 bytes from 10.0.0.37: icmp_seq=22 ttl=64 time=19.1 ms
64 bytes from 10.0.0.37: icmp_seq=23 ttl=64 time=19.1 ms
64 bytes from 10.0.0.37: icmp_seq=24 ttl=64 time=19.1 ms
64 bytes from 10.0.0.37: icmp_seq=25 ttl=64 time=19.1 ms
64 bytes from 10.0.0.37: icmp_seq=26 ttl=64 time=19.1 ms
64 bytes from 10.0.0.37: icmp_seq=27 ttl=64 time=19.1 ms
64 bytes from 10.0.0.37: icmp_seq=28 ttl=64 time=19.2 ms
64 bytes from 10.0.0.37: icmp_seq=29 ttl=64 time=19.1 ms
64 bytes from 10.0.0.37: icmp_seq=30 ttl=64 time=19.1 ms
64 bytes from 10.0.0.37: icmp_seq=31 ttl=64 time=19.1 ms
64 bytes from 10.0.0.37: icmp_seq=32 ttl=64 time=19.1 ms
64 bytes from 10.0.0.37: icmp_seq=33 ttl=64 time=19.1 ms
64 bytes from 10.0.0.37: icmp_seq=34 ttl=64 time=19.0 ms
64 bytes from 10.0.0.37: icmp_seq=35 ttl=64 time=19.0 ms
64 bytes from 10.0.0.37: icmp_seq=36 ttl=64 time=19.0 ms
64 bytes from 10.0.0.37: icmp_seq=37 ttl=64 time=19.0 ms
64 bytes from 10.0.0.37: icmp_seq=38 ttl=64 time=19.0 ms
64 bytes from 10.0.0.37: icmp_seq=39 ttl=64 time=19.0 ms
64 bytes from 10.0.0.37: icmp_seq=40 ttl=64 time=19.0 ms
64 bytes from 10.0.0.37: icmp_seq=41 ttl=64 time=19.0 ms
64 bytes from 10.0.0.37: icmp_seq=42 ttl=64 time=19.0 ms
64 bytes from 10.0.0.37: icmp_seq=43 ttl=64 time=19.1 ms
64 bytes from 10.0.0.37: icmp_seq=44 ttl=64 time=19.0 ms
64 bytes from 10.0.0.37: icmp_seq=45 ttl=64 time=19.0 ms
64 bytes from 10.0.0.37: icmp_seq=46 ttl=64 time=19.1 ms
64 bytes from 10.0.0.37: icmp_seq=47 ttl=64 time=19.1 ms
64 bytes from 10.0.0.37: icmp_seq=48 ttl=64 time=19.1 ms
64 bytes from 10.0.0.37: icmp_seq=49 ttl=64 time=19.1 ms
64 bytes from 10.0.0.37: icmp_seq=50 ttl=64 time=19.1 ms

--- 10.0.0.37 ping statistics ---
50 packets transmitted, 50 received, 0% packet loss, time 49056ms
rtt min/avg/max/mdev = 19.028/19.155/19.260/0.159 ms
