
--- TCP Test 0: h1 sending to h2 ---
iperf 3.10.1
Linux cs490clc1.cs.purdue.edu 4.15.0-118-generic #119-Ubuntu SMP Tue Sep 8 12:30:01 UTC 2020 x86_64
Control connection MSS 1448
Time: Fri, 22 Oct 2021 22:02:57 GMT
Connecting to host 10.0.0.2, port 5250
      Cookie: n2iifmi5zqy73fmommffxe3xweldyw6ui7dh
      TCP MSS: 9216
[  5] local 10.0.0.1 port 39774 connected to 10.0.0.2 port 5250
Starting Test: protocol: TCP, 1 streams, 131072 byte blocks, omitting 0 seconds, 10 second test, tos 0
[ ID] Interval           Transfer     Bitrate         Retr  Cwnd
[  5]   0.00-1.00   sec   280 MBytes  2.35 Gbits/sec    0   6.29 MBytes       
[  5]   1.00-2.00   sec   114 MBytes   954 Mbits/sec    0   12.0 MBytes       
[  5]   2.00-3.00   sec   114 MBytes   954 Mbits/sec    0   17.7 MBytes       
[  5]   3.00-4.00   sec   114 MBytes   954 Mbits/sec    0   23.4 MBytes       
[  5]   4.00-5.00   sec   114 MBytes   954 Mbits/sec    0   29.1 MBytes       
[  5]   5.00-6.00   sec   115 MBytes   965 Mbits/sec    0   34.8 MBytes       
[  5]   6.00-7.00   sec   114 MBytes   954 Mbits/sec    0   40.5 MBytes       
[  5]   7.00-8.00   sec   114 MBytes   954 Mbits/sec    0   46.2 MBytes       
[  5]   8.00-9.00   sec   114 MBytes   954 Mbits/sec    0   51.9 MBytes       
[  5]   9.00-10.00  sec   114 MBytes   954 Mbits/sec    0   57.6 MBytes       
- - - - - - - - - - - - - - - - - - - - - - - - -
Test Complete. Summary Results:
[ ID] Interval           Transfer     Bitrate         Retr
[  5]   0.00-10.00  sec  1.27 GBytes  1.09 Gbits/sec    0             sender
[  5]   0.00-10.51  sec  1.17 GBytes   954 Mbits/sec                  receiver
CPU Utilization: local/sender 3.9% (0.1%u/3.8%s), remote/receiver 5.7% (0.3%u/5.4%s)
snd_tcp_congestion cubic
rcv_tcp_congestion cubic

iperf Done.

--- TCP Test 1: h1 sending to h4 ---
iperf 3.10.1
Linux cs490clc1.cs.purdue.edu 4.15.0-118-generic #119-Ubuntu SMP Tue Sep 8 12:30:01 UTC 2020 x86_64
Control connection MSS 1448
Time: Fri, 22 Oct 2021 22:03:13 GMT
Connecting to host 10.0.0.4, port 5250
      Cookie: gd5vrtrt2sjxnadmoh2lkbqgzxco6mzmyxso
      TCP MSS: 9216
[  5] local 10.0.0.1 port 51480 connected to 10.0.0.4 port 5250
Starting Test: protocol: TCP, 1 streams, 131072 byte blocks, omitting 0 seconds, 10 second test, tos 0
[ ID] Interval           Transfer     Bitrate         Retr  Cwnd
[  5]   0.00-1.00   sec   276 MBytes  2.32 Gbits/sec   32   3.87 MBytes       
[  5]   1.00-2.00   sec   114 MBytes   954 Mbits/sec    0   3.90 MBytes       
[  5]   2.00-3.00   sec   114 MBytes   954 Mbits/sec    0   3.92 MBytes       
[  5]   3.00-4.00   sec   115 MBytes   965 Mbits/sec    0   3.94 MBytes       
[  5]   4.00-5.00   sec   114 MBytes   954 Mbits/sec    0   3.96 MBytes       
[  5]   5.00-6.00   sec   114 MBytes   954 Mbits/sec    0   3.98 MBytes       
[  5]   6.00-7.00   sec   114 MBytes   954 Mbits/sec   32   4.00 MBytes       
[  5]   7.00-8.00   sec   114 MBytes   954 Mbits/sec    0   4.02 MBytes       
[  5]   8.00-9.00   sec   114 MBytes   954 Mbits/sec    0   4.04 MBytes       
[  5]   9.00-10.00  sec   114 MBytes   954 Mbits/sec    0   4.06 MBytes       
- - - - - - - - - - - - - - - - - - - - - - - - -
Test Complete. Summary Results:
[ ID] Interval           Transfer     Bitrate         Retr
[  5]   0.00-10.00  sec  1.27 GBytes  1.09 Gbits/sec   64             sender
[  5]   0.00-10.04  sec  1.11 GBytes   951 Mbits/sec                  receiver
CPU Utilization: local/sender 4.5% (0.3%u/4.2%s), remote/receiver 5.7% (0.2%u/5.4%s)
snd_tcp_congestion cubic
rcv_tcp_congestion cubic

iperf Done.

--- TCP Test 2: h1 sending to h7 ---
iperf 3.10.1
Linux cs490clc1.cs.purdue.edu 4.15.0-118-generic #119-Ubuntu SMP Tue Sep 8 12:30:01 UTC 2020 x86_64
Control connection MSS 1448
Time: Fri, 22 Oct 2021 22:03:28 GMT
Connecting to host 10.0.0.7, port 5250
      Cookie: tz5xizqzyiktb7b5yqvsnh26m6gtubltq2kt
      TCP MSS: 9216
[  5] local 10.0.0.1 port 55324 connected to 10.0.0.7 port 5250
Starting Test: protocol: TCP, 1 streams, 131072 byte blocks, omitting 0 seconds, 10 second test, tos 0
[ ID] Interval           Transfer     Bitrate         Retr  Cwnd
[  5]   0.00-1.00   sec   272 MBytes  2.29 Gbits/sec    0   6.78 MBytes       
[  5]   1.00-2.00   sec   114 MBytes   954 Mbits/sec    0   12.5 MBytes       
[  5]   2.00-3.00   sec   114 MBytes   954 Mbits/sec    0   18.2 MBytes       
[  5]   3.00-4.00   sec   115 MBytes   965 Mbits/sec    0   23.9 MBytes       
[  5]   4.00-5.00   sec   114 MBytes   954 Mbits/sec    0   29.6 MBytes       
[  5]   5.00-6.00   sec   114 MBytes   954 Mbits/sec    0   35.3 MBytes       
[  5]   6.00-7.00   sec   114 MBytes   954 Mbits/sec    0   41.0 MBytes       
[  5]   7.00-8.00   sec   114 MBytes   954 Mbits/sec    0   46.7 MBytes       
[  5]   8.00-9.00   sec   114 MBytes   954 Mbits/sec    0   52.4 MBytes       
[  5]   9.00-10.00  sec   115 MBytes   965 Mbits/sec    0   58.1 MBytes       
- - - - - - - - - - - - - - - - - - - - - - - - -
Test Complete. Summary Results:
[ ID] Interval           Transfer     Bitrate         Retr
[  5]   0.00-10.00  sec  1.27 GBytes  1.09 Gbits/sec    0             sender
[  5]   0.00-10.51  sec  1.16 GBytes   948 Mbits/sec                  receiver
CPU Utilization: local/sender 4.8% (0.1%u/4.7%s), remote/receiver 5.3% (0.4%u/4.9%s)
snd_tcp_congestion cubic
rcv_tcp_congestion cubic

iperf Done.

--- TCP Test 3: h1 sending to h19 ---
iperf 3.10.1
Linux cs490clc1.cs.purdue.edu 4.15.0-118-generic #119-Ubuntu SMP Tue Sep 8 12:30:01 UTC 2020 x86_64
Control connection MSS 1448
Time: Fri, 22 Oct 2021 22:03:46 GMT
Connecting to host 10.0.0.19, port 5250
      Cookie: l5z7v4y3gojgvtsu4m452pgutcx2fcgwi4rp
      TCP MSS: 9216
[  5] local 10.0.0.1 port 43338 connected to 10.0.0.19 port 5250
Starting Test: protocol: TCP, 1 streams, 131072 byte blocks, omitting 0 seconds, 10 second test, tos 0
[ ID] Interval           Transfer     Bitrate         Retr  Cwnd
[  5]   0.00-1.00   sec   165 MBytes  1.38 Gbits/sec    0    113 KBytes       
[  5]   1.00-2.00   sec  0.00 Bytes  0.00 bits/sec    0    905 KBytes       
[  5]   2.00-3.00   sec  6.25 MBytes  52.5 Mbits/sec    0   7.07 MBytes       
[  5]   3.00-4.00   sec  46.2 MBytes   388 Mbits/sec    0   46.6 MBytes       
[  5]   4.00-5.00   sec   104 MBytes   870 Mbits/sec  550   49.1 MBytes       
[  5]   5.00-6.00   sec   114 MBytes   954 Mbits/sec    0   49.1 MBytes       
[  5]   6.00-7.00   sec   115 MBytes   965 Mbits/sec    0   49.1 MBytes       
[  5]   7.00-8.00   sec   114 MBytes   954 Mbits/sec    0   49.1 MBytes       
[  5]   8.00-9.00   sec   114 MBytes   954 Mbits/sec    0   49.1 MBytes       
[  5]   9.00-10.00  sec   114 MBytes   954 Mbits/sec    0   49.1 MBytes       
- - - - - - - - - - - - - - - - - - - - - - - - -
Test Complete. Summary Results:
[ ID] Interval           Transfer     Bitrate         Retr
[  5]   0.00-10.00  sec   891 MBytes   748 Mbits/sec  550             sender
[  5]   0.00-10.43  sec   772 MBytes   621 Mbits/sec                  receiver
CPU Utilization: local/sender 5.7% (0.3%u/5.4%s), remote/receiver 5.2% (0.2%u/5.0%s)
snd_tcp_congestion cubic
rcv_tcp_congestion cubic

iperf Done.
