
--- TCP Test 0: h1 sending to h2 ---
Connecting to host 10.0.0.2, port 5250
[  4] local 10.0.0.1 port 46616 connected to 10.0.0.2 port 5250
[ ID] Interval           Transfer     Bandwidth       Retr  Cwnd
[  4]   0.00-1.00   sec  56.4 MBytes   473 Mbits/sec    0    938 KBytes       
[  4]   1.00-2.00   sec  55.9 MBytes   469 Mbits/sec    0    938 KBytes       
[  4]   2.00-3.00   sec  55.4 MBytes   465 Mbits/sec    0    938 KBytes       
[  4]   3.00-4.00   sec  55.4 MBytes   465 Mbits/sec    0    938 KBytes       
[  4]   4.00-5.00   sec  56.0 MBytes   470 Mbits/sec    0    938 KBytes       
[  4]   5.00-6.00   sec  56.4 MBytes   473 Mbits/sec    0    938 KBytes       
[  4]   6.00-7.00   sec  55.4 MBytes   465 Mbits/sec    0    938 KBytes       
[  4]   7.00-8.00   sec  56.2 MBytes   471 Mbits/sec    0    938 KBytes       
[  4]   8.00-9.00   sec  56.5 MBytes   474 Mbits/sec    0    938 KBytes       
[  4]   9.00-10.00  sec  55.7 MBytes   468 Mbits/sec    0    938 KBytes       
- - - - - - - - - - - - - - - - - - - - - - - - -
[ ID] Interval           Transfer     Bandwidth       Retr
[  4]   0.00-10.00  sec   559 MBytes   469 Mbits/sec    0             sender
[  4]   0.00-10.00  sec   558 MBytes   468 Mbits/sec                  receiver

iperf Done.

--- TCP Test 1: h1 sending to h4 ---
Connecting to host 10.0.0.4, port 5250
[  4] local 10.0.0.1 port 58322 connected to 10.0.0.4 port 5250
[ ID] Interval           Transfer     Bandwidth       Retr  Cwnd
[  4]   0.00-1.00   sec  56.4 MBytes   473 Mbits/sec    0    935 KBytes       
[  4]   1.00-2.00   sec  56.8 MBytes   476 Mbits/sec    0    935 KBytes       
[  4]   2.00-3.00   sec  56.0 MBytes   470 Mbits/sec  126    935 KBytes       
[  4]   3.00-4.00   sec  57.0 MBytes   478 Mbits/sec    0    935 KBytes       
[  4]   4.00-5.00   sec  56.1 MBytes   470 Mbits/sec    0    935 KBytes       
[  4]   5.00-6.00   sec  56.9 MBytes   477 Mbits/sec    0    935 KBytes       
[  4]   6.00-7.00   sec  57.0 MBytes   479 Mbits/sec    0    935 KBytes       
[  4]   7.00-8.00   sec  57.0 MBytes   478 Mbits/sec    0    935 KBytes       
[  4]   8.00-9.00   sec  55.9 MBytes   469 Mbits/sec    0    935 KBytes       
[  4]   9.00-10.00  sec  57.0 MBytes   478 Mbits/sec    0    935 KBytes       
- - - - - - - - - - - - - - - - - - - - - - - - -
[ ID] Interval           Transfer     Bandwidth       Retr
[  4]   0.00-10.00  sec   566 MBytes   475 Mbits/sec  126             sender
[  4]   0.00-10.00  sec   565 MBytes   474 Mbits/sec                  receiver

iperf Done.

--- TCP Test 2: h1 sending to h7 ---
Connecting to host 10.0.0.7, port 5250
[  4] local 10.0.0.1 port 33934 connected to 10.0.0.7 port 5250
[ ID] Interval           Transfer     Bandwidth       Retr  Cwnd
[  4]   0.00-1.00   sec  54.8 MBytes   460 Mbits/sec    0    919 KBytes       
[  4]   1.00-2.00   sec  57.0 MBytes   478 Mbits/sec    0    919 KBytes       
[  4]   2.00-3.00   sec  56.5 MBytes   474 Mbits/sec    5    919 KBytes       
[  4]   3.00-4.00   sec  57.0 MBytes   479 Mbits/sec    0    919 KBytes       
[  4]   4.00-5.00   sec  57.0 MBytes   478 Mbits/sec    0    919 KBytes       
[  4]   5.00-6.00   sec  56.5 MBytes   474 Mbits/sec    0    919 KBytes       
[  4]   6.00-7.00   sec  57.0 MBytes   478 Mbits/sec    0    919 KBytes       
[  4]   7.00-8.00   sec  57.0 MBytes   478 Mbits/sec    0    919 KBytes       
[  4]   8.00-9.00   sec  57.0 MBytes   478 Mbits/sec    0    919 KBytes       
[  4]   9.00-10.00  sec  57.0 MBytes   478 Mbits/sec    0    919 KBytes       
- - - - - - - - - - - - - - - - - - - - - - - - -
[ ID] Interval           Transfer     Bandwidth       Retr
[  4]   0.00-10.00  sec   567 MBytes   476 Mbits/sec    5             sender
[  4]   0.00-10.00  sec   566 MBytes   475 Mbits/sec                  receiver

iperf Done.

--- TCP Test 3: h1 sending to h19 ---
Connecting to host 10.0.0.19, port 5250
[  4] local 10.0.0.1 port 50180 connected to 10.0.0.19 port 5250
[ ID] Interval           Transfer     Bandwidth       Retr  Cwnd
[  4]   0.00-1.00   sec  44.5 MBytes   373 Mbits/sec    0   1.46 MBytes       
[  4]   1.00-2.00   sec  47.8 MBytes   401 Mbits/sec    0   1.46 MBytes       
[  4]   2.00-3.00   sec  47.3 MBytes   397 Mbits/sec   45   1.46 MBytes       
[  4]   3.00-4.00   sec  47.8 MBytes   401 Mbits/sec    0   1.46 MBytes       
[  4]   4.00-5.00   sec  47.9 MBytes   402 Mbits/sec    0   1.46 MBytes       
[  4]   5.00-6.00   sec  47.2 MBytes   396 Mbits/sec    0   1.46 MBytes       
[  4]   6.00-7.00   sec  48.0 MBytes   402 Mbits/sec    0   1.46 MBytes       
[  4]   7.00-8.00   sec  47.9 MBytes   402 Mbits/sec    0   1.46 MBytes       
[  4]   8.00-9.00   sec  47.8 MBytes   401 Mbits/sec    0   1.46 MBytes       
[  4]   9.00-10.00  sec  47.8 MBytes   401 Mbits/sec    0   1.46 MBytes       
- - - - - - - - - - - - - - - - - - - - - - - - -
[ ID] Interval           Transfer     Bandwidth       Retr
[  4]   0.00-10.00  sec   474 MBytes   398 Mbits/sec   45             sender
[  4]   0.00-10.00  sec   473 MBytes   397 Mbits/sec                  receiver

iperf Done.

--- TCP Test 4: h1 sending to h37 ---
Connecting to host 10.0.0.37, port 5250
[  4] local 10.0.0.1 port 34024 connected to 10.0.0.37 port 5250
[ ID] Interval           Transfer     Bandwidth       Retr  Cwnd
[  4]   0.00-1.00   sec  44.5 MBytes   373 Mbits/sec    0   1.46 MBytes       
[  4]   1.00-2.00   sec  47.9 MBytes   402 Mbits/sec    0   1.46 MBytes       
[  4]   2.00-3.00   sec  45.4 MBytes   381 Mbits/sec   45   1.46 MBytes       
[  4]   3.00-4.00   sec  47.2 MBytes   396 Mbits/sec    0   1.46 MBytes       
[  4]   4.00-5.00   sec  47.9 MBytes   402 Mbits/sec    0   1.46 MBytes       
[  4]   5.00-6.00   sec  47.5 MBytes   399 Mbits/sec    0   1.46 MBytes       
[  4]   6.00-7.00   sec  47.9 MBytes   402 Mbits/sec    0   1.46 MBytes       
[  4]   7.00-8.00   sec  47.9 MBytes   402 Mbits/sec    0   1.46 MBytes       
[  4]   8.00-9.00   sec  46.7 MBytes   392 Mbits/sec    0   1.46 MBytes       
[  4]   9.00-10.00  sec  48.0 MBytes   402 Mbits/sec    0   1.46 MBytes       
- - - - - - - - - - - - - - - - - - - - - - - - -
[ ID] Interval           Transfer     Bandwidth       Retr
[  4]   0.00-10.00  sec   471 MBytes   395 Mbits/sec   45             sender
[  4]   0.00-10.00  sec   470 MBytes   394 Mbits/sec                  receiver

iperf Done.
