iperf 3.10.1
Linux cs490clc1.cs.purdue.edu 4.15.0-118-generic #119-Ubuntu SMP Tue Sep 8 12:30:01 UTC 2020 x86_64
-----------------------------------------------------------
Server listening on 5250 (test #1)
-----------------------------------------------------------
Time: Sun, 31 Oct 2021 19:51:12 GMT
Accepted connection from 10.0.0.2, port 51562
      Cookie: rttcmyeaaungxtonmkg5cruewdeiqfndz4wr
      TCP MSS: 9216
[  6] local 10.0.0.23 port 5250 connected to 10.0.0.2 port 51570
Starting Test: protocol: TCP, 1 streams, 131072 byte blocks, omitting 0 seconds, 10 second test, tos 0
[ ID] Interval           Transfer     Bitrate
[  6]   0.00-1.00   sec  3.52 MBytes  29.5 Mbits/sec                  
[  6]   1.00-2.00   sec  15.8 MBytes   132 Mbits/sec                  
[  6]   2.00-3.00   sec  13.9 MBytes   116 Mbits/sec                  
[  6]   3.00-4.00   sec  13.8 MBytes   116 Mbits/sec                  
[  6]   4.00-5.00   sec  8.72 MBytes  73.2 Mbits/sec                  
[  6]   5.00-6.00   sec  9.94 MBytes  83.4 Mbits/sec                  
[  6]   6.00-7.00   sec  9.60 MBytes  80.5 Mbits/sec                  
[  6]   7.00-8.00   sec  10.7 MBytes  89.8 Mbits/sec                  
[  6]   8.00-9.00   sec  10.5 MBytes  87.9 Mbits/sec                  
[  6]   9.00-10.00  sec  10.4 MBytes  86.9 Mbits/sec                  
[  6]  10.00-10.12  sec  1.23 MBytes  88.3 Mbits/sec                  
- - - - - - - - - - - - - - - - - - - - - - - - -
Test Complete. Summary Results:
[ ID] Interval           Transfer     Bitrate
[  6] (sender statistics not available)
[  6]   0.00-10.12  sec   108 MBytes  89.5 Mbits/sec                  receiver
rcv_tcp_congestion cubic
iperf3: interrupt - the server has terminated
