h1 sending to h19 ---
iperf 3.10.1
Linux cs490clc1.cs.purdue.edu 4.15.0-118-generic #119-Ubuntu SMP Tue Sep 8 12:30:01 UTC 2020 x86_64
Control connection MSS 1448
Time: Sat, 06 Nov 2021 16:12:26 GMT
Connecting to host 10.0.0.19, port 5250
      Cookie: urqqrtf4ph2bckldd6zqit4pqpmt3mh5rwky
      TCP MSS: 9216
[  5] local 10.0.0.1 port 38500 connected to 10.0.0.19 port 5250
Starting Test: protocol: TCP, 1 streams, 131072 byte blocks, omitting 0 seconds, 10 second test, tos 0
[ ID] Interval           Transfer     Bitrate         Retr  Cwnd
[  5]   0.00-1.00   sec  22.5 MBytes   189 Mbits/sec    0   3.54 MBytes       
[  5]   1.00-2.00   sec  22.5 MBytes   189 Mbits/sec  118   6.47 MBytes       
[  5]   2.00-3.00   sec  25.0 MBytes   210 Mbits/sec  209   3.42 MBytes       
[  5]   3.00-4.00   sec  20.0 MBytes   168 Mbits/sec    0   3.42 MBytes       
[  5]   4.00-5.00   sec  17.5 MBytes   147 Mbits/sec    0   3.42 MBytes       
[  5]   5.00-6.00   sec  17.5 MBytes   147 Mbits/sec    0   3.44 MBytes       
[  5]   6.00-7.00   sec  16.2 MBytes   136 Mbits/sec    0   3.46 MBytes       
[  5]   7.00-8.00   sec  17.5 MBytes   147 Mbits/sec    0   3.50 MBytes       
[  5]   8.00-9.00   sec  17.5 MBytes   147 Mbits/sec    0   3.56 MBytes       
[  5]   9.00-10.00  sec  16.2 MBytes   136 Mbits/sec    0   3.64 MBytes       
- - - - - - - - - - - - - - - - - - - - - - - - -
Test Complete. Summary Results:
[ ID] Interval           Transfer     Bitrate         Retr
[  5]   0.00-10.00  sec   192 MBytes   161 Mbits/sec  327             sender
[  5]   0.00-10.21  sec   177 MBytes   145 Mbits/sec                  receiver
CPU Utilization: local/sender 2.0% (0.2%u/1.8%s), remote/receiver 2.3% (0.1%u/2.2%s)
snd_tcp_congestion cubic
rcv_tcp_congestion cubic

iperf Done.
