h1 sending to h19 ---
iperf 3.10.1
Linux cs490clc1.cs.purdue.edu 4.15.0-118-generic #119-Ubuntu SMP Tue Sep 8 12:30:01 UTC 2020 x86_64
Control connection MSS 1448
Time: Sun, 14 Nov 2021 20:58:53 GMT
Connecting to host 10.0.0.19, port 5250
      Cookie: zhxng3mntohoakvmtexrzq24lbnaa27c6wmz
      TCP MSS: 9216
[  5] local 10.0.0.1 port 59000 connected to 10.0.0.19 port 5250
Starting Test: protocol: TCP, 1 streams, 131072 byte blocks, omitting 0 seconds, 10 second test, tos 0
[ ID] Interval           Transfer     Bitrate         Retr  Cwnd
[  5]   0.00-1.00   sec  22.5 MBytes   189 Mbits/sec    0   1.95 MBytes       
[  5]   1.00-2.00   sec  10.0 MBytes  83.9 Mbits/sec  175   1.51 MBytes       
[  5]   2.00-3.00   sec  10.0 MBytes  83.9 Mbits/sec    0   1.66 MBytes       
[  5]   3.00-4.00   sec  10.0 MBytes  83.9 Mbits/sec    0   1.78 MBytes       
[  5]   4.00-5.00   sec  11.2 MBytes  94.4 Mbits/sec    0   1.87 MBytes       
[  5]   5.00-6.00   sec  12.5 MBytes   105 Mbits/sec    0   1.95 MBytes       
[  5]   6.00-7.00   sec  12.5 MBytes   105 Mbits/sec    0   2.00 MBytes       
[  5]   7.00-8.00   sec  12.5 MBytes   105 Mbits/sec    0   2.04 MBytes       
[  5]   8.00-9.00   sec  12.5 MBytes   105 Mbits/sec    7   2.05 MBytes       
[  5]   9.00-10.00  sec  11.2 MBytes  94.4 Mbits/sec    0   2.06 MBytes       
- - - - - - - - - - - - - - - - - - - - - - - - -
Test Complete. Summary Results:
[ ID] Interval           Transfer     Bitrate         Retr
[  5]   0.00-10.00  sec   125 MBytes   105 Mbits/sec  182             sender
[  5]   0.00-10.14  sec   108 MBytes  89.4 Mbits/sec                  receiver
CPU Utilization: local/sender 1.8% (0.1%u/1.7%s), remote/receiver 2.4% (0.1%u/2.3%s)
snd_tcp_congestion cubic
rcv_tcp_congestion cubic

iperf Done.
