h1 sending to h19 ---
iperf 3.10.1
Linux cs490clc1.cs.purdue.edu 4.15.0-118-generic #119-Ubuntu SMP Tue Sep 8 12:30:01 UTC 2020 x86_64
Control connection MSS 1448
Time: Mon, 15 Nov 2021 18:24:20 GMT
Connecting to host 10.0.0.19, port 5250
      Cookie: tlshl7lfn37ecabmcadslhnejq4ktksndpfr
      TCP MSS: 9216
[  5] local 10.0.0.1 port 57676 connected to 10.0.0.19 port 5250
Starting Test: protocol: TCP, 1 streams, 131072 byte blocks, omitting 0 seconds, 10 second test, tos 0
[ ID] Interval           Transfer     Bitrate         Retr  Cwnd
[  5]   0.00-1.00   sec  22.5 MBytes   189 Mbits/sec    0   3.54 MBytes       
[  5]   1.00-2.00   sec  37.5 MBytes   315 Mbits/sec    0   8.18 MBytes       
[  5]   2.00-3.00   sec  51.2 MBytes   430 Mbits/sec    2   9.43 MBytes       
[  5]   3.00-4.00   sec  55.0 MBytes   461 Mbits/sec    0   9.44 MBytes       
[  5]   4.00-5.00   sec  53.8 MBytes   451 Mbits/sec    0   9.44 MBytes       
[  5]   5.00-6.00   sec  55.0 MBytes   461 Mbits/sec    0   9.45 MBytes       
[  5]   6.00-7.00   sec  55.0 MBytes   461 Mbits/sec    0   9.48 MBytes       
[  5]   7.00-8.00   sec  55.0 MBytes   461 Mbits/sec    0   9.52 MBytes       
[  5]   8.00-9.00   sec  55.0 MBytes   461 Mbits/sec    0   9.58 MBytes       
[  5]   9.00-10.00  sec  55.0 MBytes   461 Mbits/sec    0   9.66 MBytes       
- - - - - - - - - - - - - - - - - - - - - - - - -
Test Complete. Summary Results:
[ ID] Interval           Transfer     Bitrate         Retr
[  5]   0.00-10.00  sec   495 MBytes   415 Mbits/sec    2             sender
[  5]   0.00-10.12  sec   485 MBytes   403 Mbits/sec                  receiver
CPU Utilization: local/sender 3.2% (0.2%u/3.0%s), remote/receiver 3.1% (0.2%u/2.9%s)
snd_tcp_congestion cubic
rcv_tcp_congestion cubic

iperf Done.
