
--- TCP Test 0: h1 sending to h2 ---
iperf 3.1.3
Linux cs490clc1.cs.purdue.edu 4.15.0-118-generic #119-Ubuntu SMP Tue Sep 8 12:30:01 UTC 2020 x86_64
Time: Tue, 14 Sep 2021 17:14:31 GMT
Connecting to host 10.0.0.2, port 5250
      Cookie: cs490clc1.cs.purdue.edu.1631639671.0
      TCP MSS: 9216
[  4] local 10.0.0.1 port 59766 connected to 10.0.0.2 port 5250
Starting Test: protocol: TCP, 1 streams, 1024000 byte blocks, omitting 0 seconds, 10 second test
[ ID] Interval           Transfer     Bandwidth       Retr  Cwnd
[  4]   0.00-1.00   sec  94.6 MBytes   794 Mbits/sec    0   1.04 MBytes       
[  4]   1.00-2.00   sec  96.4 MBytes   809 Mbits/sec    0   1.04 MBytes       
[  4]   2.00-3.00   sec  96.5 MBytes   810 Mbits/sec    0   1.04 MBytes       
[  4]   3.00-4.00   sec  96.3 MBytes   807 Mbits/sec    0   1.04 MBytes       
[  4]   4.00-5.00   sec  96.4 MBytes   809 Mbits/sec    0   1.04 MBytes       
[  4]   5.00-6.00   sec  96.4 MBytes   809 Mbits/sec    0   1.04 MBytes       
[  4]   6.00-7.00   sec  96.4 MBytes   809 Mbits/sec    0   1.04 MBytes       
[  4]   7.00-8.00   sec  96.4 MBytes   809 Mbits/sec    0   1.04 MBytes       
[  4]   8.00-9.00   sec  96.4 MBytes   809 Mbits/sec    0   1.04 MBytes       
[  4]   9.00-10.00  sec  96.4 MBytes   809 Mbits/sec    0   1.04 MBytes       
- - - - - - - - - - - - - - - - - - - - - - - - -
Test Complete. Summary Results:
[ ID] Interval           Transfer     Bandwidth       Retr
[  4]   0.00-10.00  sec   962 MBytes   807 Mbits/sec    0             sender
[  4]   0.00-10.00  sec   961 MBytes   806 Mbits/sec                  receiver
CPU Utilization: local/sender 3.7% (0.2%u/3.5%s), remote/receiver 5.3% (0.4%u/4.9%s)

iperf Done.

--- TCP Test 1: h1 sending to h4 ---
iperf 3.1.3
Linux cs490clc1.cs.purdue.edu 4.15.0-118-generic #119-Ubuntu SMP Tue Sep 8 12:30:01 UTC 2020 x86_64
Time: Tue, 14 Sep 2021 17:14:52 GMT
Connecting to host 10.0.0.4, port 5250
      Cookie: cs490clc1.cs.purdue.edu.1631639692.6
      TCP MSS: 9216
[  4] local 10.0.0.1 port 43332 connected to 10.0.0.4 port 5250
Starting Test: protocol: TCP, 1 streams, 1024000 byte blocks, omitting 0 seconds, 10 second test
[ ID] Interval           Transfer     Bandwidth       Retr  Cwnd
[  4]   0.00-1.00   sec  84.7 MBytes   711 Mbits/sec    0   1.04 MBytes       
[  4]   1.00-2.00   sec  86.4 MBytes   725 Mbits/sec   32   1.04 MBytes       
[  4]   2.00-3.00   sec  86.9 MBytes   729 Mbits/sec    0   1.04 MBytes       
[  4]   3.00-4.00   sec  87.1 MBytes   730 Mbits/sec    0   1.04 MBytes       
[  4]   4.00-5.00   sec  87.0 MBytes   730 Mbits/sec    0   1.04 MBytes       
[  4]   5.00-6.00   sec  87.0 MBytes   730 Mbits/sec    0   1.04 MBytes       
[  4]   6.00-7.00   sec  86.9 MBytes   729 Mbits/sec    0   1.04 MBytes       
[  4]   7.00-8.00   sec  86.7 MBytes   728 Mbits/sec    0   1.04 MBytes       
[  4]   8.00-9.00   sec  86.9 MBytes   729 Mbits/sec    0   1.04 MBytes       
[  4]   9.00-10.00  sec  86.9 MBytes   729 Mbits/sec    0   1.04 MBytes       
- - - - - - - - - - - - - - - - - - - - - - - - -
Test Complete. Summary Results:
[ ID] Interval           Transfer     Bandwidth       Retr
[  4]   0.00-10.00  sec   867 MBytes   727 Mbits/sec   32             sender
[  4]   0.00-10.00  sec   866 MBytes   726 Mbits/sec                  receiver
CPU Utilization: local/sender 3.4% (0.3%u/3.2%s), remote/receiver 4.6% (0.4%u/4.2%s)

iperf Done.

--- TCP Test 2: h1 sending to h7 ---
iperf 3.1.3
Linux cs490clc1.cs.purdue.edu 4.15.0-118-generic #119-Ubuntu SMP Tue Sep 8 12:30:01 UTC 2020 x86_64
Time: Tue, 14 Sep 2021 17:15:13 GMT
Connecting to host 10.0.0.7, port 5250
      Cookie: cs490clc1.cs.purdue.edu.1631639713.3
      TCP MSS: 9216
[  4] local 10.0.0.1 port 47268 connected to 10.0.0.7 port 5250
Starting Test: protocol: TCP, 1 streams, 1024000 byte blocks, omitting 0 seconds, 10 second test
[ ID] Interval           Transfer     Bandwidth       Retr  Cwnd
[  4]   0.00-1.00   sec  71.7 MBytes   602 Mbits/sec    0   1.43 MBytes       
[  4]   1.00-2.00   sec  75.9 MBytes   637 Mbits/sec    0   1.43 MBytes       
[  4]   2.00-3.00   sec  76.1 MBytes   638 Mbits/sec    0   1.43 MBytes       
[  4]   3.00-4.00   sec  76.1 MBytes   638 Mbits/sec    0   1.43 MBytes       
[  4]   4.00-5.00   sec  75.0 MBytes   629 Mbits/sec   45   1.43 MBytes       
[  4]   5.00-6.00   sec  75.9 MBytes   636 Mbits/sec    0   1.43 MBytes       
[  4]   6.00-7.00   sec  76.1 MBytes   639 Mbits/sec    0   1.43 MBytes       
[  4]   7.00-8.00   sec  76.1 MBytes   639 Mbits/sec    0   1.43 MBytes       
[  4]   8.00-9.00   sec  75.9 MBytes   636 Mbits/sec    0   1.43 MBytes       
[  4]   9.00-10.00  sec  76.3 MBytes   640 Mbits/sec    0   1.43 MBytes       
- - - - - - - - - - - - - - - - - - - - - - - - -
Test Complete. Summary Results:
[ ID] Interval           Transfer     Bandwidth       Retr
[  4]   0.00-10.00  sec   755 MBytes   633 Mbits/sec   45             sender
[  4]   0.00-10.00  sec   754 MBytes   633 Mbits/sec                  receiver
CPU Utilization: local/sender 3.4% (0.1%u/3.3%s), remote/receiver 4.8% (0.3%u/4.5%s)

iperf Done.

--- TCP Test 3: h1 sending to h19 ---
iperf 3.1.3
Linux cs490clc1.cs.purdue.edu 4.15.0-118-generic #119-Ubuntu SMP Tue Sep 8 12:30:01 UTC 2020 x86_64
Time: Tue, 14 Sep 2021 17:15:34 GMT
Connecting to host 10.0.0.19, port 5250
      Cookie: cs490clc1.cs.purdue.edu.1631639734.2
      TCP MSS: 9216
[  4] local 10.0.0.1 port 35374 connected to 10.0.0.19 port 5250
Starting Test: protocol: TCP, 1 streams, 1024000 byte blocks, omitting 0 seconds, 10 second test
[ ID] Interval           Transfer     Bandwidth       Retr  Cwnd
[  4]   0.00-1.00   sec  37.4 MBytes   314 Mbits/sec    0   1.64 MBytes       
[  4]   1.00-2.00   sec  40.5 MBytes   340 Mbits/sec    0   1.64 MBytes       
[  4]   2.00-3.00   sec  40.3 MBytes   338 Mbits/sec    0   1.64 MBytes       
[  4]   3.00-4.00   sec  40.3 MBytes   338 Mbits/sec    0   1.64 MBytes       
[  4]   4.00-5.00   sec  40.5 MBytes   339 Mbits/sec    0   1.64 MBytes       
[  4]   5.00-6.00   sec  40.5 MBytes   340 Mbits/sec    0   1.64 MBytes       
[  4]   6.00-7.00   sec  40.2 MBytes   337 Mbits/sec   45   1.64 MBytes       
[  4]   7.00-8.00   sec  40.4 MBytes   339 Mbits/sec    0   1.64 MBytes       
[  4]   8.00-9.00   sec  40.5 MBytes   339 Mbits/sec    0   1.64 MBytes       
[  4]   9.00-10.00  sec  40.3 MBytes   338 Mbits/sec    0   1.64 MBytes       
- - - - - - - - - - - - - - - - - - - - - - - - -
Test Complete. Summary Results:
[ ID] Interval           Transfer     Bandwidth       Retr
[  4]   0.00-10.00  sec   401 MBytes   336 Mbits/sec   45             sender
[  4]   0.00-10.00  sec   400 MBytes   335 Mbits/sec                  receiver
CPU Utilization: local/sender 2.2% (0.2%u/1.9%s), remote/receiver 3.0% (0.3%u/2.7%s)

iperf Done.

--- TCP Test 4: h1 sending to h37 ---
iperf 3.1.3
Linux cs490clc1.cs.purdue.edu 4.15.0-118-generic #119-Ubuntu SMP Tue Sep 8 12:30:01 UTC 2020 x86_64
Time: Tue, 14 Sep 2021 17:15:55 GMT
Connecting to host 10.0.0.37, port 5250
      Cookie: cs490clc1.cs.purdue.edu.1631639755.2
      TCP MSS: 9216
[  4] local 10.0.0.1 port 47542 connected to 10.0.0.37 port 5250
Starting Test: protocol: TCP, 1 streams, 1024000 byte blocks, omitting 0 seconds, 10 second test
[ ID] Interval           Transfer     Bandwidth       Retr  Cwnd
[  4]   0.00-1.00   sec  42.0 MBytes   353 Mbits/sec    2   1.66 MBytes       
[  4]   1.00-2.00   sec  45.4 MBytes   380 Mbits/sec    0   1.66 MBytes       
[  4]   2.00-3.00   sec  45.4 MBytes   381 Mbits/sec    0   1.66 MBytes       
[  4]   3.00-4.00   sec  45.6 MBytes   383 Mbits/sec    0   1.66 MBytes       
[  4]   4.00-5.00   sec  45.5 MBytes   382 Mbits/sec    0   1.66 MBytes       
[  4]   5.00-6.00   sec  45.5 MBytes   382 Mbits/sec    0   1.66 MBytes       
[  4]   6.00-7.00   sec  45.7 MBytes   383 Mbits/sec    0   1.66 MBytes       
[  4]   7.00-8.00   sec  45.4 MBytes   381 Mbits/sec    0   1.66 MBytes       
[  4]   8.00-9.00   sec  45.7 MBytes   384 Mbits/sec    0   1.66 MBytes       
[  4]   9.00-10.00  sec  45.5 MBytes   382 Mbits/sec    0   1.66 MBytes       
- - - - - - - - - - - - - - - - - - - - - - - - -
Test Complete. Summary Results:
[ ID] Interval           Transfer     Bandwidth       Retr
[  4]   0.00-10.00  sec   452 MBytes   379 Mbits/sec    2             sender
[  4]   0.00-10.00  sec   451 MBytes   378 Mbits/sec                  receiver
CPU Utilization: local/sender 2.5% (0.2%u/2.3%s), remote/receiver 3.4% (0.4%u/3.0%s)

iperf Done.
