iperf 3.10.1
Linux cs490clc1.cs.purdue.edu 4.15.0-118-generic #119-Ubuntu SMP Tue Sep 8 12:30:01 UTC 2020 x86_64
-----------------------------------------------------------
Server listening on 5250 (test #1)
-----------------------------------------------------------
Time: Tue, 02 Nov 2021 04:00:00 GMT
Accepted connection from 10.0.0.3, port 51742
      Cookie: chovqbskumxhzua3udxxu7ldtepjpmymlj2o
      TCP MSS: 9216
[  6] local 10.0.0.24 port 5250 connected to 10.0.0.3 port 51754
Starting Test: protocol: TCP, 1 streams, 131072 byte blocks, omitting 0 seconds, 10 second test, tos 0
[ ID] Interval           Transfer     Bitrate
[  6]   0.00-1.00   sec  3.52 MBytes  29.5 Mbits/sec                  
[  6]   1.00-2.00   sec  17.5 MBytes   147 Mbits/sec                  
[  6]   2.00-3.00   sec  13.5 MBytes   113 Mbits/sec                  
[  6]   3.00-4.00   sec  15.5 MBytes   130 Mbits/sec                  
[  6]   4.00-5.00   sec  10.0 MBytes  84.1 Mbits/sec                  
[  6]   5.00-6.00   sec  10.3 MBytes  86.5 Mbits/sec                  
[  6]   6.00-7.00   sec  11.0 MBytes  92.2 Mbits/sec                  
[  6]   7.00-8.00   sec  11.5 MBytes  96.6 Mbits/sec                  
[  6]   8.00-9.00   sec  11.1 MBytes  92.9 Mbits/sec                  
[  6]   9.00-10.00  sec  12.0 MBytes   100 Mbits/sec                  
[  6]  10.00-10.12  sec  1.34 MBytes  96.6 Mbits/sec                  
- - - - - - - - - - - - - - - - - - - - - - - - -
Test Complete. Summary Results:
[ ID] Interval           Transfer     Bitrate
[  6] (sender statistics not available)
[  6]   0.00-10.12  sec   117 MBytes  97.3 Mbits/sec                  receiver
rcv_tcp_congestion cubic
iperf3: interrupt - the server has terminated
