
--- TCP Test 0: h1 sending to h2 ---
iperf 3.1.3
Linux cs490clc1.cs.purdue.edu 4.15.0-118-generic #119-Ubuntu SMP Tue Sep 8 12:30:01 UTC 2020 x86_64
Time: Tue, 14 Sep 2021 16:31:13 GMT
Connecting to host 10.0.0.2, port 5250
      Cookie: cs490clc1.cs.purdue.edu.1631637073.1
      TCP MSS: 9216
[  4] local 10.0.0.1 port 51294 connected to 10.0.0.2 port 5250
Starting Test: protocol: TCP, 1 streams, 1024000 byte blocks, omitting 0 seconds, 10 second test
[ ID] Interval           Transfer     Bandwidth       Retr  Cwnd
[  4]   0.00-1.00   sec  96.0 MBytes   805 Mbits/sec    0   1.05 MBytes       
[  4]   1.00-2.00   sec  96.1 MBytes   806 Mbits/sec   32   1.05 MBytes       
[  4]   2.00-3.00   sec  96.3 MBytes   808 Mbits/sec    0   1.05 MBytes       
[  4]   3.00-4.00   sec  96.1 MBytes   807 Mbits/sec    0   1.05 MBytes       
[  4]   4.00-5.00   sec  96.2 MBytes   807 Mbits/sec    0   1.05 MBytes       
[  4]   5.00-6.00   sec  96.3 MBytes   807 Mbits/sec    0   1.05 MBytes       
[  4]   6.00-7.00   sec  96.2 MBytes   807 Mbits/sec    0   1.05 MBytes       
[  4]   7.00-8.00   sec  95.9 MBytes   805 Mbits/sec    0   1.05 MBytes       
[  4]   8.00-9.00   sec  96.2 MBytes   807 Mbits/sec    0   1.05 MBytes       
[  4]   9.00-10.00  sec  96.3 MBytes   808 Mbits/sec    0   1.05 MBytes       
- - - - - - - - - - - - - - - - - - - - - - - - -
Test Complete. Summary Results:
[ ID] Interval           Transfer     Bandwidth       Retr
[  4]   0.00-10.00  sec   962 MBytes   807 Mbits/sec   32             sender
[  4]   0.00-10.00  sec   961 MBytes   806 Mbits/sec                  receiver
CPU Utilization: local/sender 3.6% (0.4%u/3.2%s), remote/receiver 5.2% (0.3%u/4.9%s)

iperf Done.

--- TCP Test 1: h1 sending to h4 ---
iperf 3.1.3
Linux cs490clc1.cs.purdue.edu 4.15.0-118-generic #119-Ubuntu SMP Tue Sep 8 12:30:01 UTC 2020 x86_64
Time: Tue, 14 Sep 2021 16:31:34 GMT
Connecting to host 10.0.0.4, port 5250
      Cookie: cs490clc1.cs.purdue.edu.1631637094.8
      TCP MSS: 9216
[  4] local 10.0.0.1 port 34860 connected to 10.0.0.4 port 5250
Starting Test: protocol: TCP, 1 streams, 1024000 byte blocks, omitting 0 seconds, 10 second test
[ ID] Interval           Transfer     Bandwidth       Retr  Cwnd
[  4]   0.00-1.00   sec  83.9 MBytes   703 Mbits/sec    0   1.05 MBytes       
[  4]   1.00-2.00   sec  86.1 MBytes   722 Mbits/sec    0   1.05 MBytes       
[  4]   2.00-3.00   sec  86.1 MBytes   723 Mbits/sec    0   1.05 MBytes       
[  4]   3.00-4.00   sec  86.3 MBytes   723 Mbits/sec    0   1.05 MBytes       
[  4]   4.00-5.00   sec  86.2 MBytes   723 Mbits/sec    0   1.05 MBytes       
[  4]   5.00-6.00   sec  86.3 MBytes   724 Mbits/sec    0   1.05 MBytes       
[  4]   6.00-7.00   sec  86.3 MBytes   724 Mbits/sec    0   1.05 MBytes       
[  4]   7.00-8.00   sec  85.9 MBytes   720 Mbits/sec    0   1.05 MBytes       
[  4]   8.00-9.00   sec  86.3 MBytes   724 Mbits/sec    0   1.05 MBytes       
[  4]   9.00-10.00  sec  86.2 MBytes   723 Mbits/sec    0   1.05 MBytes       
- - - - - - - - - - - - - - - - - - - - - - - - -
Test Complete. Summary Results:
[ ID] Interval           Transfer     Bandwidth       Retr
[  4]   0.00-10.00  sec   859 MBytes   721 Mbits/sec    0             sender
[  4]   0.00-10.00  sec   858 MBytes   720 Mbits/sec                  receiver
CPU Utilization: local/sender 3.8% (0.4%u/3.4%s), remote/receiver 4.8% (0.4%u/4.4%s)

iperf Done.

--- TCP Test 2: h1 sending to h7 ---
iperf 3.1.3
Linux cs490clc1.cs.purdue.edu 4.15.0-118-generic #119-Ubuntu SMP Tue Sep 8 12:30:01 UTC 2020 x86_64
Time: Tue, 14 Sep 2021 16:31:55 GMT
Connecting to host 10.0.0.7, port 5250
      Cookie: cs490clc1.cs.purdue.edu.1631637115.4
      TCP MSS: 9216
[  4] local 10.0.0.1 port 38796 connected to 10.0.0.7 port 5250
Starting Test: protocol: TCP, 1 streams, 1024000 byte blocks, omitting 0 seconds, 10 second test
[ ID] Interval           Transfer     Bandwidth       Retr  Cwnd
[  4]   0.00-1.00   sec  73.1 MBytes   613 Mbits/sec    0   1.33 MBytes       
[  4]   1.00-2.00   sec  76.4 MBytes   641 Mbits/sec    0   1.33 MBytes       
[  4]   2.00-3.00   sec  75.8 MBytes   636 Mbits/sec    0   1.33 MBytes       
[  4]   3.00-4.00   sec  75.9 MBytes   637 Mbits/sec   45   1.33 MBytes       
[  4]   4.00-5.00   sec  76.6 MBytes   642 Mbits/sec    0   1.33 MBytes       
[  4]   5.00-6.00   sec  76.4 MBytes   641 Mbits/sec    0   1.33 MBytes       
[  4]   6.00-7.00   sec  76.7 MBytes   643 Mbits/sec    0   1.33 MBytes       
[  4]   7.00-8.00   sec  76.7 MBytes   644 Mbits/sec    0   1.33 MBytes       
[  4]   8.00-9.00   sec  76.6 MBytes   642 Mbits/sec    0   1.33 MBytes       
[  4]   9.00-10.00  sec  76.7 MBytes   644 Mbits/sec    0   1.33 MBytes       
- - - - - - - - - - - - - - - - - - - - - - - - -
Test Complete. Summary Results:
[ ID] Interval           Transfer     Bandwidth       Retr
[  4]   0.00-10.00  sec   761 MBytes   638 Mbits/sec   45             sender
[  4]   0.00-10.00  sec   760 MBytes   638 Mbits/sec                  receiver
CPU Utilization: local/sender 3.7% (0.2%u/3.5%s), remote/receiver 5.0% (0.2%u/4.8%s)

iperf Done.

--- TCP Test 3: h1 sending to h19 ---
iperf 3.1.3
Linux cs490clc1.cs.purdue.edu 4.15.0-118-generic #119-Ubuntu SMP Tue Sep 8 12:30:01 UTC 2020 x86_64
Time: Tue, 14 Sep 2021 16:32:16 GMT
Connecting to host 10.0.0.19, port 5250
      Cookie: cs490clc1.cs.purdue.edu.1631637136.3
      TCP MSS: 9216
[  4] local 10.0.0.1 port 55134 connected to 10.0.0.19 port 5250
Starting Test: protocol: TCP, 1 streams, 1024000 byte blocks, omitting 0 seconds, 10 second test
[ ID] Interval           Transfer     Bandwidth       Retr  Cwnd
[  4]   0.00-1.00   sec  36.0 MBytes   302 Mbits/sec    0   1.61 MBytes       
[  4]   1.00-2.00   sec  40.3 MBytes   338 Mbits/sec    0   1.61 MBytes       
[  4]   2.00-3.00   sec  40.3 MBytes   338 Mbits/sec    0   1.61 MBytes       
[  4]   3.00-4.00   sec  40.0 MBytes   336 Mbits/sec    0   1.61 MBytes       
[  4]   4.00-5.00   sec  40.1 MBytes   337 Mbits/sec    0   1.61 MBytes       
[  4]   5.00-6.00   sec  40.2 MBytes   337 Mbits/sec    0   1.61 MBytes       
[  4]   6.00-7.00   sec  39.9 MBytes   335 Mbits/sec    0   1.61 MBytes       
[  4]   7.00-8.00   sec  40.1 MBytes   337 Mbits/sec    0   1.61 MBytes       
[  4]   8.00-9.00   sec  40.3 MBytes   338 Mbits/sec    0   1.61 MBytes       
[  4]   9.00-10.00  sec  40.1 MBytes   337 Mbits/sec    0   1.61 MBytes       
- - - - - - - - - - - - - - - - - - - - - - - - -
Test Complete. Summary Results:
[ ID] Interval           Transfer     Bandwidth       Retr
[  4]   0.00-10.00  sec   397 MBytes   333 Mbits/sec    0             sender
[  4]   0.00-10.00  sec   396 MBytes   332 Mbits/sec                  receiver
CPU Utilization: local/sender 2.1% (0.2%u/1.9%s), remote/receiver 2.9% (0.3%u/2.6%s)

iperf Done.

--- TCP Test 4: h1 sending to h37 ---
iperf 3.1.3
Linux cs490clc1.cs.purdue.edu 4.15.0-118-generic #119-Ubuntu SMP Tue Sep 8 12:30:01 UTC 2020 x86_64
Time: Tue, 14 Sep 2021 16:32:37 GMT
Connecting to host 10.0.0.37, port 5250
      Cookie: cs490clc1.cs.purdue.edu.1631637157.1
      TCP MSS: 9216
[  4] local 10.0.0.1 port 39070 connected to 10.0.0.37 port 5250
Starting Test: protocol: TCP, 1 streams, 1024000 byte blocks, omitting 0 seconds, 10 second test
[ ID] Interval           Transfer     Bandwidth       Retr  Cwnd
[  4]   0.00-1.00   sec  32.7 MBytes   274 Mbits/sec    0   1.58 MBytes       
[  4]   1.00-2.00   sec  34.7 MBytes   291 Mbits/sec    0   1.58 MBytes       
[  4]   2.00-3.00   sec  34.7 MBytes   291 Mbits/sec    0   1.58 MBytes       
[  4]   3.00-4.00   sec  34.9 MBytes   293 Mbits/sec    0   1.58 MBytes       
[  4]   4.00-5.00   sec  34.9 MBytes   292 Mbits/sec    0   1.58 MBytes       
[  4]   5.00-6.00   sec  34.9 MBytes   293 Mbits/sec    0   1.58 MBytes       
[  4]   6.00-7.00   sec  34.8 MBytes   292 Mbits/sec    0   1.58 MBytes       
[  4]   7.00-8.00   sec  34.4 MBytes   288 Mbits/sec   45   1.58 MBytes       
[  4]   8.00-9.00   sec  34.9 MBytes   292 Mbits/sec    0   1.58 MBytes       
[  4]   9.00-10.00  sec  35.0 MBytes   293 Mbits/sec    0   1.58 MBytes       
- - - - - - - - - - - - - - - - - - - - - - - - -
Test Complete. Summary Results:
[ ID] Interval           Transfer     Bandwidth       Retr
[  4]   0.00-10.00  sec   346 MBytes   290 Mbits/sec   45             sender
[  4]   0.00-10.00  sec   345 MBytes   289 Mbits/sec                  receiver
CPU Utilization: local/sender 2.0% (0.2%u/1.8%s), remote/receiver 2.7% (0.3%u/2.4%s)

iperf Done.
