h1 sending to h19 ---
iperf 3.10.1
Linux cs490clc1.cs.purdue.edu 4.15.0-118-generic #119-Ubuntu SMP Tue Sep 8 12:30:01 UTC 2020 x86_64
Control connection MSS 1448
Time: Mon, 08 Nov 2021 19:40:33 GMT
Connecting to host 10.0.0.19, port 5250
      Cookie: po67ev3ftc6fhtdzm33v5ydw3ndcnyy2jrrd
      TCP MSS: 9216
[  5] local 10.0.0.1 port 58566 connected to 10.0.0.19 port 5250
Starting Test: protocol: TCP, 1 streams, 131072 byte blocks, omitting 0 seconds, 10 second test, tos 0
[ ID] Interval           Transfer     Bitrate         Retr  Cwnd
[  5]   0.00-1.00   sec  22.5 MBytes   189 Mbits/sec    0   3.54 MBytes       
[  5]   1.00-2.00   sec  41.2 MBytes   346 Mbits/sec    0   14.8 MBytes       
[  5]   2.00-3.00   sec  46.2 MBytes   388 Mbits/sec    0   14.8 MBytes       
[  5]   3.00-4.00   sec  51.2 MBytes   430 Mbits/sec    0   14.8 MBytes       
[  5]   4.00-5.00   sec  48.8 MBytes   409 Mbits/sec    0   14.8 MBytes       
[  5]   5.00-6.00   sec  46.2 MBytes   388 Mbits/sec    4   14.8 MBytes       
[  5]   6.00-7.00   sec  51.2 MBytes   430 Mbits/sec    0   14.8 MBytes       
[  5]   7.00-8.00   sec  48.8 MBytes   409 Mbits/sec    0   14.8 MBytes       
[  5]   8.00-9.00   sec  46.2 MBytes   388 Mbits/sec    0   14.8 MBytes       
[  5]   9.00-10.00  sec  51.2 MBytes   430 Mbits/sec    0   14.8 MBytes       
- - - - - - - - - - - - - - - - - - - - - - - - -
Test Complete. Summary Results:
[ ID] Interval           Transfer     Bitrate         Retr
[  5]   0.00-10.00  sec   454 MBytes   381 Mbits/sec    4             sender
[  5]   0.00-10.30  sec   448 MBytes   365 Mbits/sec                  receiver
CPU Utilization: local/sender 3.1% (0.1%u/3.0%s), remote/receiver 3.8% (0.2%u/3.6%s)
snd_tcp_congestion cubic
rcv_tcp_congestion cubic

iperf Done.
