
--- TCP Test 0: h1 sending to h2 ---
Connecting to host 10.0.0.2, port 5250
[  4] local 10.0.0.1 port 49606 connected to 10.0.0.2 port 5250
[ ID] Interval           Transfer     Bandwidth       Retr  Cwnd
[  4]   0.00-1.00   sec   102 MBytes   859 Mbits/sec    0    936 KBytes       
[  4]   1.00-2.00   sec   103 MBytes   863 Mbits/sec    0    936 KBytes       
[  4]   2.00-3.00   sec   103 MBytes   862 Mbits/sec    0    936 KBytes       
[  4]   3.00-4.00   sec   103 MBytes   863 Mbits/sec    0    936 KBytes       
[  4]   4.00-5.00   sec   103 MBytes   863 Mbits/sec    0    936 KBytes       
[  4]   5.00-6.00   sec   103 MBytes   861 Mbits/sec    0    936 KBytes       
[  4]   6.00-7.00   sec   103 MBytes   863 Mbits/sec    0    936 KBytes       
[  4]   7.00-8.00   sec   103 MBytes   864 Mbits/sec    0    936 KBytes       
[  4]   8.00-9.00   sec   103 MBytes   863 Mbits/sec    0    936 KBytes       
[  4]   9.00-10.00  sec   103 MBytes   862 Mbits/sec    0    936 KBytes       
- - - - - - - - - - - - - - - - - - - - - - - - -
[ ID] Interval           Transfer     Bandwidth       Retr
[  4]   0.00-10.00  sec  1.00 GBytes   862 Mbits/sec    0             sender
[  4]   0.00-10.00  sec  1.00 GBytes   861 Mbits/sec                  receiver

iperf Done.

--- TCP Test 1: h1 sending to h4 ---
Connecting to host 10.0.0.4, port 5250
[  4] local 10.0.0.1 port 33172 connected to 10.0.0.4 port 5250
[ ID] Interval           Transfer     Bandwidth       Retr  Cwnd
[  4]   0.00-1.00   sec  99.3 MBytes   833 Mbits/sec    0   1.39 MBytes       
[  4]   1.00-2.00   sec   102 MBytes   858 Mbits/sec    0   1.39 MBytes       
[  4]   2.00-3.00   sec   102 MBytes   855 Mbits/sec    0   1.39 MBytes       
[  4]   3.00-4.00   sec   102 MBytes   859 Mbits/sec    0   1.39 MBytes       
[  4]   4.00-5.00   sec   102 MBytes   858 Mbits/sec    0   1.39 MBytes       
[  4]   5.00-6.00   sec   102 MBytes   858 Mbits/sec    0   1.39 MBytes       
[  4]   6.00-7.00   sec   102 MBytes   859 Mbits/sec    0   1.39 MBytes       
[  4]   7.00-8.00   sec   102 MBytes   858 Mbits/sec    0   1.39 MBytes       
[  4]   8.00-9.00   sec   102 MBytes   852 Mbits/sec    0   1.39 MBytes       
[  4]   9.00-10.00  sec   102 MBytes   859 Mbits/sec    0   1.39 MBytes       
- - - - - - - - - - - - - - - - - - - - - - - - -
[ ID] Interval           Transfer     Bandwidth       Retr
[  4]   0.00-10.00  sec  1019 MBytes   855 Mbits/sec    0             sender
[  4]   0.00-10.00  sec  1018 MBytes   854 Mbits/sec                  receiver

iperf Done.

--- TCP Test 2: h1 sending to h7 ---
Connecting to host 10.0.0.7, port 5250
[  4] local 10.0.0.1 port 37108 connected to 10.0.0.7 port 5250
[ ID] Interval           Transfer     Bandwidth       Retr  Cwnd
[  4]   0.00-1.00   sec  67.3 MBytes   565 Mbits/sec   16   1.64 MBytes       
[  4]   1.00-2.00   sec  71.2 MBytes   597 Mbits/sec    0   1.64 MBytes       
[  4]   2.00-3.00   sec  71.0 MBytes   595 Mbits/sec   45   1.64 MBytes       
[  4]   3.00-4.00   sec  71.0 MBytes   595 Mbits/sec    0   1.64 MBytes       
[  4]   4.00-5.00   sec  71.3 MBytes   598 Mbits/sec    0   1.64 MBytes       
[  4]   5.00-6.00   sec  71.0 MBytes   596 Mbits/sec    0   1.64 MBytes       
[  4]   6.00-7.00   sec  70.8 MBytes   594 Mbits/sec    0   1.64 MBytes       
[  4]   7.00-8.00   sec  71.0 MBytes   595 Mbits/sec    0   1.64 MBytes       
[  4]   8.00-9.00   sec  71.2 MBytes   597 Mbits/sec    0   1.64 MBytes       
[  4]   9.00-10.00  sec  71.0 MBytes   596 Mbits/sec    0   1.64 MBytes       
- - - - - - - - - - - - - - - - - - - - - - - - -
[ ID] Interval           Transfer     Bandwidth       Retr
[  4]   0.00-10.00  sec   707 MBytes   593 Mbits/sec   61             sender
[  4]   0.00-10.00  sec   706 MBytes   592 Mbits/sec                  receiver

iperf Done.

--- TCP Test 3: h1 sending to h19 ---
Connecting to host 10.0.0.19, port 5250
[  4] local 10.0.0.1 port 53446 connected to 10.0.0.19 port 5250
[ ID] Interval           Transfer     Bandwidth       Retr  Cwnd
[  4]   0.00-1.00   sec  43.9 MBytes   368 Mbits/sec    0   1.67 MBytes       
[  4]   1.00-2.00   sec  47.5 MBytes   399 Mbits/sec   45   1.67 MBytes       
[  4]   2.00-3.00   sec  47.2 MBytes   396 Mbits/sec    0   1.67 MBytes       
[  4]   3.00-4.00   sec  47.2 MBytes   396 Mbits/sec    0   1.67 MBytes       
[  4]   4.00-5.00   sec  47.4 MBytes   397 Mbits/sec    0   1.67 MBytes       
[  4]   5.00-6.00   sec  47.4 MBytes   398 Mbits/sec    0   1.67 MBytes       
[  4]   6.00-7.00   sec  47.2 MBytes   396 Mbits/sec    0   1.67 MBytes       
[  4]   7.00-8.00   sec  47.3 MBytes   397 Mbits/sec    0   1.67 MBytes       
[  4]   8.00-9.00   sec  47.4 MBytes   398 Mbits/sec    0   1.67 MBytes       
[  4]   9.00-10.00  sec  47.5 MBytes   399 Mbits/sec    0   1.67 MBytes       
- - - - - - - - - - - - - - - - - - - - - - - - -
[ ID] Interval           Transfer     Bandwidth       Retr
[  4]   0.00-10.00  sec   470 MBytes   394 Mbits/sec   45             sender
[  4]   0.00-10.00  sec   469 MBytes   394 Mbits/sec                  receiver

iperf Done.

--- TCP Test 4: h1 sending to h37 ---
Connecting to host 10.0.0.37, port 5250
[  4] local 10.0.0.1 port 37382 connected to 10.0.0.37 port 5250
[ ID] Interval           Transfer     Bandwidth       Retr  Cwnd
[  4]   0.00-1.00   sec  43.0 MBytes   361 Mbits/sec    0   1.70 MBytes       
[  4]   1.00-2.00   sec  47.1 MBytes   395 Mbits/sec    0   1.70 MBytes       
[  4]   2.00-3.00   sec  47.3 MBytes   397 Mbits/sec    0   1.70 MBytes       
[  4]   3.00-4.00   sec  47.2 MBytes   396 Mbits/sec    0   1.70 MBytes       
[  4]   4.00-5.00   sec  47.1 MBytes   395 Mbits/sec    0   1.70 MBytes       
[  4]   5.00-6.00   sec  47.2 MBytes   396 Mbits/sec    0   1.70 MBytes       
[  4]   6.00-7.00   sec  47.2 MBytes   396 Mbits/sec    0   1.70 MBytes       
[  4]   7.00-8.00   sec  46.9 MBytes   394 Mbits/sec    0   1.70 MBytes       
[  4]   8.00-9.00   sec  47.3 MBytes   397 Mbits/sec    0   1.70 MBytes       
[  4]   9.00-10.00  sec  47.5 MBytes   398 Mbits/sec    0   1.70 MBytes       
- - - - - - - - - - - - - - - - - - - - - - - - -
[ ID] Interval           Transfer     Bandwidth       Retr
[  4]   0.00-10.00  sec   468 MBytes   392 Mbits/sec    0             sender
[  4]   0.00-10.00  sec   467 MBytes   392 Mbits/sec                  receiver

iperf Done.
