iperf 3.10.1
Linux cs490clc1.cs.purdue.edu 4.15.0-118-generic #119-Ubuntu SMP Tue Sep 8 12:30:01 UTC 2020 x86_64
-----------------------------------------------------------
Server listening on 5250 (test #1)
-----------------------------------------------------------
Time: Sat, 13 Nov 2021 19:43:24 GMT
Accepted connection from 10.0.0.29, port 37066
      Cookie: tmhdeaxwpf2byushqna32hyolfbn6res45pv
      TCP MSS: 9216
[  6] local 10.0.0.8 port 5250 connected to 10.0.0.29 port 37082
Starting Test: protocol: TCP, 1 streams, 131072 byte blocks, omitting 0 seconds, 10 second test, tos 0
[ ID] Interval           Transfer     Bitrate
[  6]   0.00-1.00   sec  1.75 MBytes  14.7 Mbits/sec                  
[  6]   1.00-2.00   sec  1.62 MBytes  13.6 Mbits/sec                  
[  6]   2.00-3.00   sec   150 KBytes  1.23 Mbits/sec                  
[  6]   3.00-4.00   sec  0.00 Bytes  0.00 bits/sec                  
[  6]   4.00-5.00   sec  1.25 MBytes  10.5 Mbits/sec                  
[  6]   5.00-6.00   sec   542 KBytes  4.43 Mbits/sec                  
[  6]   6.00-7.00   sec  0.00 Bytes  0.00 bits/sec                  
[  6]   7.00-8.00   sec   604 KBytes  4.95 Mbits/sec                  
[  6]   8.00-9.00   sec  1.24 MBytes  10.4 Mbits/sec                  
[  6]   9.00-10.00  sec  0.00 Bytes  0.00 bits/sec                  
[  6]  10.00-11.00  sec   130 KBytes  1.07 Mbits/sec                  
[  6]  11.00-11.64  sec  1.21 MBytes  15.8 Mbits/sec                  
- - - - - - - - - - - - - - - - - - - - - - - - -
Test Complete. Summary Results:
[ ID] Interval           Transfer     Bitrate
[  6] (sender statistics not available)
[  6]   0.00-11.64  sec  8.47 MBytes  6.11 Mbits/sec                  receiver
rcv_tcp_congestion cubic
iperf3: interrupt - the server has terminated
