iperf 3.10.1
Linux cs490clc1.cs.purdue.edu 4.15.0-118-generic #119-Ubuntu SMP Tue Sep 8 12:30:01 UTC 2020 x86_64
-----------------------------------------------------------
Server listening on 5250 (test #1)
-----------------------------------------------------------
Time: Tue, 19 Oct 2021 21:23:40 GMT
Accepted connection from 10.0.0.1, port 40380
      Cookie: mi52brufkktf5k73ecthxwsk7jhznyhpzh5h
      TCP MSS: 9216
[  6] local 10.0.0.2 port 5250 connected to 10.0.0.1 port 40382
Starting Test: protocol: TCP, 1 streams, 131072 byte blocks, omitting 0 seconds, 10 second test, tos 0
[ ID] Interval           Transfer     Bitrate
[  6]   0.00-1.00   sec  1.14 MBytes  9.60 Mbits/sec                  
[  6]   1.00-2.00   sec  1.14 MBytes  9.57 Mbits/sec                  
[  6]   2.00-3.00   sec  1.14 MBytes  9.58 Mbits/sec                  
[  6]   3.00-4.00   sec  1.14 MBytes  9.57 Mbits/sec                  
[  6]   4.00-5.00   sec  1.14 MBytes  9.56 Mbits/sec                  
[  6]   5.00-6.00   sec  1.14 MBytes  9.56 Mbits/sec                  
[  6]   6.00-7.00   sec  1.14 MBytes  9.56 Mbits/sec                  
[  6]   7.00-8.00   sec  1.14 MBytes  9.56 Mbits/sec                  
[  6]   8.00-9.00   sec  1.14 MBytes  9.56 Mbits/sec                  
[  6]   9.00-10.00  sec  1.14 MBytes  9.56 Mbits/sec                  
[  6]  10.00-10.01  sec  14.1 KBytes  8.47 Mbits/sec                  
- - - - - - - - - - - - - - - - - - - - - - - - -
Test Complete. Summary Results:
[ ID] Interval           Transfer     Bitrate
[  6] (sender statistics not available)
[  6]   0.00-10.01  sec  11.4 MBytes  9.56 Mbits/sec                  receiver
rcv_tcp_congestion cubic
iperf 3.10.1
Linux cs490clc1.cs.purdue.edu 4.15.0-118-generic #119-Ubuntu SMP Tue Sep 8 12:30:01 UTC 2020 x86_64
-----------------------------------------------------------
Server listening on 5250 (test #1)
-----------------------------------------------------------
Time: Tue, 19 Oct 2021 21:23:55 GMT
Accepted connection from 10.0.0.1, port 52086
      Cookie: udjhtgsrihgn65requlbmvrltkkd5ltembmm
      TCP MSS: 9216
[  6] local 10.0.0.4 port 5250 connected to 10.0.0.1 port 52088
Starting Test: protocol: TCP, 1 streams, 131072 byte blocks, omitting 0 seconds, 10 second test, tos 0
[ ID] Interval           Transfer     Bitrate
[  6]   0.00-1.00   sec  1.14 MBytes  9.59 Mbits/sec                  
[  6]   1.00-2.00   sec  1.14 MBytes  9.58 Mbits/sec                  
[  6]   2.00-3.00   sec  1.14 MBytes  9.58 Mbits/sec                  
[  6]   3.00-4.00   sec  1.14 MBytes  9.57 Mbits/sec                  
[  6]   4.00-5.00   sec  1.14 MBytes  9.56 Mbits/sec                  
[  6]   5.00-6.00   sec  1.14 MBytes  9.56 Mbits/sec                  
[  6]   6.00-7.00   sec  1.14 MBytes  9.56 Mbits/sec                  
[  6]   7.00-8.00   sec  1.14 MBytes  9.56 Mbits/sec                  
[  6]   8.00-9.00   sec  1.14 MBytes  9.56 Mbits/sec                  
[  6]   9.00-10.00  sec  1.14 MBytes  9.56 Mbits/sec                  
[  6]  10.00-10.01  sec  14.1 KBytes  8.44 Mbits/sec                  
- - - - - - - - - - - - - - - - - - - - - - - - -
Test Complete. Summary Results:
[ ID] Interval           Transfer     Bitrate
[  6] (sender statistics not available)
[  6]   0.00-10.01  sec  11.4 MBytes  9.56 Mbits/sec                  receiver
rcv_tcp_congestion cubic
iperf 3.10.1
Linux cs490clc1.cs.purdue.edu 4.15.0-118-generic #119-Ubuntu SMP Tue Sep 8 12:30:01 UTC 2020 x86_64
-----------------------------------------------------------
Server listening on 5250 (test #1)
-----------------------------------------------------------
Time: Tue, 19 Oct 2021 21:24:11 GMT
Accepted connection from 10.0.0.1, port 55930
      Cookie: rvzvqzc2i3lpkwc36uyz5evatyeiwnqnrsq3
      TCP MSS: 9216
[  6] local 10.0.0.7 port 5250 connected to 10.0.0.1 port 55932
Starting Test: protocol: TCP, 1 streams, 131072 byte blocks, omitting 0 seconds, 10 second test, tos 0
[ ID] Interval           Transfer     Bitrate
[  6]   0.00-1.00   sec  1.14 MBytes  9.60 Mbits/sec                  
[  6]   1.00-2.00   sec  1.14 MBytes  9.57 Mbits/sec                  
[  6]   2.00-3.00   sec  1.14 MBytes  9.58 Mbits/sec                  
[  6]   3.00-4.00   sec  1.14 MBytes  9.57 Mbits/sec                  
[  6]   4.00-5.00   sec  1.14 MBytes  9.56 Mbits/sec                  
[  6]   5.00-6.00   sec  1.14 MBytes  9.56 Mbits/sec                  
[  6]   6.00-7.00   sec  1.14 MBytes  9.56 Mbits/sec                  
[  6]   7.00-8.00   sec  1.14 MBytes  9.56 Mbits/sec                  
[  6]   8.00-9.00   sec  1.14 MBytes  9.56 Mbits/sec                  
[  6]   9.00-10.00  sec  1.14 MBytes  9.56 Mbits/sec                  
[  6]  10.00-10.01  sec  14.1 KBytes  8.41 Mbits/sec                  
- - - - - - - - - - - - - - - - - - - - - - - - -
Test Complete. Summary Results:
[ ID] Interval           Transfer     Bitrate
[  6] (sender statistics not available)
[  6]   0.00-10.01  sec  11.4 MBytes  9.56 Mbits/sec                  receiver
rcv_tcp_congestion cubic
iperf 3.10.1
Linux cs490clc1.cs.purdue.edu 4.15.0-118-generic #119-Ubuntu SMP Tue Sep 8 12:30:01 UTC 2020 x86_64
-----------------------------------------------------------
Server listening on 5250 (test #1)
-----------------------------------------------------------
Time: Tue, 19 Oct 2021 21:24:26 GMT
Accepted connection from 10.0.0.1, port 43944
      Cookie: kaiqnybsjbqax2uxqkil25xsdrtresspfef2
      TCP MSS: 9216
[  6] local 10.0.0.19 port 5250 connected to 10.0.0.1 port 43946
Starting Test: protocol: TCP, 1 streams, 131072 byte blocks, omitting 0 seconds, 10 second test, tos 0
[ ID] Interval           Transfer     Bitrate
[  6]   0.00-1.00   sec   798 KBytes  6.53 Mbits/sec                  
[  6]   1.00-2.00   sec  1.14 MBytes  9.57 Mbits/sec                  
[  6]   2.00-3.00   sec  1.14 MBytes  9.56 Mbits/sec                  
[  6]   3.00-4.00   sec  1.14 MBytes  9.58 Mbits/sec                  
[  6]   4.00-5.00   sec  1.14 MBytes  9.56 Mbits/sec                  
[  6]   5.00-6.00   sec  1.14 MBytes  9.56 Mbits/sec                  
[  6]   6.00-7.00   sec  1.14 MBytes  9.56 Mbits/sec                  
[  6]   7.00-8.00   sec  1.14 MBytes  9.56 Mbits/sec                  
[  6]   8.00-9.00   sec  1.14 MBytes  9.59 Mbits/sec                  
[  6]   9.00-10.00  sec  1.14 MBytes  9.56 Mbits/sec                  
[  6]  10.00-10.11  sec   127 KBytes  9.36 Mbits/sec                  
- - - - - - - - - - - - - - - - - - - - - - - - -
Test Complete. Summary Results:
[ ID] Interval           Transfer     Bitrate
[  6] (sender statistics not available)
[  6]   0.00-10.11  sec  11.2 MBytes  9.26 Mbits/sec                  receiver
rcv_tcp_congestion cubic
iperf3: interrupt - the server has terminated
