iperf 3.10.1
Linux cs490clc1.cs.purdue.edu 4.15.0-118-generic #119-Ubuntu SMP Tue Sep 8 12:30:01 UTC 2020 x86_64
-----------------------------------------------------------
Server listening on 5250 (test #1)
-----------------------------------------------------------
Time: Sat, 13 Nov 2021 19:32:45 GMT
Accepted connection from 10.0.0.2, port 47398
      Cookie: m4dtv37gv5zjuzdpo54k5aam4wesnd6jhth3
      TCP MSS: 9216
[  6] local 10.0.0.23 port 5250 connected to 10.0.0.2 port 47410
Starting Test: protocol: TCP, 1 streams, 131072 byte blocks, omitting 0 seconds, 10 second test, tos 0
[ ID] Interval           Transfer     Bitrate
[  6]   0.00-1.00   sec  3.50 MBytes  29.4 Mbits/sec                  
[  6]   1.00-2.00   sec  16.7 MBytes   140 Mbits/sec                  
[  6]   2.00-3.00   sec  12.5 MBytes   105 Mbits/sec                  
[  6]   3.00-4.00   sec  12.2 MBytes   102 Mbits/sec                  
[  6]   4.00-5.00   sec  12.8 MBytes   107 Mbits/sec                  
[  6]   5.00-6.00   sec  12.6 MBytes   106 Mbits/sec                  
[  6]   6.00-7.00   sec  12.8 MBytes   108 Mbits/sec                  
[  6]   7.00-8.00   sec  13.0 MBytes   109 Mbits/sec                  
[  6]   8.00-9.00   sec  12.3 MBytes   103 Mbits/sec                  
[  6]   9.00-10.00  sec  13.0 MBytes   109 Mbits/sec                  
[  6]  10.00-10.13  sec  1.65 MBytes   110 Mbits/sec                  
- - - - - - - - - - - - - - - - - - - - - - - - -
Test Complete. Summary Results:
[ ID] Interval           Transfer     Bitrate
[  6] (sender statistics not available)
[  6]   0.00-10.13  sec   123 MBytes   102 Mbits/sec                  receiver
rcv_tcp_congestion cubic
iperf3: interrupt - the server has terminated
