iperf 3.10.1
Linux cs490clc1.cs.purdue.edu 4.15.0-118-generic #119-Ubuntu SMP Tue Sep 8 12:30:01 UTC 2020 x86_64
-----------------------------------------------------------
Server listening on 5250 (test #1)
-----------------------------------------------------------
Time: Tue, 26 Oct 2021 03:18:20 GMT
Accepted connection from 10.0.0.1, port 58268
      Cookie: qbmr6jqe6mpdfdyungom7f5nowaiuzhnwhok
      TCP MSS: 9216
[  6] local 10.0.0.2 port 5250 connected to 10.0.0.1 port 58270
Starting Test: protocol: TCP, 1 streams, 131072 byte blocks, omitting 0 seconds, 10 second test, tos 0
[ ID] Interval           Transfer     Bitrate
[  6]   0.00-1.00   sec   112 MBytes   936 Mbits/sec                  
[  6]   1.00-2.00   sec   114 MBytes   953 Mbits/sec                  
[  6]   2.00-3.00   sec   114 MBytes   957 Mbits/sec                  
[  6]   3.00-4.00   sec   114 MBytes   956 Mbits/sec                  
[  6]   4.00-5.00   sec   113 MBytes   950 Mbits/sec                  
[  6]   5.00-6.00   sec   114 MBytes   956 Mbits/sec                  
[  6]   6.00-7.00   sec   114 MBytes   957 Mbits/sec                  
[  6]   7.00-8.00   sec   114 MBytes   955 Mbits/sec                  
[  6]   8.00-9.00   sec   114 MBytes   956 Mbits/sec                  
[  6]   9.00-10.00  sec   114 MBytes   956 Mbits/sec                  
[  6]  10.00-10.09  sec  9.76 MBytes   955 Mbits/sec                  
- - - - - - - - - - - - - - - - - - - - - - - - -
Test Complete. Summary Results:
[ ID] Interval           Transfer     Bitrate
[  6] (sender statistics not available)
[  6]   0.00-10.09  sec  1.12 GBytes   953 Mbits/sec                  receiver
rcv_tcp_congestion cubic
iperf 3.10.1
Linux cs490clc1.cs.purdue.edu 4.15.0-118-generic #119-Ubuntu SMP Tue Sep 8 12:30:01 UTC 2020 x86_64
-----------------------------------------------------------
Server listening on 5250 (test #1)
-----------------------------------------------------------
Time: Tue, 26 Oct 2021 03:18:35 GMT
Accepted connection from 10.0.0.1, port 41742
      Cookie: vcfhu3crw6zyc7lnidfwl3frouokm4fwvmns
      TCP MSS: 9216
[  6] local 10.0.0.4 port 5250 connected to 10.0.0.1 port 41744
Starting Test: protocol: TCP, 1 streams, 131072 byte blocks, omitting 0 seconds, 10 second test, tos 0
[ ID] Interval           Transfer     Bitrate
[  6]   0.00-1.00   sec   108 MBytes   910 Mbits/sec                  
[  6]   1.00-2.00   sec   114 MBytes   955 Mbits/sec                  
[  6]   2.00-3.00   sec   114 MBytes   956 Mbits/sec                  
[  6]   3.00-4.00   sec   114 MBytes   957 Mbits/sec                  
[  6]   4.00-5.00   sec   114 MBytes   956 Mbits/sec                  
[  6]   5.00-6.00   sec   114 MBytes   957 Mbits/sec                  
[  6]   6.00-7.00   sec   114 MBytes   956 Mbits/sec                  
[  6]   7.00-8.00   sec   114 MBytes   957 Mbits/sec                  
[  6]   8.00-9.00   sec   114 MBytes   956 Mbits/sec                  
[  6]   9.00-10.00  sec   114 MBytes   957 Mbits/sec                  
[  6]  10.00-10.09  sec  9.76 MBytes   954 Mbits/sec                  
- - - - - - - - - - - - - - - - - - - - - - - - -
Test Complete. Summary Results:
[ ID] Interval           Transfer     Bitrate
[  6] (sender statistics not available)
[  6]   0.00-10.09  sec  1.12 GBytes   951 Mbits/sec                  receiver
rcv_tcp_congestion cubic
iperf 3.10.1
Linux cs490clc1.cs.purdue.edu 4.15.0-118-generic #119-Ubuntu SMP Tue Sep 8 12:30:01 UTC 2020 x86_64
-----------------------------------------------------------
Server listening on 5250 (test #1)
-----------------------------------------------------------
Time: Tue, 26 Oct 2021 03:18:51 GMT
Accepted connection from 10.0.0.1, port 45586
      Cookie: dcjr2dmbonuvassfajm4ku36iqzbqtvbs7ur
      TCP MSS: 9216
[  6] local 10.0.0.7 port 5250 connected to 10.0.0.1 port 45588
Starting Test: protocol: TCP, 1 streams, 131072 byte blocks, omitting 0 seconds, 10 second test, tos 0
[ ID] Interval           Transfer     Bitrate
[  6]   0.00-1.00   sec   105 MBytes   878 Mbits/sec                  
[  6]   1.00-2.00   sec   114 MBytes   955 Mbits/sec                  
[  6]   2.00-3.00   sec   114 MBytes   954 Mbits/sec                  
[  6]   3.00-4.00   sec   114 MBytes   956 Mbits/sec                  
[  6]   4.00-5.00   sec   114 MBytes   957 Mbits/sec                  
[  6]   5.00-6.00   sec   114 MBytes   953 Mbits/sec                  
[  6]   6.00-7.00   sec   114 MBytes   957 Mbits/sec                  
[  6]   7.00-8.00   sec   114 MBytes   957 Mbits/sec                  
[  6]   8.00-9.00   sec   114 MBytes   954 Mbits/sec                  
[  6]   9.00-10.00  sec   114 MBytes   956 Mbits/sec                  
[  6]  10.00-10.09  sec  9.76 MBytes   952 Mbits/sec                  
- - - - - - - - - - - - - - - - - - - - - - - - -
Test Complete. Summary Results:
[ ID] Interval           Transfer     Bitrate
[  6] (sender statistics not available)
[  6]   0.00-10.09  sec  1.11 GBytes   948 Mbits/sec                  receiver
rcv_tcp_congestion cubic
iperf 3.10.1
Linux cs490clc1.cs.purdue.edu 4.15.0-118-generic #119-Ubuntu SMP Tue Sep 8 12:30:01 UTC 2020 x86_64
-----------------------------------------------------------
Server listening on 5250 (test #1)
-----------------------------------------------------------
Time: Tue, 26 Oct 2021 03:19:06 GMT
Accepted connection from 10.0.0.1, port 33600
      Cookie: 5puwvmzdl5ab4djoiscdhn6wols65g6p2jvt
      TCP MSS: 9216
[  6] local 10.0.0.19 port 5250 connected to 10.0.0.1 port 33602
Starting Test: protocol: TCP, 1 streams, 131072 byte blocks, omitting 0 seconds, 10 second test, tos 0
[ ID] Interval           Transfer     Bitrate
[  6]   0.00-1.00   sec  3.52 MBytes  29.5 Mbits/sec                  
[  6]   1.00-2.00   sec  71.9 MBytes   603 Mbits/sec                  
[  6]   2.00-3.00   sec  85.0 MBytes   713 Mbits/sec                  
[  6]   3.00-4.00   sec  83.6 MBytes   702 Mbits/sec                  
[  6]   4.00-5.00   sec  82.6 MBytes   693 Mbits/sec                  
[  6]   5.00-6.00   sec  85.8 MBytes   719 Mbits/sec                  
[  6]   6.00-7.00   sec  82.9 MBytes   695 Mbits/sec                  
[  6]   7.00-8.00   sec  84.6 MBytes   710 Mbits/sec                  
[  6]   8.00-9.00   sec  84.0 MBytes   704 Mbits/sec                  
[  6]   9.00-10.00  sec  82.8 MBytes   694 Mbits/sec                  
[  6]  10.00-10.12  sec  9.76 MBytes   702 Mbits/sec                  
- - - - - - - - - - - - - - - - - - - - - - - - -
Test Complete. Summary Results:
[ ID] Interval           Transfer     Bitrate
[  6] (sender statistics not available)
[  6]   0.00-10.12  sec   756 MBytes   627 Mbits/sec                  receiver
rcv_tcp_congestion cubic
iperf 3.10.1
Linux cs490clc1.cs.purdue.edu 4.15.0-118-generic #119-Ubuntu SMP Tue Sep 8 12:30:01 UTC 2020 x86_64
-----------------------------------------------------------
Server listening on 5250 (test #1)
-----------------------------------------------------------
Time: Tue, 26 Oct 2021 03:19:22 GMT
Accepted connection from 10.0.0.1, port 45676
      Cookie: zkytbnm4o5iiqusqik27hhrh7gsvf3bei7uc
      TCP MSS: 9216
[  6] local 10.0.0.37 port 5250 connected to 10.0.0.1 port 45678
Starting Test: protocol: TCP, 1 streams, 131072 byte blocks, omitting 0 seconds, 10 second test, tos 0
[ ID] Interval           Transfer     Bitrate
[  6]   0.00-1.00   sec  3.52 MBytes  29.5 Mbits/sec                  
[  6]   1.00-2.00   sec  72.0 MBytes   604 Mbits/sec                  
[  6]   2.00-3.00   sec  84.9 MBytes   713 Mbits/sec                  
[  6]   3.00-4.00   sec  83.7 MBytes   702 Mbits/sec                  
[  6]   4.00-5.00   sec  82.6 MBytes   693 Mbits/sec                  
[  6]   5.00-6.00   sec  85.9 MBytes   720 Mbits/sec                  
[  6]   6.00-7.00   sec  82.7 MBytes   694 Mbits/sec                  
[  6]   7.00-8.00   sec  84.6 MBytes   710 Mbits/sec                  
[  6]   8.00-9.00   sec  83.9 MBytes   704 Mbits/sec                  
[  6]   9.00-10.00  sec  82.8 MBytes   694 Mbits/sec                  
[  6]  10.00-10.12  sec  9.76 MBytes   704 Mbits/sec                  
- - - - - - - - - - - - - - - - - - - - - - - - -
Test Complete. Summary Results:
[ ID] Interval           Transfer     Bitrate
[  6] (sender statistics not available)
[  6]   0.00-10.12  sec   756 MBytes   627 Mbits/sec                  receiver
rcv_tcp_congestion cubic
iperf3: interrupt - the server has terminated
