iperf 3.10.1
Linux cs490clc1.cs.purdue.edu 4.15.0-118-generic #119-Ubuntu SMP Tue Sep 8 12:30:01 UTC 2020 x86_64
-----------------------------------------------------------
Server listening on 5250 (test #1)
-----------------------------------------------------------
Time: Tue, 02 Nov 2021 03:53:03 GMT
Accepted connection from 10.0.0.3, port 51028
      Cookie: dc456bzdd5qd6kngx2yczjl2fb4zhap3qcn4
      TCP MSS: 9216
[  6] local 10.0.0.24 port 5250 connected to 10.0.0.3 port 51036
Starting Test: protocol: TCP, 1 streams, 131072 byte blocks, omitting 0 seconds, 10 second test, tos 0
[ ID] Interval           Transfer     Bitrate
[  6]   0.00-1.00   sec  3.52 MBytes  29.5 Mbits/sec                  
[  6]   1.00-2.00   sec  23.4 MBytes   196 Mbits/sec                  
[  6]   2.00-3.00   sec  22.3 MBytes   187 Mbits/sec                  
[  6]   3.00-4.00   sec  15.5 MBytes   130 Mbits/sec                  
[  6]   4.00-5.00   sec  10.4 MBytes  87.6 Mbits/sec                  
[  6]   5.00-6.00   sec  12.0 MBytes   101 Mbits/sec                  
[  6]   6.00-7.00   sec  11.7 MBytes  97.9 Mbits/sec                  
[  6]   7.00-8.00   sec  12.5 MBytes   104 Mbits/sec                  
[  6]   8.00-9.00   sec  12.7 MBytes   106 Mbits/sec                  
[  6]   9.00-10.00  sec  12.4 MBytes   104 Mbits/sec                  
[  6]  10.00-10.12  sec  1.47 MBytes   106 Mbits/sec                  
- - - - - - - - - - - - - - - - - - - - - - - - -
Test Complete. Summary Results:
[ ID] Interval           Transfer     Bitrate
[  6] (sender statistics not available)
[  6]   0.00-10.12  sec   138 MBytes   114 Mbits/sec                  receiver
rcv_tcp_congestion cubic
iperf3: interrupt - the server has terminated
