h1 sending to h19 ---
iperf 3.10.1
Linux cs490clc1.cs.purdue.edu 4.15.0-118-generic #119-Ubuntu SMP Tue Sep 8 12:30:01 UTC 2020 x86_64
Control connection MSS 1448
Time: Sun, 14 Nov 2021 21:40:50 GMT
Connecting to host 10.0.0.19, port 5250
      Cookie: mt65xyl3biwu5fbmzjar7cgubaxnmqy76vwn
      TCP MSS: 9216
[  5] local 10.0.0.1 port 35236 connected to 10.0.0.19 port 5250
Starting Test: protocol: TCP, 1 streams, 131072 byte blocks, omitting 0 seconds, 10 second test, tos 0
[ ID] Interval           Transfer     Bitrate         Retr  Cwnd
[  5]   0.00-1.00   sec  22.5 MBytes   189 Mbits/sec    0   3.54 MBytes       
[  5]   1.00-2.00   sec  21.2 MBytes   178 Mbits/sec    3   4.05 MBytes       
[  5]   2.00-3.00   sec  23.8 MBytes   199 Mbits/sec    0   4.06 MBytes       
[  5]   3.00-4.00   sec  23.8 MBytes   199 Mbits/sec    0   4.06 MBytes       
[  5]   4.00-5.00   sec  21.2 MBytes   178 Mbits/sec    0   4.08 MBytes       
[  5]   5.00-6.00   sec  25.0 MBytes   210 Mbits/sec    0   4.10 MBytes       
[  5]   6.00-7.00   sec  20.0 MBytes   168 Mbits/sec  271   3.17 MBytes       
[  5]   7.00-8.00   sec  23.8 MBytes   199 Mbits/sec    0   3.14 MBytes       
[  5]   8.00-9.00   sec  21.2 MBytes   178 Mbits/sec    0   3.36 MBytes       
[  5]   9.00-10.00  sec  23.8 MBytes   199 Mbits/sec    0   3.56 MBytes       
- - - - - - - - - - - - - - - - - - - - - - - - -
Test Complete. Summary Results:
[ ID] Interval           Transfer     Bitrate         Retr
[  5]   0.00-10.00  sec   226 MBytes   190 Mbits/sec  274             sender
[  5]   0.00-10.14  sec   210 MBytes   174 Mbits/sec                  receiver
CPU Utilization: local/sender 2.4% (0.1%u/2.3%s), remote/receiver 2.8% (0.3%u/2.5%s)
snd_tcp_congestion cubic
rcv_tcp_congestion cubic

iperf Done.
