iperf 3.10.1
Linux cs490clc1.cs.purdue.edu 4.15.0-118-generic #119-Ubuntu SMP Tue Sep 8 12:30:01 UTC 2020 x86_64
-----------------------------------------------------------
Server listening on 5250 (test #1)
-----------------------------------------------------------
Time: Tue, 26 Oct 2021 02:25:07 GMT
Accepted connection from 10.0.0.1, port 55194
      Cookie: hbtcb5ttcj2yhynhhhfpeupdbdjweh437zif
      TCP MSS: 9216
[  6] local 10.0.0.2 port 5250 connected to 10.0.0.1 port 55196
Starting Test: protocol: TCP, 1 streams, 131072 byte blocks, omitting 0 seconds, 10 second test, tos 0
[ ID] Interval           Transfer     Bitrate
[  6]   0.00-1.00   sec   112 MBytes   936 Mbits/sec                  
[  6]   1.00-2.00   sec   114 MBytes   956 Mbits/sec                  
[  6]   2.00-3.00   sec   114 MBytes   957 Mbits/sec                  
[  6]   3.00-4.00   sec   114 MBytes   957 Mbits/sec                  
[  6]   4.00-5.00   sec   114 MBytes   956 Mbits/sec                  
[  6]   5.00-6.00   sec   114 MBytes   957 Mbits/sec                  
[  6]   6.00-7.00   sec   114 MBytes   956 Mbits/sec                  
[  6]   7.00-8.00   sec   111 MBytes   931 Mbits/sec                  
[  6]   8.00-9.00   sec   114 MBytes   957 Mbits/sec                  
[  6]   9.00-10.00  sec   114 MBytes   957 Mbits/sec                  
[  6]  10.00-10.01  sec   954 KBytes   911 Mbits/sec                  
- - - - - - - - - - - - - - - - - - - - - - - - -
Test Complete. Summary Results:
[ ID] Interval           Transfer     Bitrate
[  6] (sender statistics not available)
[  6]   0.00-10.01  sec  1.11 GBytes   952 Mbits/sec                  receiver
rcv_tcp_congestion cubic
iperf 3.10.1
Linux cs490clc1.cs.purdue.edu 4.15.0-118-generic #119-Ubuntu SMP Tue Sep 8 12:30:01 UTC 2020 x86_64
-----------------------------------------------------------
Server listening on 5250 (test #1)
-----------------------------------------------------------
Time: Tue, 26 Oct 2021 02:25:22 GMT
Accepted connection from 10.0.0.1, port 38668
      Cookie: b4isirw47ucyjpwvon6megwxynwbwiifj6xh
      TCP MSS: 9216
[  6] local 10.0.0.4 port 5250 connected to 10.0.0.1 port 38670
Starting Test: protocol: TCP, 1 streams, 131072 byte blocks, omitting 0 seconds, 10 second test, tos 0
[ ID] Interval           Transfer     Bitrate
[  6]   0.00-1.00   sec   108 MBytes   909 Mbits/sec                  
[  6]   1.00-2.00   sec   114 MBytes   955 Mbits/sec                  
[  6]   2.00-3.00   sec   114 MBytes   957 Mbits/sec                  
[  6]   3.00-4.00   sec   114 MBytes   956 Mbits/sec                  
[  6]   4.00-5.00   sec   114 MBytes   954 Mbits/sec                  
[  6]   5.00-6.00   sec   114 MBytes   956 Mbits/sec                  
[  6]   6.00-7.00   sec   114 MBytes   956 Mbits/sec                  
[  6]   7.00-8.00   sec   114 MBytes   955 Mbits/sec                  
[  6]   8.00-9.00   sec   114 MBytes   957 Mbits/sec                  
[  6]   9.00-10.00  sec   114 MBytes   957 Mbits/sec                  
[  6]  10.00-10.01  sec   954 KBytes   906 Mbits/sec                  
- - - - - - - - - - - - - - - - - - - - - - - - -
Test Complete. Summary Results:
[ ID] Interval           Transfer     Bitrate
[  6] (sender statistics not available)
[  6]   0.00-10.01  sec  1.11 GBytes   951 Mbits/sec                  receiver
rcv_tcp_congestion cubic
iperf 3.10.1
Linux cs490clc1.cs.purdue.edu 4.15.0-118-generic #119-Ubuntu SMP Tue Sep 8 12:30:01 UTC 2020 x86_64
-----------------------------------------------------------
Server listening on 5250 (test #1)
-----------------------------------------------------------
Time: Tue, 26 Oct 2021 02:25:37 GMT
Accepted connection from 10.0.0.1, port 42512
      Cookie: kqfdioem3zdnk5on5rroc5xhd3er434jvaju
      TCP MSS: 9216
[  6] local 10.0.0.7 port 5250 connected to 10.0.0.1 port 42514
Starting Test: protocol: TCP, 1 streams, 131072 byte blocks, omitting 0 seconds, 10 second test, tos 0
[ ID] Interval           Transfer     Bitrate
[  6]   0.00-1.00   sec  71.3 MBytes   598 Mbits/sec                  
[  6]   1.00-2.00   sec  76.9 MBytes   645 Mbits/sec                  
[  6]   2.00-3.00   sec  76.7 MBytes   643 Mbits/sec                  
[  6]   3.00-4.00   sec  77.1 MBytes   647 Mbits/sec                  
[  6]   4.00-5.00   sec  76.5 MBytes   642 Mbits/sec                  
[  6]   5.00-6.00   sec  77.1 MBytes   647 Mbits/sec                  
[  6]   6.00-7.00   sec  76.7 MBytes   643 Mbits/sec                  
[  6]   7.00-8.00   sec  77.0 MBytes   646 Mbits/sec                  
[  6]   8.00-9.00   sec  76.5 MBytes   642 Mbits/sec                  
[  6]   9.00-10.00  sec  76.8 MBytes   644 Mbits/sec                  
[  6]  10.00-10.01  sec   954 KBytes   634 Mbits/sec                  
- - - - - - - - - - - - - - - - - - - - - - - - -
Test Complete. Summary Results:
[ ID] Interval           Transfer     Bitrate
[  6] (sender statistics not available)
[  6]   0.00-10.01  sec   764 MBytes   640 Mbits/sec                  receiver
rcv_tcp_congestion cubic
iperf 3.10.1
Linux cs490clc1.cs.purdue.edu 4.15.0-118-generic #119-Ubuntu SMP Tue Sep 8 12:30:01 UTC 2020 x86_64
-----------------------------------------------------------
Server listening on 5250 (test #1)
-----------------------------------------------------------
Time: Tue, 26 Oct 2021 02:25:53 GMT
Accepted connection from 10.0.0.1, port 58758
      Cookie: rxos7xnlyvopcwh256g5dgknqf4g6mtgsl5l
      TCP MSS: 9216
[  6] local 10.0.0.19 port 5250 connected to 10.0.0.1 port 58760
Starting Test: protocol: TCP, 1 streams, 131072 byte blocks, omitting 0 seconds, 10 second test, tos 0
[ ID] Interval           Transfer     Bitrate
[  6]   0.00-1.00   sec  2.73 MBytes  22.9 Mbits/sec                  
[  6]   1.00-2.00   sec  7.80 MBytes  65.4 Mbits/sec                  
[  6]   2.00-3.00   sec  8.77 MBytes  73.6 Mbits/sec                  
[  6]   3.00-4.00   sec  8.55 MBytes  71.7 Mbits/sec                  
[  6]   4.00-5.00   sec  7.89 MBytes  66.2 Mbits/sec                  
[  6]   5.00-6.00   sec  8.48 MBytes  71.1 Mbits/sec                  
[  6]   6.00-7.00   sec  7.92 MBytes  66.5 Mbits/sec                  
[  6]   7.00-8.00   sec  8.64 MBytes  72.5 Mbits/sec                  
[  6]   8.00-9.00   sec  8.48 MBytes  71.1 Mbits/sec                  
[  6]   9.00-10.00  sec  7.89 MBytes  66.2 Mbits/sec                  
[  6]  10.00-10.12  sec   987 KBytes  69.6 Mbits/sec                  
- - - - - - - - - - - - - - - - - - - - - - - - -
Test Complete. Summary Results:
[ ID] Interval           Transfer     Bitrate
[  6] (sender statistics not available)
[  6]   0.00-10.12  sec  78.1 MBytes  64.8 Mbits/sec                  receiver
rcv_tcp_congestion cubic
iperf 3.10.1
Linux cs490clc1.cs.purdue.edu 4.15.0-118-generic #119-Ubuntu SMP Tue Sep 8 12:30:01 UTC 2020 x86_64
-----------------------------------------------------------
Server listening on 5250 (test #1)
-----------------------------------------------------------
Time: Tue, 26 Oct 2021 02:26:09 GMT
Accepted connection from 10.0.0.1, port 42602
      Cookie: cpupea4coor3zvumnb2fjngsto2kob5szzqo
      TCP MSS: 9216
[  6] local 10.0.0.37 port 5250 connected to 10.0.0.1 port 42604
Starting Test: protocol: TCP, 1 streams, 131072 byte blocks, omitting 0 seconds, 10 second test, tos 0
[ ID] Interval           Transfer     Bitrate
[  6]   0.00-1.00   sec  2.73 MBytes  22.9 Mbits/sec                  
[  6]   1.00-2.00   sec  8.77 MBytes  73.6 Mbits/sec                  
[  6]   2.00-3.00   sec  7.80 MBytes  65.4 Mbits/sec                  
[  6]   3.00-4.00   sec  8.77 MBytes  73.6 Mbits/sec                  
[  6]   4.00-5.00   sec  7.80 MBytes  65.5 Mbits/sec                  
[  6]   5.00-6.00   sec  8.77 MBytes  73.6 Mbits/sec                  
[  6]   6.00-7.00   sec  8.77 MBytes  73.6 Mbits/sec                  
[  6]   7.00-8.00   sec  7.80 MBytes  65.4 Mbits/sec                  
[  6]   8.00-9.00   sec  8.77 MBytes  73.6 Mbits/sec                  
[  6]   9.00-10.00  sec  7.80 MBytes  65.4 Mbits/sec                  
[  6]  10.00-10.12  sec   998 KBytes  70.3 Mbits/sec                  
- - - - - - - - - - - - - - - - - - - - - - - - -
Test Complete. Summary Results:
[ ID] Interval           Transfer     Bitrate
[  6] (sender statistics not available)
[  6]   0.00-10.12  sec  78.8 MBytes  65.3 Mbits/sec                  receiver
rcv_tcp_congestion cubic
