
--- TCP Test 0: h1 sending to h2 ---
iperf 3.9
Linux cs490clc1.cs.purdue.edu 4.15.0-118-generic #119-Ubuntu SMP Tue Sep 8 12:30:01 UTC 2020 x86_64
Control connection MSS 1448
Time: Tue, 28 Sep 2021 03:19:36 GMT
Connecting to host 10.0.0.2, port 5250
      Cookie: ipcmwiixyb3t54ueq7ps6uikcz7qpegcj3pm
      TCP MSS: 9216
[  5] local 10.0.0.1 port 43526 connected to 10.0.0.2 port 5250
[  7] local 10.0.0.1 port 43528 connected to 10.0.0.2 port 5250
Starting Test: protocol: TCP, 1 streams, 1024000 byte blocks, omitting 0 seconds, 10 second test, tos 0
[ ID][Role] Interval           Transfer     Bitrate         Retr  Cwnd
[  5][TX-C]   0.00-1.00   sec  93.3 MBytes   783 Mbits/sec    0   1.52 MBytes       
[  7][RX-C]   0.00-1.00   sec  88.2 MBytes   740 Mbits/sec                  
[  5][TX-C]   1.00-2.00   sec  91.9 MBytes   771 Mbits/sec    0   1.52 MBytes       
[  7][RX-C]   1.00-2.00   sec  92.5 MBytes   776 Mbits/sec                  
[  5][TX-C]   2.00-3.00   sec  94.9 MBytes   796 Mbits/sec    0   1.52 MBytes       
[  7][RX-C]   2.00-3.00   sec  94.0 MBytes   788 Mbits/sec                  
[  5][TX-C]   3.00-4.00   sec  94.5 MBytes   793 Mbits/sec    0   1.52 MBytes       
[  7][RX-C]   3.00-4.00   sec  94.8 MBytes   796 Mbits/sec                  
[  5][TX-C]   4.00-5.00   sec  95.7 MBytes   802 Mbits/sec    0   1.52 MBytes       
[  7][RX-C]   4.00-5.00   sec  96.7 MBytes   811 Mbits/sec                  
[  5][TX-C]   5.00-6.00   sec  96.9 MBytes   813 Mbits/sec    0   1.52 MBytes       
[  7][RX-C]   5.00-6.00   sec  96.6 MBytes   810 Mbits/sec                  
[  5][TX-C]   6.00-7.00   sec  94.4 MBytes   792 Mbits/sec    0   1.52 MBytes       
[  7][RX-C]   6.00-7.00   sec  94.9 MBytes   796 Mbits/sec                  
[  5][TX-C]   7.00-8.00   sec  95.1 MBytes   798 Mbits/sec    0   1.52 MBytes       
[  7][RX-C]   7.00-8.00   sec  94.4 MBytes   792 Mbits/sec                  
[  5][TX-C]   8.00-9.00   sec  94.4 MBytes   792 Mbits/sec    0   1.52 MBytes       
[  7][RX-C]   8.00-9.00   sec  94.7 MBytes   794 Mbits/sec                  
[  5][TX-C]   9.00-10.00  sec  94.9 MBytes   796 Mbits/sec    0   1.52 MBytes       
[  7][RX-C]   9.00-10.00  sec  95.1 MBytes   797 Mbits/sec                  
- - - - - - - - - - - - - - - - - - - - - - - - -
Test Complete. Summary Results:
[ ID][Role] Interval           Transfer     Bitrate         Retr
[  5][TX-C]   0.00-10.00  sec   946 MBytes   794 Mbits/sec    0             sender
[  5][TX-C]   0.00-10.01  sec   945 MBytes   792 Mbits/sec                  receiver
CPU Utilization: local/sender 7.1% (0.2%u/6.8%s), remote/receiver 7.0% (0.5%u/6.5%s)
CPU Utilization: local/receiver 7.1% (0.2%u/6.8%s), remote/sender 7.0% (0.5%u/6.5%s)
snd_tcp_congestion cubic
rcv_tcp_congestion cubic
[  7][RX-C]   0.00-10.00  sec   943 MBytes   791 Mbits/sec    0             sender
[  7][RX-C]   0.00-10.01  sec   942 MBytes   789 Mbits/sec                  receiver
snd_tcp_congestion cubic
rcv_tcp_congestion cubic

iperf Done.

--- TCP Test 1: h1 sending to h4 ---
iperf 3.9
Linux cs490clc1.cs.purdue.edu 4.15.0-118-generic #119-Ubuntu SMP Tue Sep 8 12:30:01 UTC 2020 x86_64
Control connection MSS 1448
Time: Tue, 28 Sep 2021 03:19:52 GMT
Connecting to host 10.0.0.4, port 5250
      Cookie: rwripzijtp7ktsxe5hoavtvryfvwuo6aqpvh
      TCP MSS: 9216
[  5] local 10.0.0.1 port 55266 connected to 10.0.0.4 port 5250
[  7] local 10.0.0.1 port 55268 connected to 10.0.0.4 port 5250
Starting Test: protocol: TCP, 1 streams, 1024000 byte blocks, omitting 0 seconds, 10 second test, tos 0
[ ID][Role] Interval           Transfer     Bitrate         Retr  Cwnd
[  5][TX-C]   0.00-1.00   sec  76.3 MBytes   640 Mbits/sec    0   1.70 MBytes       
[  7][RX-C]   0.00-1.00   sec  76.0 MBytes   638 Mbits/sec                  
[  5][TX-C]   1.00-2.00   sec  81.7 MBytes   685 Mbits/sec    0   1.70 MBytes       
[  7][RX-C]   1.00-2.00   sec  81.2 MBytes   681 Mbits/sec                  
[  5][TX-C]   2.00-3.00   sec  80.5 MBytes   675 Mbits/sec    0   1.70 MBytes       
[  7][RX-C]   2.00-3.00   sec  81.1 MBytes   680 Mbits/sec                  
[  5][TX-C]   3.00-4.00   sec  81.7 MBytes   685 Mbits/sec    0   1.70 MBytes       
[  7][RX-C]   3.00-4.00   sec  80.8 MBytes   678 Mbits/sec                  
[  5][TX-C]   4.00-5.00   sec  83.0 MBytes   696 Mbits/sec    0   1.70 MBytes       
[  7][RX-C]   4.00-5.00   sec  82.4 MBytes   691 Mbits/sec                  
[  5][TX-C]   5.00-6.00   sec  82.2 MBytes   690 Mbits/sec    0   1.70 MBytes       
[  7][RX-C]   5.00-6.00   sec  82.6 MBytes   693 Mbits/sec                  
[  5][TX-C]   6.00-7.00   sec  81.8 MBytes   686 Mbits/sec    0   1.70 MBytes       
[  7][RX-C]   6.00-7.00   sec  81.5 MBytes   684 Mbits/sec                  
[  5][TX-C]   7.00-8.00   sec  79.7 MBytes   669 Mbits/sec    0   1.70 MBytes       
[  7][RX-C]   7.00-8.00   sec  79.7 MBytes   668 Mbits/sec                  
[  5][TX-C]   8.00-9.00   sec  79.7 MBytes   669 Mbits/sec    0   1.70 MBytes       
[  7][RX-C]   8.00-9.00   sec  79.4 MBytes   666 Mbits/sec                  
[  5][TX-C]   9.00-10.00  sec  79.0 MBytes   662 Mbits/sec    0   1.70 MBytes       
[  7][RX-C]   9.00-10.00  sec  79.6 MBytes   668 Mbits/sec                  
- - - - - - - - - - - - - - - - - - - - - - - - -
Test Complete. Summary Results:
[ ID][Role] Interval           Transfer     Bitrate         Retr
[  5][TX-C]   0.00-10.00  sec   806 MBytes   676 Mbits/sec    0             sender
[  5][TX-C]   0.00-10.01  sec   805 MBytes   675 Mbits/sec                  receiver
CPU Utilization: local/sender 6.3% (0.3%u/6.0%s), remote/receiver 6.2% (0.1%u/6.0%s)
CPU Utilization: local/receiver 6.3% (0.3%u/6.0%s), remote/sender 6.2% (0.1%u/6.0%s)
snd_tcp_congestion cubic
rcv_tcp_congestion cubic
[  7][RX-C]   0.00-10.00  sec   806 MBytes   676 Mbits/sec    0             sender
[  7][RX-C]   0.00-10.01  sec   804 MBytes   674 Mbits/sec                  receiver
snd_tcp_congestion cubic
rcv_tcp_congestion cubic

iperf Done.

--- TCP Test 2: h1 sending to h7 ---
iperf 3.9
Linux cs490clc1.cs.purdue.edu 4.15.0-118-generic #119-Ubuntu SMP Tue Sep 8 12:30:01 UTC 2020 x86_64
Control connection MSS 1448
Time: Tue, 28 Sep 2021 03:20:07 GMT
Connecting to host 10.0.0.7, port 5250
      Cookie: oeqxfbef55emzp6tjssi7w57plbjakxmudkr
      TCP MSS: 9216
[  5] local 10.0.0.1 port 59144 connected to 10.0.0.7 port 5250
[  7] local 10.0.0.1 port 59146 connected to 10.0.0.7 port 5250
Starting Test: protocol: TCP, 1 streams, 1024000 byte blocks, omitting 0 seconds, 10 second test, tos 0
[ ID][Role] Interval           Transfer     Bitrate         Retr  Cwnd
[  5][TX-C]   0.00-1.00   sec  62.1 MBytes   521 Mbits/sec   45   1.70 MBytes       
[  7][RX-C]   0.00-1.00   sec  62.4 MBytes   523 Mbits/sec                  
[  5][TX-C]   1.00-2.00   sec  67.9 MBytes   570 Mbits/sec    0   1.70 MBytes       
[  7][RX-C]   1.00-2.00   sec  67.1 MBytes   563 Mbits/sec                  
[  5][TX-C]   2.00-3.00   sec  66.7 MBytes   560 Mbits/sec    0   1.70 MBytes       
[  7][RX-C]   2.00-3.00   sec  67.6 MBytes   567 Mbits/sec                  
[  5][TX-C]   3.00-4.00   sec  67.9 MBytes   570 Mbits/sec    0   1.70 MBytes       
[  7][RX-C]   3.00-4.00   sec  67.2 MBytes   564 Mbits/sec                  
[  5][TX-C]   4.00-5.00   sec  66.9 MBytes   561 Mbits/sec    0   1.70 MBytes       
[  7][RX-C]   4.00-5.00   sec  67.3 MBytes   565 Mbits/sec                  
[  5][TX-C]   5.00-6.00   sec  68.0 MBytes   570 Mbits/sec    0   1.70 MBytes       
[  7][RX-C]   5.00-6.00   sec  67.5 MBytes   566 Mbits/sec                  
[  5][TX-C]   6.00-7.00   sec  67.9 MBytes   570 Mbits/sec    0   1.70 MBytes       
[  7][RX-C]   6.00-7.00   sec  67.9 MBytes   570 Mbits/sec                  
[  5][TX-C]   7.00-8.00   sec  69.1 MBytes   579 Mbits/sec    0   1.70 MBytes       
[  7][RX-C]   7.00-8.00   sec  68.8 MBytes   577 Mbits/sec                  
[  5][TX-C]   8.00-9.00   sec  69.1 MBytes   580 Mbits/sec    0   1.70 MBytes       
[  7][RX-C]   8.00-9.00   sec  69.9 MBytes   586 Mbits/sec                  
[  5][TX-C]   9.00-10.00  sec  69.7 MBytes   584 Mbits/sec    0   1.70 MBytes       
[  7][RX-C]   9.00-10.00  sec  69.9 MBytes   586 Mbits/sec                  
- - - - - - - - - - - - - - - - - - - - - - - - -
Test Complete. Summary Results:
[ ID][Role] Interval           Transfer     Bitrate         Retr
[  5][TX-C]   0.00-10.00  sec   675 MBytes   566 Mbits/sec   45             sender
[  5][TX-C]   0.00-10.01  sec   675 MBytes   565 Mbits/sec                  receiver
CPU Utilization: local/sender 5.6% (0.3%u/5.3%s), remote/receiver 5.4% (0.1%u/5.3%s)
CPU Utilization: local/receiver 5.6% (0.3%u/5.3%s), remote/sender 5.4% (0.1%u/5.3%s)
snd_tcp_congestion cubic
rcv_tcp_congestion cubic
[  7][RX-C]   0.00-10.00  sec   677 MBytes   568 Mbits/sec   45             sender
[  7][RX-C]   0.00-10.01  sec   676 MBytes   566 Mbits/sec                  receiver
snd_tcp_congestion cubic
rcv_tcp_congestion cubic

iperf Done.

--- TCP Test 3: h1 sending to h19 ---
iperf 3.9
Linux cs490clc1.cs.purdue.edu 4.15.0-118-generic #119-Ubuntu SMP Tue Sep 8 12:30:01 UTC 2020 x86_64
Control connection MSS 1448
Time: Tue, 28 Sep 2021 03:20:23 GMT
Connecting to host 10.0.0.19, port 5250
      Cookie: utyriyqcex32s7gwxf3matxmzl5o35lgdg3n
      TCP MSS: 9216
[  5] local 10.0.0.1 port 47192 connected to 10.0.0.19 port 5250
[  7] local 10.0.0.1 port 47194 connected to 10.0.0.19 port 5250
Starting Test: protocol: TCP, 1 streams, 1024000 byte blocks, omitting 0 seconds, 10 second test, tos 0
[ ID][Role] Interval           Transfer     Bitrate         Retr  Cwnd
[  5][TX-C]   0.00-1.00   sec  49.2 MBytes   413 Mbits/sec    0   2.04 MBytes       
[  7][RX-C]   0.00-1.00   sec  49.0 MBytes   411 Mbits/sec                  
[  5][TX-C]   1.00-2.00   sec  55.2 MBytes   463 Mbits/sec    0   2.04 MBytes       
[  7][RX-C]   1.00-2.00   sec  54.9 MBytes   460 Mbits/sec                  
[  5][TX-C]   2.00-3.00   sec  54.9 MBytes   461 Mbits/sec    0   2.04 MBytes       
[  7][RX-C]   2.00-3.00   sec  54.8 MBytes   460 Mbits/sec                  
[  5][TX-C]   3.00-4.00   sec  54.0 MBytes   453 Mbits/sec    0   2.04 MBytes       
[  7][RX-C]   3.00-4.00   sec  54.7 MBytes   459 Mbits/sec                  
[  5][TX-C]   4.00-5.00   sec  55.3 MBytes   464 Mbits/sec    0   2.04 MBytes       
[  7][RX-C]   4.00-5.00   sec  54.9 MBytes   460 Mbits/sec                  
[  5][TX-C]   5.00-6.00   sec  54.5 MBytes   457 Mbits/sec    0   2.04 MBytes       
[  7][RX-C]   5.00-6.00   sec  54.9 MBytes   461 Mbits/sec                  
[  5][TX-C]   6.00-7.00   sec  54.7 MBytes   459 Mbits/sec    0   2.04 MBytes       
[  7][RX-C]   6.00-7.00   sec  54.9 MBytes   460 Mbits/sec                  
[  5][TX-C]   7.00-8.00   sec  54.5 MBytes   457 Mbits/sec    0   2.04 MBytes       
[  7][RX-C]   7.00-8.00   sec  54.9 MBytes   461 Mbits/sec                  
[  5][TX-C]   8.00-9.00   sec  54.9 MBytes   461 Mbits/sec    0   2.04 MBytes       
[  7][RX-C]   8.00-9.00   sec  54.9 MBytes   460 Mbits/sec                  
[  5][TX-C]   9.00-10.00  sec  54.9 MBytes   461 Mbits/sec   45   2.04 MBytes       
[  7][RX-C]   9.00-10.00  sec  54.1 MBytes   454 Mbits/sec                  
- - - - - - - - - - - - - - - - - - - - - - - - -
Test Complete. Summary Results:
[ ID][Role] Interval           Transfer     Bitrate         Retr
[  5][TX-C]   0.00-10.00  sec   542 MBytes   455 Mbits/sec   45             sender
[  5][TX-C]   0.00-10.02  sec   542 MBytes   454 Mbits/sec                  receiver
CPU Utilization: local/sender 4.9% (0.4%u/4.6%s), remote/receiver 4.5% (0.3%u/4.3%s)
CPU Utilization: local/receiver 4.9% (0.4%u/4.6%s), remote/sender 4.5% (0.3%u/4.3%s)
snd_tcp_congestion cubic
rcv_tcp_congestion cubic
[  7][RX-C]   0.00-10.00  sec   543 MBytes   456 Mbits/sec   45             sender
[  7][RX-C]   0.00-10.02  sec   542 MBytes   454 Mbits/sec                  receiver
snd_tcp_congestion cubic
rcv_tcp_congestion cubic

iperf Done.
