
--- TCP Test 0: h1 sending to h2 ---
iperf 3.10.1
Linux cs490clc1.cs.purdue.edu 4.15.0-118-generic #119-Ubuntu SMP Tue Sep 8 12:30:01 UTC 2020 x86_64
Control connection MSS 1448
Time: Tue, 26 Oct 2021 03:47:17 GMT
Connecting to host 10.0.0.2, port 5250
      Cookie: 4npkkglpd5ytr7s52tcjx7xtkrisjqilzbx5
      TCP MSS: 9216
[  5] local 10.0.0.1 port 60178 connected to 10.0.0.2 port 5250
Starting Test: protocol: TCP, 1 streams, 131072 byte blocks, omitting 0 seconds, 10 second test, tos 0
[ ID] Interval           Transfer     Bitrate         Retr  Cwnd
[  5]   0.00-1.00   sec   125 MBytes  1.05 Gbits/sec    0   6.33 MBytes       
[  5]   1.00-2.00   sec   114 MBytes   954 Mbits/sec    0   9.99 MBytes       
[  5]   2.00-3.00   sec   114 MBytes   954 Mbits/sec    0   9.99 MBytes       
[  5]   3.00-4.00   sec   115 MBytes   965 Mbits/sec    0   9.99 MBytes       
[  5]   4.00-5.00   sec   112 MBytes   944 Mbits/sec   77   9.99 MBytes       
[  5]   5.00-6.00   sec   114 MBytes   954 Mbits/sec    0   9.99 MBytes       
[  5]   6.00-7.00   sec   115 MBytes   965 Mbits/sec    0   9.99 MBytes       
[  5]   7.00-8.00   sec   112 MBytes   944 Mbits/sec    0   9.99 MBytes       
[  5]   8.00-9.00   sec   115 MBytes   965 Mbits/sec    0   9.99 MBytes       
[  5]   9.00-10.00  sec   114 MBytes   954 Mbits/sec    0   9.99 MBytes       
- - - - - - - - - - - - - - - - - - - - - - - - -
Test Complete. Summary Results:
[ ID] Interval           Transfer     Bitrate         Retr
[  5]   0.00-10.00  sec  1.12 GBytes   965 Mbits/sec   77             sender
[  5]   0.00-10.09  sec  1.12 GBytes   953 Mbits/sec                  receiver
CPU Utilization: local/sender 2.6% (0.0%u/2.5%s), remote/receiver 5.2% (0.4%u/4.8%s)
snd_tcp_congestion cubic
rcv_tcp_congestion cubic

iperf Done.

--- TCP Test 1: h1 sending to h4 ---
iperf 3.10.1
Linux cs490clc1.cs.purdue.edu 4.15.0-118-generic #119-Ubuntu SMP Tue Sep 8 12:30:01 UTC 2020 x86_64
Control connection MSS 1448
Time: Tue, 26 Oct 2021 03:47:32 GMT
Connecting to host 10.0.0.4, port 5250
      Cookie: gpqkkgaljmyxnjn7a4vw7nu7rzpnrv3dkvwh
      TCP MSS: 9216
[  5] local 10.0.0.1 port 43652 connected to 10.0.0.4 port 5250
Starting Test: protocol: TCP, 1 streams, 131072 byte blocks, omitting 0 seconds, 10 second test, tos 0
[ ID] Interval           Transfer     Bitrate         Retr  Cwnd
[  5]   0.00-1.00   sec   121 MBytes  1.02 Gbits/sec    0   6.78 MBytes       
[  5]   1.00-2.00   sec   115 MBytes   965 Mbits/sec    0   10.2 MBytes       
[  5]   2.00-3.00   sec   114 MBytes   954 Mbits/sec    0   10.2 MBytes       
[  5]   3.00-4.00   sec   114 MBytes   954 Mbits/sec    0   10.2 MBytes       
[  5]   4.00-5.00   sec   112 MBytes   944 Mbits/sec   32   10.2 MBytes       
[  5]   5.00-6.00   sec   114 MBytes   954 Mbits/sec    0   10.2 MBytes       
[  5]   6.00-7.00   sec   115 MBytes   965 Mbits/sec    0   10.2 MBytes       
[  5]   7.00-8.00   sec   114 MBytes   954 Mbits/sec    0   10.2 MBytes       
[  5]   8.00-9.00   sec   114 MBytes   954 Mbits/sec    0   10.2 MBytes       
[  5]   9.00-10.00  sec   114 MBytes   954 Mbits/sec    0   10.2 MBytes       
- - - - - - - - - - - - - - - - - - - - - - - - -
Test Complete. Summary Results:
[ ID] Interval           Transfer     Bitrate         Retr
[  5]   0.00-10.00  sec  1.12 GBytes   962 Mbits/sec   32             sender
[  5]   0.00-10.09  sec  1.12 GBytes   950 Mbits/sec                  receiver
CPU Utilization: local/sender 2.7% (0.1%u/2.6%s), remote/receiver 4.8% (0.2%u/4.6%s)
snd_tcp_congestion cubic
rcv_tcp_congestion cubic

iperf Done.

--- TCP Test 2: h1 sending to h7 ---
iperf 3.10.1
Linux cs490clc1.cs.purdue.edu 4.15.0-118-generic #119-Ubuntu SMP Tue Sep 8 12:30:01 UTC 2020 x86_64
Control connection MSS 1448
Time: Tue, 26 Oct 2021 03:47:48 GMT
Connecting to host 10.0.0.7, port 5250
      Cookie: vvdchneuni3lueeq7bpckjjt7ixecd5g6gad
      TCP MSS: 9216
[  5] local 10.0.0.1 port 47496 connected to 10.0.0.7 port 5250
Starting Test: protocol: TCP, 1 streams, 131072 byte blocks, omitting 0 seconds, 10 second test, tos 0
[ ID] Interval           Transfer     Bitrate         Retr  Cwnd
[  5]   0.00-1.00   sec   119 MBytes   996 Mbits/sec    0   6.82 MBytes       
[  5]   1.00-2.00   sec   114 MBytes   954 Mbits/sec    0   10.2 MBytes       
[  5]   2.00-3.00   sec   114 MBytes   954 Mbits/sec    0   10.2 MBytes       
[  5]   3.00-4.00   sec   114 MBytes   954 Mbits/sec    0   10.2 MBytes       
[  5]   4.00-5.00   sec   114 MBytes   954 Mbits/sec    0   10.2 MBytes       
[  5]   5.00-6.00   sec   114 MBytes   954 Mbits/sec    0   10.2 MBytes       
[  5]   6.00-7.00   sec   114 MBytes   954 Mbits/sec    0   10.2 MBytes       
[  5]   7.00-8.00   sec   115 MBytes   965 Mbits/sec    0   10.2 MBytes       
[  5]   8.00-9.00   sec   114 MBytes   954 Mbits/sec    0   10.2 MBytes       
[  5]   9.00-10.00  sec   114 MBytes   954 Mbits/sec    0   10.2 MBytes       
- - - - - - - - - - - - - - - - - - - - - - - - -
Test Complete. Summary Results:
[ ID] Interval           Transfer     Bitrate         Retr
[  5]   0.00-10.00  sec  1.12 GBytes   959 Mbits/sec    0             sender
[  5]   0.00-10.09  sec  1.11 GBytes   948 Mbits/sec                  receiver
CPU Utilization: local/sender 3.2% (0.0%u/3.2%s), remote/receiver 4.8% (0.3%u/4.4%s)
snd_tcp_congestion cubic
rcv_tcp_congestion cubic

iperf Done.

--- TCP Test 3: h1 sending to h19 ---
iperf 3.10.1
Linux cs490clc1.cs.purdue.edu 4.15.0-118-generic #119-Ubuntu SMP Tue Sep 8 12:30:01 UTC 2020 x86_64
Control connection MSS 1448
Time: Tue, 26 Oct 2021 03:48:03 GMT
Connecting to host 10.0.0.19, port 5250
      Cookie: rxunvw4estmy7eeqnhehz7godqefkbfd5mhq
      TCP MSS: 9216
[  5] local 10.0.0.1 port 35510 connected to 10.0.0.19 port 5250
Starting Test: protocol: TCP, 1 streams, 131072 byte blocks, omitting 0 seconds, 10 second test, tos 0
[ ID] Interval           Transfer     Bitrate         Retr  Cwnd
[  5]   0.00-1.00   sec  16.2 MBytes   136 Mbits/sec    0   3.54 MBytes       
[  5]   1.00-2.00   sec  72.5 MBytes   608 Mbits/sec    0   13.8 MBytes       
[  5]   2.00-3.00   sec  85.0 MBytes   713 Mbits/sec    0   13.8 MBytes       
[  5]   3.00-4.00   sec  83.8 MBytes   703 Mbits/sec    0   13.8 MBytes       
[  5]   4.00-5.00   sec  82.5 MBytes   692 Mbits/sec    0   13.8 MBytes       
[  5]   5.00-6.00   sec  86.2 MBytes   724 Mbits/sec    0   13.8 MBytes       
[  5]   6.00-7.00   sec  82.5 MBytes   692 Mbits/sec    0   13.8 MBytes       
[  5]   7.00-8.00   sec  85.0 MBytes   713 Mbits/sec    0   13.8 MBytes       
[  5]   8.00-9.00   sec  83.8 MBytes   703 Mbits/sec    0   13.8 MBytes       
[  5]   9.00-10.00  sec  82.5 MBytes   692 Mbits/sec    0   13.8 MBytes       
- - - - - - - - - - - - - - - - - - - - - - - - -
Test Complete. Summary Results:
[ ID] Interval           Transfer     Bitrate         Retr
[  5]   0.00-10.00  sec   760 MBytes   638 Mbits/sec    0             sender
[  5]   0.00-10.12  sec   756 MBytes   627 Mbits/sec                  receiver
CPU Utilization: local/sender 3.0% (0.3%u/2.7%s), remote/receiver 3.5% (0.4%u/3.1%s)
snd_tcp_congestion cubic
rcv_tcp_congestion cubic

iperf Done.

--- TCP Test 4: h1 sending to h37 ---
iperf 3.10.1
Linux cs490clc1.cs.purdue.edu 4.15.0-118-generic #119-Ubuntu SMP Tue Sep 8 12:30:01 UTC 2020 x86_64
Control connection MSS 1448
Time: Tue, 26 Oct 2021 03:48:19 GMT
Connecting to host 10.0.0.37, port 5250
      Cookie: 5de7ettas5gbyvw2tikggt52jpsm3rfk2wky
      TCP MSS: 9216
[  5] local 10.0.0.1 port 47586 connected to 10.0.0.37 port 5250
Starting Test: protocol: TCP, 1 streams, 131072 byte blocks, omitting 0 seconds, 10 second test, tos 0
[ ID] Interval           Transfer     Bitrate         Retr  Cwnd
[  5]   0.00-1.00   sec  16.2 MBytes   136 Mbits/sec    0   3.54 MBytes       
[  5]   1.00-2.00   sec  72.5 MBytes   608 Mbits/sec    0   13.8 MBytes       
[  5]   2.00-3.00   sec  85.0 MBytes   713 Mbits/sec    0   13.8 MBytes       
[  5]   3.00-4.00   sec  82.5 MBytes   692 Mbits/sec  450   13.8 MBytes       
[  5]   4.00-5.00   sec  83.8 MBytes   703 Mbits/sec  405   13.8 MBytes       
[  5]   5.00-6.00   sec  82.5 MBytes   692 Mbits/sec    0   13.8 MBytes       
[  5]   6.00-7.00   sec  83.8 MBytes   703 Mbits/sec    0   13.8 MBytes       
[  5]   7.00-8.00   sec  85.0 MBytes   713 Mbits/sec    0   13.8 MBytes       
[  5]   8.00-9.00   sec  82.5 MBytes   692 Mbits/sec    0   13.8 MBytes       
[  5]   9.00-10.00  sec  86.2 MBytes   723 Mbits/sec    0   13.8 MBytes       
- - - - - - - - - - - - - - - - - - - - - - - - -
Test Complete. Summary Results:
[ ID] Interval           Transfer     Bitrate         Retr
[  5]   0.00-10.00  sec   760 MBytes   638 Mbits/sec  855             sender
[  5]   0.00-10.12  sec   756 MBytes   627 Mbits/sec                  receiver
CPU Utilization: local/sender 3.0% (0.1%u/2.9%s), remote/receiver 3.5% (0.3%u/3.3%s)
snd_tcp_congestion cubic
rcv_tcp_congestion cubic

iperf Done.
