
--- TCP Test 0: h1 sending to h2 ---
iperf 3.10.1
Linux cs490clc1.cs.purdue.edu 4.15.0-118-generic #119-Ubuntu SMP Tue Sep 8 12:30:01 UTC 2020 x86_64
Control connection MSS 1448
Time: Sat, 23 Oct 2021 17:39:32 GMT
Connecting to host 10.0.0.2, port 5250
      Cookie: cfjwynx6pdxkb5x5zum7zlkfpvmkmn4xy34h
      TCP MSS: 9216
[  5] local 10.0.0.1 port 52430 connected to 10.0.0.2 port 5250
Starting Test: protocol: TCP, 1 streams, 131072 byte blocks, omitting 0 seconds, 10 second test, tos 0
[ ID] Interval           Transfer     Bitrate         Retr  Cwnd
[  5]   0.00-1.00   sec   280 MBytes  2.35 Gbits/sec    0   6.33 MBytes       
[  5]   1.00-2.00   sec   114 MBytes   954 Mbits/sec    0   12.0 MBytes       
[  5]   2.00-3.00   sec   114 MBytes   954 Mbits/sec    0   17.7 MBytes       
[  5]   3.00-4.00   sec   112 MBytes   944 Mbits/sec   32   23.2 MBytes       
[  5]   4.00-5.00   sec   114 MBytes   954 Mbits/sec    0   23.2 MBytes       
[  5]   5.00-6.00   sec   115 MBytes   965 Mbits/sec    0   23.2 MBytes       
[  5]   6.00-7.00   sec   114 MBytes   954 Mbits/sec    0   23.2 MBytes       
[  5]   7.00-8.00   sec   114 MBytes   954 Mbits/sec    0   23.2 MBytes       
[  5]   8.00-9.00   sec   114 MBytes   954 Mbits/sec    0   23.2 MBytes       
[  5]   9.00-10.00  sec   114 MBytes   954 Mbits/sec    0   23.3 MBytes       
- - - - - - - - - - - - - - - - - - - - - - - - -
Test Complete. Summary Results:
[ ID] Interval           Transfer     Bitrate         Retr
[  5]   0.00-10.00  sec  1.27 GBytes  1.09 Gbits/sec   32             sender
[  5]   0.00-10.20  sec  1.13 GBytes   953 Mbits/sec                  receiver
CPU Utilization: local/sender 4.0% (0.0%u/4.0%s), remote/receiver 5.7% (0.3%u/5.4%s)
snd_tcp_congestion cubic
rcv_tcp_congestion cubic

iperf Done.

--- TCP Test 1: h1 sending to h4 ---
iperf 3.10.1
Linux cs490clc1.cs.purdue.edu 4.15.0-118-generic #119-Ubuntu SMP Tue Sep 8 12:30:01 UTC 2020 x86_64
Control connection MSS 1448
Time: Sat, 23 Oct 2021 17:39:48 GMT
Connecting to host 10.0.0.4, port 5250
      Cookie: v7adxsaarsbsxedpg6a24wuh2732gsay7rix
      TCP MSS: 9216
[  5] local 10.0.0.1 port 35904 connected to 10.0.0.4 port 5250
Starting Test: protocol: TCP, 1 streams, 131072 byte blocks, omitting 0 seconds, 10 second test, tos 0
[ ID] Interval           Transfer     Bitrate         Retr  Cwnd
[  5]   0.00-1.00   sec   276 MBytes  2.32 Gbits/sec    0   6.77 MBytes       
[  5]   1.00-2.00   sec   114 MBytes   954 Mbits/sec    0   12.5 MBytes       
[  5]   2.00-3.00   sec   114 MBytes   954 Mbits/sec    0   18.2 MBytes       
[  5]   3.00-4.00   sec   115 MBytes   964 Mbits/sec    0   23.9 MBytes       
[  5]   4.00-5.00   sec   114 MBytes   954 Mbits/sec    0   29.6 MBytes       
[  5]   5.00-6.00   sec   114 MBytes   954 Mbits/sec    0   35.3 MBytes       
[  5]   6.00-7.00   sec   114 MBytes   954 Mbits/sec    0   41.0 MBytes       
[  5]   7.00-8.00   sec   114 MBytes   954 Mbits/sec    0   46.7 MBytes       
[  5]   8.00-9.00   sec   114 MBytes   954 Mbits/sec    0   52.4 MBytes       
[  5]   9.00-10.00  sec   115 MBytes   965 Mbits/sec    0   58.1 MBytes       
- - - - - - - - - - - - - - - - - - - - - - - - -
Test Complete. Summary Results:
[ ID] Interval           Transfer     Bitrate         Retr
[  5]   0.00-10.00  sec  1.27 GBytes  1.09 Gbits/sec    0             sender
[  5]   0.00-10.51  sec  1.16 GBytes   952 Mbits/sec                  receiver
CPU Utilization: local/sender 4.6% (0.2%u/4.4%s), remote/receiver 5.8% (0.2%u/5.6%s)
snd_tcp_congestion cubic
rcv_tcp_congestion cubic

iperf Done.

--- TCP Test 2: h1 sending to h7 ---
iperf 3.10.1
Linux cs490clc1.cs.purdue.edu 4.15.0-118-generic #119-Ubuntu SMP Tue Sep 8 12:30:01 UTC 2020 x86_64
Control connection MSS 1448
Time: Sat, 23 Oct 2021 17:40:04 GMT
Connecting to host 10.0.0.7, port 5250
      Cookie: cmcttwlqju6lrlgl5s7ucnh7pzxllq2t4g2i
      TCP MSS: 9216
[  5] local 10.0.0.1 port 39748 connected to 10.0.0.7 port 5250
Starting Test: protocol: TCP, 1 streams, 131072 byte blocks, omitting 0 seconds, 10 second test, tos 0
[ ID] Interval           Transfer     Bitrate         Retr  Cwnd
[  5]   0.00-1.00   sec   272 MBytes  2.29 Gbits/sec    0   6.82 MBytes       
[  5]   1.00-2.00   sec   114 MBytes   954 Mbits/sec    0   12.5 MBytes       
[  5]   2.00-3.00   sec   114 MBytes   954 Mbits/sec    0   18.2 MBytes       
[  5]   3.00-4.00   sec   114 MBytes   954 Mbits/sec   32   19.6 MBytes       
[  5]   4.00-5.00   sec   114 MBytes   954 Mbits/sec    0   19.6 MBytes       
[  5]   5.00-6.00   sec   115 MBytes   965 Mbits/sec    0   19.6 MBytes       
[  5]   6.00-7.00   sec   112 MBytes   944 Mbits/sec   32   19.6 MBytes       
[  5]   7.00-8.00   sec   115 MBytes   965 Mbits/sec    0   19.6 MBytes       
[  5]   8.00-9.00   sec   114 MBytes   954 Mbits/sec    0   19.7 MBytes       
[  5]   9.00-10.00  sec   114 MBytes   954 Mbits/sec    0   19.7 MBytes       
- - - - - - - - - - - - - - - - - - - - - - - - -
Test Complete. Summary Results:
[ ID] Interval           Transfer     Bitrate         Retr
[  5]   0.00-10.00  sec  1.27 GBytes  1.09 Gbits/sec   64             sender
[  5]   0.00-10.17  sec  1.12 GBytes   948 Mbits/sec                  receiver
CPU Utilization: local/sender 4.6% (0.0%u/4.6%s), remote/receiver 5.2% (0.2%u/5.0%s)
snd_tcp_congestion cubic
rcv_tcp_congestion cubic

iperf Done.

--- TCP Test 3: h1 sending to h19 ---
iperf 3.10.1
Linux cs490clc1.cs.purdue.edu 4.15.0-118-generic #119-Ubuntu SMP Tue Sep 8 12:30:01 UTC 2020 x86_64
Control connection MSS 1448
Time: Sat, 23 Oct 2021 17:40:21 GMT
Connecting to host 10.0.0.19, port 5250
      Cookie: gkgyq6ahp2cyxar26u2ezm72iycfo72zezbj
      TCP MSS: 9216
[  5] local 10.0.0.1 port 55994 connected to 10.0.0.19 port 5250
Starting Test: protocol: TCP, 1 streams, 131072 byte blocks, omitting 0 seconds, 10 second test, tos 0
[ ID] Interval           Transfer     Bitrate         Retr  Cwnd
[  5]   0.00-1.00   sec   165 MBytes  1.38 Gbits/sec    0   28.3 KBytes       
[  5]   1.00-2.00   sec  0.00 Bytes  0.00 bits/sec    0    113 KBytes       
[  5]   2.00-3.00   sec  0.00 Bytes  0.00 bits/sec    0    452 KBytes       
[  5]   3.00-4.00   sec  1.25 MBytes  10.5 Mbits/sec    0   1.77 MBytes       
[  5]   4.00-5.00   sec  5.00 MBytes  41.9 Mbits/sec    0   7.07 MBytes       
[  5]   5.00-6.00   sec  22.5 MBytes   189 Mbits/sec    0   28.3 MBytes       
[  5]   6.00-7.00   sec  61.2 MBytes   514 Mbits/sec    0   86.0 MBytes       
[  5]   7.00-8.00   sec   114 MBytes   954 Mbits/sec    0   91.6 MBytes       
[  5]   8.00-9.00   sec   114 MBytes   954 Mbits/sec    0   97.3 MBytes       
[  5]   9.00-10.00  sec   114 MBytes   954 Mbits/sec    0    103 MBytes       
- - - - - - - - - - - - - - - - - - - - - - - - -
Test Complete. Summary Results:
[ ID] Interval           Transfer     Bitrate         Retr
[  5]   0.00-10.00  sec   596 MBytes   500 Mbits/sec    0             sender
[  5]   0.00-10.90  sec   532 MBytes   409 Mbits/sec                  receiver
CPU Utilization: local/sender 6.1% (0.4%u/5.7%s), remote/receiver 2.9% (0.3%u/2.6%s)
snd_tcp_congestion cubic
rcv_tcp_congestion cubic

iperf Done.
