iperf 3.10.1
Linux cs490clc1.cs.purdue.edu 4.15.0-118-generic #119-Ubuntu SMP Tue Sep 8 12:30:01 UTC 2020 x86_64
-----------------------------------------------------------
Server listening on 5250 (test #1)
-----------------------------------------------------------
Time: Mon, 15 Nov 2021 03:15:41 GMT
Accepted connection from 10.0.0.25, port 45758
      Cookie: ouactdl2seej6ozncbyid3tnmk6nrmq5ji2z
      TCP MSS: 9216
[  6] local 10.0.0.4 port 5250 connected to 10.0.0.25 port 45770
Starting Test: protocol: TCP, 1 streams, 131072 byte blocks, omitting 0 seconds, 10 second test, tos 0
[ ID] Interval           Transfer     Bitrate
[  6]   0.00-1.00   sec  3.52 MBytes  29.5 Mbits/sec                  
[  6]   1.00-2.00   sec  26.6 MBytes   223 Mbits/sec                  
[  6]   2.00-3.00   sec  38.4 MBytes   322 Mbits/sec                  
[  6]   3.00-4.00   sec  43.9 MBytes   368 Mbits/sec                  
[  6]   4.00-5.00   sec  44.7 MBytes   375 Mbits/sec                  
[  6]   5.00-6.00   sec  42.3 MBytes   355 Mbits/sec                  
[  6]   6.00-7.00   sec  43.2 MBytes   362 Mbits/sec                  
[  6]   7.00-8.00   sec  44.5 MBytes   373 Mbits/sec                  
[  6]   8.00-9.00   sec  42.4 MBytes   356 Mbits/sec                  
[  6]   9.00-10.00  sec  43.4 MBytes   364 Mbits/sec                  
[  6]  10.00-10.12  sec  6.29 MBytes   436 Mbits/sec                  
- - - - - - - - - - - - - - - - - - - - - - - - -
Test Complete. Summary Results:
[ ID] Interval           Transfer     Bitrate
[  6] (sender statistics not available)
[  6]   0.00-10.12  sec   379 MBytes   314 Mbits/sec                  receiver
rcv_tcp_congestion cubic
iperf3: interrupt - the server has terminated
