iperf 3.10.1
Linux cs490clc1.cs.purdue.edu 4.15.0-118-generic #119-Ubuntu SMP Tue Sep 8 12:30:01 UTC 2020 x86_64
-----------------------------------------------------------
Server listening on 5250 (test #1)
-----------------------------------------------------------
Time: Sat, 13 Nov 2021 19:31:15 GMT
Accepted connection from 10.0.0.27, port 57062
      Cookie: offurvdikq3axo65mvgnig5pxxwtbqvootb5
      TCP MSS: 9216
[  6] local 10.0.0.6 port 5250 connected to 10.0.0.27 port 57074
Starting Test: protocol: TCP, 1 streams, 131072 byte blocks, omitting 0 seconds, 10 second test, tos 0
[ ID] Interval           Transfer     Bitrate
[  6]   0.00-1.00   sec  3.52 MBytes  29.5 Mbits/sec                  
[  6]   1.00-2.00   sec  19.8 MBytes   166 Mbits/sec                  
[  6]   2.00-3.00   sec  12.9 MBytes   109 Mbits/sec                  
[  6]   3.00-4.00   sec  12.4 MBytes   104 Mbits/sec                  
[  6]   4.00-5.00   sec  11.2 MBytes  93.7 Mbits/sec                  
[  6]   5.00-6.00   sec  12.2 MBytes   103 Mbits/sec                  
[  6]   6.00-7.00   sec  11.4 MBytes  95.8 Mbits/sec                  
[  6]   7.00-8.00   sec  12.3 MBytes   103 Mbits/sec                  
[  6]   8.00-9.00   sec  11.7 MBytes  98.0 Mbits/sec                  
[  6]   9.00-10.00  sec  13.1 MBytes   110 Mbits/sec                  
[  6]  10.00-10.14  sec  1.74 MBytes   102 Mbits/sec                  
- - - - - - - - - - - - - - - - - - - - - - - - -
Test Complete. Summary Results:
[ ID] Interval           Transfer     Bitrate
[  6] (sender statistics not available)
[  6]   0.00-10.14  sec   122 MBytes   101 Mbits/sec                  receiver
rcv_tcp_congestion cubic
