iperf 3.10.1
Linux cs490clc1.cs.purdue.edu 4.15.0-118-generic #119-Ubuntu SMP Tue Sep 8 12:30:01 UTC 2020 x86_64
-----------------------------------------------------------
Server listening on 5250 (test #1)
-----------------------------------------------------------
Time: Tue, 09 Nov 2021 00:33:35 GMT
Accepted connection from 10.0.0.4, port 38032
      Cookie: ivpwzz7fyyyy2ohvmk7kfmeg4wxx6xxu6ypx
      TCP MSS: 9216
[  6] local 10.0.0.25 port 5250 connected to 10.0.0.4 port 38040
Starting Test: protocol: TCP, 1 streams, 131072 byte blocks, omitting 0 seconds, 10 second test, tos 0
[ ID] Interval           Transfer     Bitrate
[  6]   0.00-1.00   sec  3.52 MBytes  29.5 Mbits/sec                  
[  6]   1.00-2.00   sec  30.3 MBytes   254 Mbits/sec                  
[  6]   2.00-3.00   sec  31.3 MBytes   263 Mbits/sec                  
[  6]   3.00-4.00   sec  32.9 MBytes   276 Mbits/sec                  
[  6]   4.00-5.00   sec  35.7 MBytes   300 Mbits/sec                  
[  6]   5.00-6.00   sec  33.6 MBytes   282 Mbits/sec                  
[  6]   6.00-7.00   sec  34.7 MBytes   291 Mbits/sec                  
[  6]   7.00-8.00   sec  34.9 MBytes   293 Mbits/sec                  
[  6]   8.00-9.00   sec  33.4 MBytes   280 Mbits/sec                  
[  6]   9.00-10.00  sec  35.6 MBytes   299 Mbits/sec                  
[  6]  10.00-10.28  sec  9.76 MBytes   289 Mbits/sec                  
- - - - - - - - - - - - - - - - - - - - - - - - -
Test Complete. Summary Results:
[ ID] Interval           Transfer     Bitrate
[  6] (sender statistics not available)
[  6]   0.00-10.28  sec   316 MBytes   258 Mbits/sec                  receiver
rcv_tcp_congestion cubic
iperf3: interrupt - the server has terminated
