iperf 3.10.1
Linux cs490clc1.cs.purdue.edu 4.15.0-118-generic #119-Ubuntu SMP Tue Sep 8 12:30:01 UTC 2020 x86_64
-----------------------------------------------------------
Server listening on 5250 (test #1)
-----------------------------------------------------------
Time: Sun, 24 Oct 2021 19:12:06 GMT
Accepted connection from 10.0.0.1, port 38866
      Cookie: 6zpjc5nc7vk2q7hhot7huiinqanfmvnlbkd5
      TCP MSS: 9216
[  6] local 10.0.0.2 port 5250 connected to 10.0.0.1 port 38868
Starting Test: protocol: TCP, 1 streams, 131072 byte blocks, omitting 0 seconds, 10 second test, tos 0
[ ID] Interval           Transfer     Bitrate
[  6]   0.00-1.00   sec   112 MBytes   936 Mbits/sec                  
[  6]   1.00-2.00   sec   114 MBytes   957 Mbits/sec                  
[  6]   2.00-3.00   sec   114 MBytes   957 Mbits/sec                  
[  6]   3.00-4.00   sec   114 MBytes   956 Mbits/sec                  
[  6]   4.00-5.00   sec   114 MBytes   955 Mbits/sec                  
[  6]   5.00-6.00   sec   114 MBytes   956 Mbits/sec                  
[  6]   6.00-7.00   sec   114 MBytes   956 Mbits/sec                  
[  6]   7.00-8.00   sec   114 MBytes   956 Mbits/sec                  
[  6]   8.00-9.00   sec   114 MBytes   957 Mbits/sec                  
[  6]   9.00-10.00  sec   114 MBytes   957 Mbits/sec                  
[  6]  10.00-10.50  sec  57.3 MBytes   956 Mbits/sec                  
- - - - - - - - - - - - - - - - - - - - - - - - -
Test Complete. Summary Results:
[ ID] Interval           Transfer     Bitrate
[  6] (sender statistics not available)
[  6]   0.00-10.50  sec  1.17 GBytes   954 Mbits/sec                  receiver
rcv_tcp_congestion cubic
iperf 3.10.1
Linux cs490clc1.cs.purdue.edu 4.15.0-118-generic #119-Ubuntu SMP Tue Sep 8 12:30:01 UTC 2020 x86_64
-----------------------------------------------------------
Server listening on 5250 (test #1)
-----------------------------------------------------------
Time: Sun, 24 Oct 2021 19:12:22 GMT
Accepted connection from 10.0.0.1, port 50572
      Cookie: 2ooqtegzsydkdcs43pqlgrsnit6ac2acogsf
      TCP MSS: 9216
[  6] local 10.0.0.4 port 5250 connected to 10.0.0.1 port 50574
Starting Test: protocol: TCP, 1 streams, 131072 byte blocks, omitting 0 seconds, 10 second test, tos 0
[ ID] Interval           Transfer     Bitrate
[  6]   0.00-1.00   sec   108 MBytes   907 Mbits/sec                  
[  6]   1.00-2.00   sec   114 MBytes   956 Mbits/sec                  
[  6]   2.00-3.00   sec   114 MBytes   957 Mbits/sec                  
[  6]   3.00-4.00   sec   114 MBytes   956 Mbits/sec                  
[  6]   4.00-5.00   sec   114 MBytes   957 Mbits/sec                  
[  6]   5.00-6.00   sec   114 MBytes   956 Mbits/sec                  
[  6]   6.00-7.00   sec   114 MBytes   956 Mbits/sec                  
[  6]   7.00-8.00   sec   114 MBytes   956 Mbits/sec                  
[  6]   8.00-9.00   sec   114 MBytes   956 Mbits/sec                  
[  6]   9.00-10.00  sec   114 MBytes   956 Mbits/sec                  
[  6]  10.00-10.36  sec  41.0 MBytes   953 Mbits/sec                  
- - - - - - - - - - - - - - - - - - - - - - - - -
Test Complete. Summary Results:
[ ID] Interval           Transfer     Bitrate
[  6] (sender statistics not available)
[  6]   0.00-10.36  sec  1.15 GBytes   951 Mbits/sec                  receiver
rcv_tcp_congestion cubic
iperf 3.10.1
Linux cs490clc1.cs.purdue.edu 4.15.0-118-generic #119-Ubuntu SMP Tue Sep 8 12:30:01 UTC 2020 x86_64
-----------------------------------------------------------
Server listening on 5250 (test #1)
-----------------------------------------------------------
Time: Sun, 24 Oct 2021 19:12:38 GMT
Accepted connection from 10.0.0.1, port 54416
      Cookie: khef4oepsvlnl2ndn65s3myk57bhn7fmjogn
      TCP MSS: 9216
[  6] local 10.0.0.7 port 5250 connected to 10.0.0.1 port 54418
Starting Test: protocol: TCP, 1 streams, 131072 byte blocks, omitting 0 seconds, 10 second test, tos 0
[ ID] Interval           Transfer     Bitrate
[  6]   0.00-1.00   sec   104 MBytes   875 Mbits/sec                  
[  6]   1.00-2.00   sec   114 MBytes   956 Mbits/sec                  
[  6]   2.00-3.00   sec   114 MBytes   957 Mbits/sec                  
[  6]   3.00-4.00   sec   114 MBytes   955 Mbits/sec                  
[  6]   4.00-5.00   sec   114 MBytes   957 Mbits/sec                  
[  6]   5.00-6.00   sec   114 MBytes   956 Mbits/sec                  
[  6]   6.00-7.00   sec   114 MBytes   955 Mbits/sec                  
[  6]   7.00-8.00   sec   114 MBytes   956 Mbits/sec                  
[  6]   8.00-9.00   sec   114 MBytes   957 Mbits/sec                  
[  6]   9.00-10.00  sec   114 MBytes   956 Mbits/sec                  
[  6]  10.00-10.51  sec  58.0 MBytes   956 Mbits/sec                  
- - - - - - - - - - - - - - - - - - - - - - - - -
Test Complete. Summary Results:
[ ID] Interval           Transfer     Bitrate
[  6] (sender statistics not available)
[  6]   0.00-10.51  sec  1.16 GBytes   948 Mbits/sec                  receiver
rcv_tcp_congestion cubic
iperf 3.10.1
Linux cs490clc1.cs.purdue.edu 4.15.0-118-generic #119-Ubuntu SMP Tue Sep 8 12:30:01 UTC 2020 x86_64
-----------------------------------------------------------
Server listening on 5250 (test #1)
-----------------------------------------------------------
Time: Sun, 24 Oct 2021 19:12:57 GMT
Accepted connection from 10.0.0.1, port 42430
      Cookie: pwbhmhllfk7uvyamy6uiy5yigprfg2z3ki7d
      TCP MSS: 9216
[  6] local 10.0.0.19 port 5250 connected to 10.0.0.1 port 42432
Starting Test: protocol: TCP, 1 streams, 131072 byte blocks, omitting 0 seconds, 10 second test, tos 0
[ ID] Interval           Transfer     Bitrate
[  6]   0.00-1.00   sec  14.1 KBytes   116 Kbits/sec                  
[  6]   1.00-2.00   sec  28.3 KBytes   232 Kbits/sec                  
[  6]   2.00-3.00   sec  56.6 KBytes   463 Kbits/sec                  
[  6]   3.00-4.00   sec   113 KBytes   926 Kbits/sec                  
[  6]   4.00-5.00   sec   679 KBytes  5.56 Mbits/sec                  
[  6]   5.00-6.00   sec   905 KBytes  7.41 Mbits/sec                  
[  6]   6.00-7.00   sec  1.77 MBytes  14.8 Mbits/sec                  
[  6]   7.00-8.00   sec  3.53 MBytes  29.6 Mbits/sec                  
[  6]   8.00-9.00   sec  9.08 MBytes  76.2 Mbits/sec                  
[  6]   9.00-10.00  sec  35.3 MBytes   296 Mbits/sec                  
[  6]  10.00-11.00  sec  35.4 MBytes   297 Mbits/sec                  
- - - - - - - - - - - - - - - - - - - - - - - - -
Test Complete. Summary Results:
[ ID] Interval           Transfer     Bitrate
[  6] (sender statistics not available)
[  6]   0.00-11.02  sec  86.8 MBytes  66.1 Mbits/sec                  receiver
rcv_tcp_congestion cubic
iperf3: interrupt - the server has terminated
