iperf 3.10.1
Linux cs490clc1.cs.purdue.edu 4.15.0-118-generic #119-Ubuntu SMP Tue Sep 8 12:30:01 UTC 2020 x86_64
-----------------------------------------------------------
Server listening on 5250 (test #1)
-----------------------------------------------------------
Time: Sun, 31 Oct 2021 20:07:47 GMT
Accepted connection from 10.0.0.4, port 54806
      Cookie: sqsszwiulvzy6mck6axxzdpotkwz5rxisigg
      TCP MSS: 9216
[  6] local 10.0.0.25 port 5250 connected to 10.0.0.4 port 54816
Starting Test: protocol: TCP, 1 streams, 131072 byte blocks, omitting 0 seconds, 10 second test, tos 0
[ ID] Interval           Transfer     Bitrate
[  6]   0.00-1.00   sec  3.52 MBytes  29.5 Mbits/sec                  
[  6]   1.00-2.00   sec  17.0 MBytes   143 Mbits/sec                  
[  6]   2.00-3.00   sec  10.1 MBytes  84.5 Mbits/sec                  
[  6]   3.00-4.00   sec  6.59 MBytes  55.3 Mbits/sec                  
[  6]   4.00-5.00   sec  9.48 MBytes  79.6 Mbits/sec                  
[  6]   5.00-6.00   sec  11.2 MBytes  94.3 Mbits/sec                  
[  6]   6.00-7.00   sec  11.1 MBytes  93.3 Mbits/sec                  
[  6]   7.00-8.00   sec  11.8 MBytes  98.9 Mbits/sec                  
[  6]   8.00-9.00   sec  12.2 MBytes   102 Mbits/sec                  
[  6]   9.00-10.00  sec  11.5 MBytes  96.2 Mbits/sec                  
[  6]  10.00-10.12  sec  1.40 MBytes   101 Mbits/sec                  
- - - - - - - - - - - - - - - - - - - - - - - - -
Test Complete. Summary Results:
[ ID] Interval           Transfer     Bitrate
[  6] (sender statistics not available)
[  6]   0.00-10.12  sec   106 MBytes  87.8 Mbits/sec                  receiver
rcv_tcp_congestion cubic
iperf3: interrupt - the server has terminated
