h1 sending to h19 ---
iperf 3.10.1
Linux cs490clc1.cs.purdue.edu 4.15.0-118-generic #119-Ubuntu SMP Tue Sep 8 12:30:01 UTC 2020 x86_64
Control connection MSS 1448
Time: Sat, 06 Nov 2021 16:35:11 GMT
Connecting to host 10.0.0.19, port 5250
      Cookie: 7p4gslzoxg7oasbdppfzg7wivhbzfg6o77xu
      TCP MSS: 9216
[  5] local 10.0.0.1 port 40210 connected to 10.0.0.19 port 5250
Starting Test: protocol: TCP, 1 streams, 131072 byte blocks, omitting 0 seconds, 10 second test, tos 0
[ ID] Interval           Transfer     Bitrate         Retr  Cwnd
[  5]   0.00-1.00   sec  22.5 MBytes   189 Mbits/sec    0   3.54 MBytes       
[  5]   1.00-2.00   sec  45.0 MBytes   377 Mbits/sec    0   14.7 MBytes       
[  5]   2.00-3.00   sec  52.5 MBytes   440 Mbits/sec    0   14.7 MBytes       
[  5]   3.00-4.00   sec  50.0 MBytes   419 Mbits/sec    0   14.7 MBytes       
[  5]   4.00-5.00   sec  47.5 MBytes   398 Mbits/sec    0   14.7 MBytes       
[  5]   5.00-6.00   sec  50.0 MBytes   419 Mbits/sec   14   14.7 MBytes       
[  5]   6.00-7.00   sec  47.5 MBytes   398 Mbits/sec    0   14.7 MBytes       
[  5]   7.00-8.00   sec  48.8 MBytes   409 Mbits/sec    0   14.7 MBytes       
[  5]   8.00-9.00   sec  50.0 MBytes   419 Mbits/sec    0   14.7 MBytes       
[  5]   9.00-10.00  sec  47.5 MBytes   398 Mbits/sec    0   14.7 MBytes       
- - - - - - - - - - - - - - - - - - - - - - - - -
Test Complete. Summary Results:
[ ID] Interval           Transfer     Bitrate         Retr
[  5]   0.00-10.00  sec   461 MBytes   387 Mbits/sec   14             sender
[  5]   0.00-10.30  sec   457 MBytes   372 Mbits/sec                  receiver
CPU Utilization: local/sender 3.0% (0.1%u/2.9%s), remote/receiver 3.7% (0.4%u/3.4%s)
snd_tcp_congestion cubic
rcv_tcp_congestion cubic

iperf Done.
