iperf 3.10.1
Linux cs490clc1.cs.purdue.edu 4.15.0-118-generic #119-Ubuntu SMP Tue Sep 8 12:30:01 UTC 2020 x86_64
-----------------------------------------------------------
Server listening on 5250 (test #1)
-----------------------------------------------------------
Time: Tue, 26 Oct 2021 13:38:06 GMT
Accepted connection from 10.0.0.1, port 40576
      Cookie: wjio6woiahiqrdntwz35bt4yz4qn3ge3m44v
      TCP MSS: 9216
[  6] local 10.0.0.2 port 5250 connected to 10.0.0.1 port 40578
Starting Test: protocol: TCP, 1 streams, 131072 byte blocks, omitting 0 seconds, 10 second test, tos 0
[ ID] Interval           Transfer     Bitrate
[  6]   0.00-1.00   sec   112 MBytes   937 Mbits/sec                  
[  6]   1.00-2.00   sec   114 MBytes   957 Mbits/sec                  
[  6]   2.00-3.00   sec   114 MBytes   956 Mbits/sec                  
[  6]   3.00-4.00   sec   114 MBytes   957 Mbits/sec                  
[  6]   4.00-5.00   sec   114 MBytes   957 Mbits/sec                  
[  6]   5.00-6.00   sec   114 MBytes   956 Mbits/sec                  
[  6]   6.00-7.00   sec   114 MBytes   956 Mbits/sec                  
[  6]   7.00-8.00   sec   114 MBytes   956 Mbits/sec                  
[  6]   8.00-9.00   sec   114 MBytes   957 Mbits/sec                  
[  6]   9.00-10.00  sec   114 MBytes   957 Mbits/sec                  
[  6]  10.00-10.50  sec  57.3 MBytes   955 Mbits/sec                  
- - - - - - - - - - - - - - - - - - - - - - - - -
Test Complete. Summary Results:
[ ID] Interval           Transfer     Bitrate
[  6] (sender statistics not available)
[  6]   0.00-10.50  sec  1.17 GBytes   954 Mbits/sec                  receiver
rcv_tcp_congestion cubic
iperf 3.10.1
Linux cs490clc1.cs.purdue.edu 4.15.0-118-generic #119-Ubuntu SMP Tue Sep 8 12:30:01 UTC 2020 x86_64
-----------------------------------------------------------
Server listening on 5250 (test #1)
-----------------------------------------------------------
Time: Tue, 26 Oct 2021 13:38:22 GMT
Accepted connection from 10.0.0.1, port 52282
      Cookie: uhywgukznrvg4fmht7wvirstl3leyb2qpkti
      TCP MSS: 9216
[  6] local 10.0.0.4 port 5250 connected to 10.0.0.1 port 52284
Starting Test: protocol: TCP, 1 streams, 131072 byte blocks, omitting 0 seconds, 10 second test, tos 0
[ ID] Interval           Transfer     Bitrate
[  6]   0.00-1.00   sec   108 MBytes   910 Mbits/sec                  
[  6]   1.00-2.00   sec   114 MBytes   955 Mbits/sec                  
[  6]   2.00-3.00   sec   114 MBytes   956 Mbits/sec                  
[  6]   3.00-4.00   sec   114 MBytes   957 Mbits/sec                  
[  6]   4.00-5.00   sec   114 MBytes   955 Mbits/sec                  
[  6]   5.00-6.00   sec   114 MBytes   956 Mbits/sec                  
[  6]   6.00-7.00   sec   114 MBytes   956 Mbits/sec                  
[  6]   7.00-8.00   sec   114 MBytes   956 Mbits/sec                  
[  6]   8.00-9.00   sec   114 MBytes   957 Mbits/sec                  
[  6]   9.00-10.00  sec   114 MBytes   957 Mbits/sec                  
[  6]  10.00-10.51  sec  58.0 MBytes   955 Mbits/sec                  
- - - - - - - - - - - - - - - - - - - - - - - - -
Test Complete. Summary Results:
[ ID] Interval           Transfer     Bitrate
[  6] (sender statistics not available)
[  6]   0.00-10.51  sec  1.16 GBytes   952 Mbits/sec                  receiver
rcv_tcp_congestion cubic
iperf 3.10.1
Linux cs490clc1.cs.purdue.edu 4.15.0-118-generic #119-Ubuntu SMP Tue Sep 8 12:30:01 UTC 2020 x86_64
-----------------------------------------------------------
Server listening on 5250 (test #1)
-----------------------------------------------------------
Time: Tue, 26 Oct 2021 13:38:38 GMT
Accepted connection from 10.0.0.1, port 56126
      Cookie: ncpgid2ikvhn2v6jhwkjqyi4cyi6gblp6dpn
      TCP MSS: 9216
[  6] local 10.0.0.7 port 5250 connected to 10.0.0.1 port 56128
Starting Test: protocol: TCP, 1 streams, 131072 byte blocks, omitting 0 seconds, 10 second test, tos 0
[ ID] Interval           Transfer     Bitrate
[  6]   0.00-1.00   sec   105 MBytes   877 Mbits/sec                  
[  6]   1.00-2.00   sec   114 MBytes   956 Mbits/sec                  
[  6]   2.00-3.00   sec   114 MBytes   954 Mbits/sec                  
[  6]   3.00-4.00   sec   114 MBytes   953 Mbits/sec                  
[  6]   4.00-5.00   sec   114 MBytes   957 Mbits/sec                  
[  6]   5.00-6.00   sec   114 MBytes   956 Mbits/sec                  
[  6]   6.00-7.00   sec   113 MBytes   950 Mbits/sec                  
[  6]   7.00-8.00   sec   113 MBytes   952 Mbits/sec                  
[  6]   8.00-9.00   sec   114 MBytes   956 Mbits/sec                  
[  6]   9.00-10.00  sec   114 MBytes   952 Mbits/sec                  
[  6]  10.00-10.18  sec  20.4 MBytes   956 Mbits/sec                  
- - - - - - - - - - - - - - - - - - - - - - - - -
Test Complete. Summary Results:
[ ID] Interval           Transfer     Bitrate
[  6] (sender statistics not available)
[  6]   0.00-10.18  sec  1.12 GBytes   946 Mbits/sec                  receiver
rcv_tcp_congestion cubic
iperf 3.10.1
Linux cs490clc1.cs.purdue.edu 4.15.0-118-generic #119-Ubuntu SMP Tue Sep 8 12:30:01 UTC 2020 x86_64
-----------------------------------------------------------
Server listening on 5250 (test #1)
-----------------------------------------------------------
Time: Tue, 26 Oct 2021 13:38:54 GMT
Accepted connection from 10.0.0.1, port 44140
      Cookie: 257bg63qja4ihnypsqdsfer2rl6k3asoceuf
      TCP MSS: 9216
[  6] local 10.0.0.19 port 5250 connected to 10.0.0.1 port 44142
Starting Test: protocol: TCP, 1 streams, 131072 byte blocks, omitting 0 seconds, 10 second test, tos 0
[ ID] Interval           Transfer     Bitrate
[  6]   0.00-1.00   sec  3.52 MBytes  29.5 Mbits/sec                  
[  6]   1.00-2.00   sec  92.9 MBytes   780 Mbits/sec                  
[  6]   2.00-3.00   sec   114 MBytes   954 Mbits/sec                  
[  6]   3.00-4.00   sec   114 MBytes   956 Mbits/sec                  
[  6]   4.00-5.00   sec   114 MBytes   957 Mbits/sec                  
[  6]   5.00-6.00   sec   114 MBytes   955 Mbits/sec                  
[  6]   6.00-7.00   sec   114 MBytes   956 Mbits/sec                  
[  6]   7.00-8.00   sec   114 MBytes   957 Mbits/sec                  
[  6]   8.00-9.00   sec   114 MBytes   955 Mbits/sec                  
[  6]   9.00-10.00  sec   114 MBytes   957 Mbits/sec                  
[  6]  10.00-10.56  sec  63.4 MBytes   955 Mbits/sec                  
- - - - - - - - - - - - - - - - - - - - - - - - -
Test Complete. Summary Results:
[ ID] Interval           Transfer     Bitrate
[  6] (sender statistics not available)
[  6]   0.00-10.56  sec  1.05 GBytes   851 Mbits/sec                  receiver
rcv_tcp_congestion cubic
iperf 3.10.1
Linux cs490clc1.cs.purdue.edu 4.15.0-118-generic #119-Ubuntu SMP Tue Sep 8 12:30:01 UTC 2020 x86_64
-----------------------------------------------------------
Server listening on 5250 (test #1)
-----------------------------------------------------------
Time: Tue, 26 Oct 2021 13:39:11 GMT
Accepted connection from 10.0.0.1, port 56216
      Cookie: 3uhymaxexdabtuhwpabs5jxlmt5y2jqpv2bi
      TCP MSS: 9216
[  6] local 10.0.0.37 port 5250 connected to 10.0.0.1 port 56218
Starting Test: protocol: TCP, 1 streams, 131072 byte blocks, omitting 0 seconds, 10 second test, tos 0
[ ID] Interval           Transfer     Bitrate
[  6]   0.00-1.00   sec  3.52 MBytes  29.5 Mbits/sec                  
[  6]   1.00-2.00   sec  92.6 MBytes   777 Mbits/sec                  
[  6]   2.00-3.00   sec   114 MBytes   956 Mbits/sec                  
[  6]   3.00-4.00   sec   114 MBytes   957 Mbits/sec                  
[  6]   4.00-5.00   sec   114 MBytes   954 Mbits/sec                  
[  6]   5.00-6.00   sec   114 MBytes   956 Mbits/sec                  
[  6]   6.00-7.00   sec   114 MBytes   957 Mbits/sec                  
[  6]   7.00-8.00   sec   114 MBytes   956 Mbits/sec                  
[  6]   8.00-9.00   sec   114 MBytes   956 Mbits/sec                  
[  6]   9.00-10.00  sec   114 MBytes   957 Mbits/sec                  
[  6]  10.00-10.56  sec  63.4 MBytes   955 Mbits/sec                  
- - - - - - - - - - - - - - - - - - - - - - - - -
Test Complete. Summary Results:
[ ID] Interval           Transfer     Bitrate
[  6] (sender statistics not available)
[  6]   0.00-10.56  sec  1.05 GBytes   851 Mbits/sec                  receiver
rcv_tcp_congestion cubic
