iperf 3.10.1
Linux cs490clc1.cs.purdue.edu 4.15.0-118-generic #119-Ubuntu SMP Tue Sep 8 12:30:01 UTC 2020 x86_64
-----------------------------------------------------------
Server listening on 5250 (test #1)
-----------------------------------------------------------
Time: Mon, 25 Oct 2021 21:55:05 GMT
Accepted connection from 10.0.0.1, port 47918
      Cookie: n2eo6y5ajyxmmizpv4cjaj6v7zmwtbsxm6ju
      TCP MSS: 9216
[  6] local 10.0.0.2 port 5250 connected to 10.0.0.1 port 47920
Starting Test: protocol: TCP, 1 streams, 131072 byte blocks, omitting 0 seconds, 10 second test, tos 0
[ ID] Interval           Transfer     Bitrate
[  6]   0.00-1.00   sec  29.9 MBytes   250 Mbits/sec                  
[  6]   1.00-2.00   sec  30.2 MBytes   254 Mbits/sec                  
[  6]   2.00-3.00   sec  29.1 MBytes   244 Mbits/sec                  
[  6]   3.00-4.00   sec  30.2 MBytes   254 Mbits/sec                  
[  6]   4.00-5.00   sec  30.3 MBytes   254 Mbits/sec                  
[  6]   5.00-6.00   sec  30.2 MBytes   253 Mbits/sec                  
[  6]   6.00-7.00   sec  30.3 MBytes   254 Mbits/sec                  
[  6]   7.00-8.00   sec  30.2 MBytes   253 Mbits/sec                  
[  6]   8.00-9.00   sec  30.0 MBytes   252 Mbits/sec                  
[  6]   9.00-10.00  sec  30.3 MBytes   254 Mbits/sec                  
[  6]  10.00-10.00  sec   127 KBytes   236 Mbits/sec                  
- - - - - - - - - - - - - - - - - - - - - - - - -
Test Complete. Summary Results:
[ ID] Interval           Transfer     Bitrate
[  6] (sender statistics not available)
[  6]   0.00-10.00  sec   301 MBytes   252 Mbits/sec                  receiver
rcv_tcp_congestion cubic
iperf 3.10.1
Linux cs490clc1.cs.purdue.edu 4.15.0-118-generic #119-Ubuntu SMP Tue Sep 8 12:30:01 UTC 2020 x86_64
-----------------------------------------------------------
Server listening on 5250 (test #1)
-----------------------------------------------------------
Time: Mon, 25 Oct 2021 21:55:20 GMT
Accepted connection from 10.0.0.1, port 59624
      Cookie: v2uhaqrlnkrnn3qxp7keatdxjdf4lxurwt5d
      TCP MSS: 9216
[  6] local 10.0.0.4 port 5250 connected to 10.0.0.1 port 59626
Starting Test: protocol: TCP, 1 streams, 131072 byte blocks, omitting 0 seconds, 10 second test, tos 0
[ ID] Interval           Transfer     Bitrate
[  6]   0.00-1.00   sec  14.9 MBytes   125 Mbits/sec                  
[  6]   1.00-2.00   sec  15.2 MBytes   127 Mbits/sec                  
[  6]   2.00-3.00   sec  15.0 MBytes   126 Mbits/sec                  
[  6]   3.00-4.00   sec  15.2 MBytes   127 Mbits/sec                  
[  6]   4.00-5.00   sec  15.2 MBytes   128 Mbits/sec                  
[  6]   5.00-6.00   sec  15.2 MBytes   128 Mbits/sec                  
[  6]   6.00-7.00   sec  15.2 MBytes   127 Mbits/sec                  
[  6]   7.00-8.00   sec  15.2 MBytes   127 Mbits/sec                  
[  6]   8.00-9.00   sec  15.3 MBytes   128 Mbits/sec                  
[  6]   9.00-10.00  sec  15.2 MBytes   127 Mbits/sec                  
[  6]  10.00-10.01  sec   127 KBytes   127 Mbits/sec                  
- - - - - - - - - - - - - - - - - - - - - - - - -
Test Complete. Summary Results:
[ ID] Interval           Transfer     Bitrate
[  6] (sender statistics not available)
[  6]   0.00-10.01  sec   152 MBytes   127 Mbits/sec                  receiver
rcv_tcp_congestion cubic
iperf 3.10.1
Linux cs490clc1.cs.purdue.edu 4.15.0-118-generic #119-Ubuntu SMP Tue Sep 8 12:30:01 UTC 2020 x86_64
-----------------------------------------------------------
Server listening on 5250 (test #1)
-----------------------------------------------------------
Time: Mon, 25 Oct 2021 21:55:36 GMT
Accepted connection from 10.0.0.1, port 35236
      Cookie: ipedssid662nzrknbbm2wk63uxhifj5ad3ai
      TCP MSS: 9216
[  6] local 10.0.0.7 port 5250 connected to 10.0.0.1 port 35238
Starting Test: protocol: TCP, 1 streams, 131072 byte blocks, omitting 0 seconds, 10 second test, tos 0
[ ID] Interval           Transfer     Bitrate
[  6]   0.00-1.00   sec  9.77 MBytes  82.0 Mbits/sec                  
[  6]   1.00-2.00   sec  9.81 MBytes  82.3 Mbits/sec                  
[  6]   2.00-3.00   sec  10.1 MBytes  84.9 Mbits/sec                  
[  6]   3.00-4.00   sec  9.95 MBytes  83.4 Mbits/sec                  
[  6]   4.00-5.00   sec  10.2 MBytes  85.9 Mbits/sec                  
[  6]   5.00-6.00   sec  9.89 MBytes  83.0 Mbits/sec                  
[  6]   6.00-7.00   sec  10.1 MBytes  84.4 Mbits/sec                  
[  6]   7.00-8.00   sec  10.0 MBytes  84.0 Mbits/sec                  
[  6]   8.00-9.00   sec  10.0 MBytes  83.9 Mbits/sec                  
[  6]   9.00-10.00  sec  10.0 MBytes  84.1 Mbits/sec                  
[  6]  10.00-10.01  sec   127 KBytes  85.2 Mbits/sec                  
- - - - - - - - - - - - - - - - - - - - - - - - -
Test Complete. Summary Results:
[ ID] Interval           Transfer     Bitrate
[  6] (sender statistics not available)
[  6]   0.00-10.01  sec   100 MBytes  83.8 Mbits/sec                  receiver
rcv_tcp_congestion cubic
iperf 3.10.1
Linux cs490clc1.cs.purdue.edu 4.15.0-118-generic #119-Ubuntu SMP Tue Sep 8 12:30:01 UTC 2020 x86_64
-----------------------------------------------------------
Server listening on 5250 (test #1)
-----------------------------------------------------------
Time: Mon, 25 Oct 2021 21:55:51 GMT
Accepted connection from 10.0.0.1, port 51482
      Cookie: mtqvzebgpxyl26gatfd6jqnkann7bthkirne
      TCP MSS: 9216
[  6] local 10.0.0.19 port 5250 connected to 10.0.0.1 port 51484
Starting Test: protocol: TCP, 1 streams, 131072 byte blocks, omitting 0 seconds, 10 second test, tos 0
[ ID] Interval           Transfer     Bitrate
[  6]   0.00-1.00   sec   716 KBytes  5.87 Mbits/sec                  
[  6]   1.00-2.00   sec  1.11 MBytes  9.32 Mbits/sec                  
[  6]   2.00-3.00   sec  1010 KBytes  8.27 Mbits/sec                  
[  6]   3.00-4.00   sec  1.11 MBytes  9.31 Mbits/sec                  
[  6]   4.00-5.00   sec  1.08 MBytes  9.10 Mbits/sec                  
[  6]   5.00-6.00   sec  1.01 MBytes  8.49 Mbits/sec                  
[  6]   6.00-7.00   sec  1.11 MBytes  9.30 Mbits/sec                  
[  6]   7.00-8.00   sec  1012 KBytes  8.29 Mbits/sec                  
[  6]   8.00-9.00   sec  1.11 MBytes  9.31 Mbits/sec                  
[  6]   9.00-10.00  sec  1.11 MBytes  9.31 Mbits/sec                  
[  6]  10.00-10.12  sec   127 KBytes  8.92 Mbits/sec                  
- - - - - - - - - - - - - - - - - - - - - - - - -
Test Complete. Summary Results:
[ ID] Interval           Transfer     Bitrate
[  6] (sender statistics not available)
[  6]   0.00-10.12  sec  10.4 MBytes  8.66 Mbits/sec                  receiver
rcv_tcp_congestion cubic
iperf 3.10.1
Linux cs490clc1.cs.purdue.edu 4.15.0-118-generic #119-Ubuntu SMP Tue Sep 8 12:30:01 UTC 2020 x86_64
-----------------------------------------------------------
Server listening on 5250 (test #1)
-----------------------------------------------------------
Time: Mon, 25 Oct 2021 21:56:07 GMT
Accepted connection from 10.0.0.1, port 35326
      Cookie: sv2r4gzvm4ufk52maoa6avhwlbhhizwntepb
      TCP MSS: 9216
[  6] local 10.0.0.37 port 5250 connected to 10.0.0.1 port 35328
Starting Test: protocol: TCP, 1 streams, 131072 byte blocks, omitting 0 seconds, 10 second test, tos 0
[ ID] Interval           Transfer     Bitrate
[  6]   0.00-1.00   sec   717 KBytes  5.87 Mbits/sec                  
[  6]   1.00-2.00   sec  1.11 MBytes  9.32 Mbits/sec                  
[  6]   2.00-3.00   sec  1011 KBytes  8.28 Mbits/sec                  
[  6]   3.00-4.00   sec  1.11 MBytes  9.31 Mbits/sec                  
[  6]   4.00-5.00   sec  1012 KBytes  8.29 Mbits/sec                  
[  6]   5.00-6.00   sec  1.11 MBytes  9.31 Mbits/sec                  
[  6]   6.00-7.00   sec  1.09 MBytes  9.13 Mbits/sec                  
[  6]   7.00-8.00   sec  1022 KBytes  8.38 Mbits/sec                  
[  6]   8.00-9.00   sec  1.09 MBytes  9.17 Mbits/sec                  
[  6]   9.00-10.00  sec  1022 KBytes  8.37 Mbits/sec                  
[  6]  10.00-10.12  sec   145 KBytes  10.2 Mbits/sec                  
- - - - - - - - - - - - - - - - - - - - - - - - -
Test Complete. Summary Results:
[ ID] Interval           Transfer     Bitrate
[  6] (sender statistics not available)
[  6]   0.00-10.12  sec  10.3 MBytes  8.56 Mbits/sec                  receiver
rcv_tcp_congestion cubic
