
--- TCP Test 0: h1 sending to h2 ---
Connecting to host 10.0.0.2, port 5250
[  4] local 10.0.0.1 port 46536 connected to 10.0.0.2 port 5250
[ ID] Interval           Transfer     Bandwidth       Retr  Cwnd
[  4]   0.00-1.00   sec  2.23 MBytes  18.7 Mbits/sec    0    205 KBytes       
[  4]   1.00-2.00   sec  1.43 MBytes  12.0 Mbits/sec    0    264 KBytes       
[  4]   2.00-3.00   sec  1.49 MBytes  12.5 Mbits/sec    0    322 KBytes       
[  4]   3.00-4.00   sec  1.30 MBytes  10.9 Mbits/sec    4    363 KBytes       
[  4]   4.00-5.00   sec  1.18 MBytes  9.91 Mbits/sec    0    366 KBytes       
[  4]   5.00-6.00   sec  1.18 MBytes  9.91 Mbits/sec    0    369 KBytes       
[  4]   6.00-7.00   sec  1.18 MBytes  9.90 Mbits/sec    0    378 KBytes       
[  4]   7.00-8.00   sec  1.24 MBytes  10.4 Mbits/sec    0    399 KBytes       
[  4]   8.00-9.00   sec  1.30 MBytes  10.9 Mbits/sec    0    431 KBytes       
[  4]   9.00-10.00  sec  1.37 MBytes  11.5 Mbits/sec    0    479 KBytes       
[  4]  10.00-11.00  sec  1.49 MBytes  12.5 Mbits/sec    0    546 KBytes       
[  4]  11.00-12.00  sec  1.62 MBytes  13.6 Mbits/sec    0    632 KBytes       
[  4]  12.00-13.00  sec  1.74 MBytes  14.6 Mbits/sec    0    741 KBytes       
[  4]  13.00-14.00  sec  1.80 MBytes  15.1 Mbits/sec    0    874 KBytes       
[  4]  14.00-15.00  sec  1.99 MBytes  16.7 Mbits/sec    0   1.01 MBytes       
[  4]  15.00-16.00  sec  1.25 MBytes  10.5 Mbits/sec    0   1.19 MBytes       
[  4]  16.00-17.00  sec  2.50 MBytes  21.0 Mbits/sec    0   1.40 MBytes       
[  4]  17.00-18.00  sec  1.25 MBytes  10.5 Mbits/sec    0   1.63 MBytes       
[  4]  18.00-19.00  sec  2.50 MBytes  21.0 Mbits/sec    0   1.92 MBytes       
[  4]  19.00-20.00  sec  1.25 MBytes  10.5 Mbits/sec    2   1.97 MBytes       
- - - - - - - - - - - - - - - - - - - - - - - - -
[ ID] Interval           Transfer     Bandwidth       Retr
[  4]   0.00-20.00  sec  31.3 MBytes  13.1 Mbits/sec    6             sender
[  4]   0.00-20.00  sec  24.7 MBytes  10.4 Mbits/sec                  receiver

iperf Done.

--- TCP Test 1: h1 sending to h4 ---
Connecting to host 10.0.0.4, port 5250
[  4] local 10.0.0.1 port 41634 connected to 10.0.0.4 port 5250
[ ID] Interval           Transfer     Bandwidth       Retr  Cwnd
[  4]   0.00-1.00   sec  1.90 MBytes  15.9 Mbits/sec    4    141 KBytes       
[  4]   1.00-2.00   sec  1.18 MBytes  9.90 Mbits/sec    0    147 KBytes       
[  4]   2.00-3.00   sec  1.18 MBytes  9.90 Mbits/sec    0    153 KBytes       
[  4]   3.00-4.00   sec  1.18 MBytes  9.91 Mbits/sec    0    158 KBytes       
[  4]   4.00-5.00   sec  1.18 MBytes  9.90 Mbits/sec    0    175 KBytes       
[  4]   5.00-6.00   sec  1.30 MBytes  10.9 Mbits/sec    0    208 KBytes       
[  4]   6.00-7.00   sec  1.43 MBytes  12.0 Mbits/sec    0    255 KBytes       
[  4]   7.00-8.00   sec  1.43 MBytes  12.0 Mbits/sec    0    321 KBytes       
[  4]   8.00-9.00   sec  1.62 MBytes  13.6 Mbits/sec    0    406 KBytes       
[  4]   9.00-10.00  sec  1.74 MBytes  14.6 Mbits/sec    0    513 KBytes       
[  4]  10.00-11.00  sec  1.86 MBytes  15.6 Mbits/sec    0    646 KBytes       
[  4]  11.00-12.00  sec  1.93 MBytes  16.2 Mbits/sec    0    803 KBytes       
[  4]  12.00-13.00  sec  2.17 MBytes  18.2 Mbits/sec    0    988 KBytes       
[  4]  13.00-14.00  sec  1.25 MBytes  10.5 Mbits/sec    0   1.17 MBytes       
[  4]  14.00-15.00  sec  2.50 MBytes  21.0 Mbits/sec    0   1.40 MBytes       
[  4]  15.00-16.00  sec  2.50 MBytes  21.0 Mbits/sec    0   1.68 MBytes       
[  4]  16.00-17.00  sec  1.25 MBytes  10.5 Mbits/sec    0   1.97 MBytes       
[  4]  17.00-18.00  sec  2.50 MBytes  21.0 Mbits/sec    0   2.31 MBytes       
[  4]  18.00-19.00  sec  2.50 MBytes  21.0 Mbits/sec    0   2.69 MBytes       
[  4]  19.00-20.00  sec  1.25 MBytes  10.5 Mbits/sec    0   2.40 MBytes       
- - - - - - - - - - - - - - - - - - - - - - - - -
[ ID] Interval           Transfer     Bandwidth       Retr
[  4]   0.00-20.00  sec  33.9 MBytes  14.2 Mbits/sec    4             sender
[  4]   0.00-20.00  sec  25.2 MBytes  10.6 Mbits/sec                  receiver

iperf Done.

--- TCP Test 2: h1 sending to h7 ---
Connecting to host 10.0.0.7, port 5250
[  4] local 10.0.0.1 port 50504 connected to 10.0.0.7 port 5250
[ ID] Interval           Transfer     Bandwidth       Retr  Cwnd
[  4]   0.00-1.00   sec  1.93 MBytes  16.2 Mbits/sec    0    140 KBytes       
[  4]   1.00-2.00   sec  1.43 MBytes  12.0 Mbits/sec    0    198 KBytes       
[  4]   2.00-3.00   sec  1.43 MBytes  12.0 Mbits/sec    0    256 KBytes       
[  4]   3.00-4.00   sec  1.49 MBytes  12.5 Mbits/sec    0    315 KBytes       
[  4]   4.00-5.00   sec  1.43 MBytes  12.0 Mbits/sec    0    373 KBytes       
[  4]   5.00-6.00   sec  1.43 MBytes  12.0 Mbits/sec    0    431 KBytes       
[  4]   6.00-7.00   sec  1.49 MBytes  12.5 Mbits/sec    0    489 KBytes       
[  4]   7.00-8.00   sec  1.43 MBytes  12.0 Mbits/sec    0    547 KBytes       
[  4]   8.00-9.00   sec  1.43 MBytes  12.0 Mbits/sec    0    607 KBytes       
[  4]   9.00-10.00  sec  1.49 MBytes  12.5 Mbits/sec    0    665 KBytes       
[  4]  10.00-11.00  sec  1.55 MBytes  13.0 Mbits/sec    0    745 KBytes       
[  4]  11.00-12.00  sec  2.05 MBytes  17.2 Mbits/sec    0    913 KBytes       
[  4]  12.00-13.00  sec  2.24 MBytes  18.8 Mbits/sec    0   1.10 MBytes       
[  4]  13.00-14.00  sec  1.25 MBytes  10.5 Mbits/sec    0   1.32 MBytes       
[  4]  14.00-15.00  sec  2.50 MBytes  21.0 Mbits/sec    0   1.60 MBytes       
[  4]  15.00-16.00  sec  2.50 MBytes  21.0 Mbits/sec    0   1.88 MBytes       
[  4]  16.00-17.00  sec  1.25 MBytes  10.5 Mbits/sec    2   2.00 MBytes       
[  4]  17.00-18.00  sec  1.25 MBytes  10.5 Mbits/sec    0   2.00 MBytes       
[  4]  18.00-19.00  sec  1.25 MBytes  10.5 Mbits/sec    0   2.00 MBytes       
[  4]  19.00-20.00  sec  1.25 MBytes  10.5 Mbits/sec    0   2.01 MBytes       
- - - - - - - - - - - - - - - - - - - - - - - - -
[ ID] Interval           Transfer     Bandwidth       Retr
[  4]   0.00-20.00  sec  32.1 MBytes  13.5 Mbits/sec    2             sender
[  4]   0.00-20.00  sec  24.8 MBytes  10.4 Mbits/sec                  receiver

iperf Done.

--- TCP Test 3: h1 sending to h19 ---
Connecting to host 10.0.0.19, port 5250
[  4] local 10.0.0.1 port 47458 connected to 10.0.0.19 port 5250
[ ID] Interval           Transfer     Bandwidth       Retr  Cwnd
[  4]   0.00-1.00   sec  1.89 MBytes  15.8 Mbits/sec    0    134 KBytes       
[  4]   1.00-2.00   sec  1.18 MBytes  9.91 Mbits/sec    4    143 KBytes       
[  4]   2.00-3.00   sec  1.12 MBytes  9.38 Mbits/sec    0    148 KBytes       
[  4]   3.00-4.00   sec  1.18 MBytes  9.90 Mbits/sec    0    154 KBytes       
[  4]   4.00-5.00   sec  1.24 MBytes  10.4 Mbits/sec    0    168 KBytes       
[  4]   5.00-6.00   sec  1.30 MBytes  10.9 Mbits/sec    0    199 KBytes       
[  4]   6.00-7.00   sec  1.37 MBytes  11.5 Mbits/sec    0    245 KBytes       
[  4]   7.00-8.00   sec  1.43 MBytes  12.0 Mbits/sec    0    308 KBytes       
[  4]   8.00-9.00   sec  1.62 MBytes  13.6 Mbits/sec    0    390 KBytes       
[  4]   9.00-10.00  sec  1.68 MBytes  14.1 Mbits/sec    0    496 KBytes       
[  4]  10.00-11.00  sec  1.80 MBytes  15.1 Mbits/sec    0    625 KBytes       
[  4]  11.00-12.00  sec  1.99 MBytes  16.7 Mbits/sec    0    779 KBytes       
[  4]  12.00-13.00  sec  2.11 MBytes  17.7 Mbits/sec    0    960 KBytes       
[  4]  13.00-14.00  sec  1.25 MBytes  10.5 Mbits/sec    0   1.14 MBytes       
[  4]  14.00-15.00  sec  2.50 MBytes  21.0 Mbits/sec    0   1.37 MBytes       
[  4]  15.00-16.00  sec  2.50 MBytes  21.0 Mbits/sec    0   1.64 MBytes       
[  4]  16.00-17.00  sec  1.25 MBytes  10.5 Mbits/sec    0   1.93 MBytes       
[  4]  17.00-18.00  sec  2.50 MBytes  21.0 Mbits/sec    0   2.26 MBytes       
[  4]  18.00-19.00  sec  2.50 MBytes  21.0 Mbits/sec    0   2.64 MBytes       
[  4]  19.00-20.00  sec  1.25 MBytes  10.5 Mbits/sec    0   2.47 MBytes       
- - - - - - - - - - - - - - - - - - - - - - - - -
[ ID] Interval           Transfer     Bandwidth       Retr
[  4]   0.00-20.00  sec  33.7 MBytes  14.1 Mbits/sec    4             sender
[  4]   0.00-20.00  sec  25.2 MBytes  10.6 Mbits/sec                  receiver

iperf Done.

--- TCP Test 4: h1 sending to h37 ---
Connecting to host 10.0.0.37, port 5250
[  4] local 10.0.0.1 port 54490 connected to 10.0.0.37 port 5250
[ ID] Interval           Transfer     Bandwidth       Retr  Cwnd
[  4]   0.00-1.00   sec  1.83 MBytes  15.3 Mbits/sec    0    134 KBytes       
[  4]   1.00-2.00   sec  1.49 MBytes  12.5 Mbits/sec    0    192 KBytes       
[  4]   2.00-3.00   sec  1.43 MBytes  12.0 Mbits/sec    0    252 KBytes       
[  4]   3.00-4.00   sec  1.43 MBytes  12.0 Mbits/sec    0    308 KBytes       
[  4]   4.00-5.00   sec  1.49 MBytes  12.5 Mbits/sec    0    368 KBytes       
[  4]   5.00-6.00   sec  1.43 MBytes  12.0 Mbits/sec    0    426 KBytes       
[  4]   6.00-7.00   sec  1.43 MBytes  12.0 Mbits/sec    0    484 KBytes       
[  4]   7.00-8.00   sec  1.49 MBytes  12.5 Mbits/sec    0    543 KBytes       
[  4]   8.00-9.00   sec  1.43 MBytes  12.0 Mbits/sec    0    601 KBytes       
[  4]   9.00-10.00  sec  1.43 MBytes  12.0 Mbits/sec    0    659 KBytes       
[  4]  10.00-11.00  sec  1.62 MBytes  13.6 Mbits/sec    0    740 KBytes       
[  4]  11.00-12.00  sec  1.99 MBytes  16.7 Mbits/sec    0    909 KBytes       
[  4]  12.00-13.00  sec  2.30 MBytes  19.3 Mbits/sec    0   1.09 MBytes       
[  4]  13.00-14.00  sec  1.25 MBytes  10.5 Mbits/sec    0   1.32 MBytes       
[  4]  14.00-15.00  sec  2.50 MBytes  21.0 Mbits/sec    0   1.59 MBytes       
[  4]  15.00-16.00  sec  2.50 MBytes  21.0 Mbits/sec    0   1.88 MBytes       
[  4]  16.00-17.00  sec  2.50 MBytes  21.0 Mbits/sec    0   2.21 MBytes       
[  4]  17.00-18.00  sec  2.50 MBytes  21.0 Mbits/sec    0   2.59 MBytes       
[  4]  18.00-19.00  sec  1.25 MBytes  10.5 Mbits/sec    0   2.52 MBytes       
[  4]  19.00-20.00  sec  1.25 MBytes  10.5 Mbits/sec    1   2.36 MBytes       
- - - - - - - - - - - - - - - - - - - - - - - - -
[ ID] Interval           Transfer     Bandwidth       Retr
[  4]   0.00-20.00  sec  34.5 MBytes  14.5 Mbits/sec    1             sender
[  4]   0.00-20.00  sec  25.1 MBytes  10.5 Mbits/sec                  receiver

iperf Done.
