iperf 3.10.1
Linux cs490clc1.cs.purdue.edu 4.15.0-118-generic #119-Ubuntu SMP Tue Sep 8 12:30:01 UTC 2020 x86_64
-----------------------------------------------------------
Server listening on 5250 (test #1)
-----------------------------------------------------------
Time: Mon, 15 Nov 2021 18:18:23 GMT
Accepted connection from 10.0.0.25, port 37544
      Cookie: blhe7p5iwuagn4knjl6f7hb5rhlsopalwrq7
      TCP MSS: 9216
[  6] local 10.0.0.4 port 5250 connected to 10.0.0.25 port 37552
Starting Test: protocol: TCP, 1 streams, 131072 byte blocks, omitting 0 seconds, 10 second test, tos 0
[ ID] Interval           Transfer     Bitrate
[  6]   0.00-1.00   sec  3.52 MBytes  29.5 Mbits/sec                  
[  6]   1.00-2.00   sec  41.1 MBytes   345 Mbits/sec                  
[  6]   2.00-3.00   sec  49.7 MBytes   416 Mbits/sec                  
[  6]   3.00-4.00   sec  48.4 MBytes   406 Mbits/sec                  
[  6]   4.00-5.00   sec  43.6 MBytes   365 Mbits/sec                  
[  6]   5.00-6.00   sec  43.9 MBytes   368 Mbits/sec                  
[  6]   6.00-7.00   sec  44.2 MBytes   371 Mbits/sec                  
[  6]   7.00-8.00   sec  44.1 MBytes   370 Mbits/sec                  
[  6]   8.00-9.00   sec  44.6 MBytes   374 Mbits/sec                  
[  6]   9.00-10.00  sec  44.7 MBytes   375 Mbits/sec                  
[  6]  10.00-10.13  sec  5.11 MBytes   320 Mbits/sec                  
- - - - - - - - - - - - - - - - - - - - - - - - -
Test Complete. Summary Results:
[ ID] Interval           Transfer     Bitrate
[  6] (sender statistics not available)
[  6]   0.00-10.13  sec   413 MBytes   342 Mbits/sec                  receiver
rcv_tcp_congestion cubic
iperf3: interrupt - the server has terminated
