iperf 3.10.1
Linux cs490clc1.cs.purdue.edu 4.15.0-118-generic #119-Ubuntu SMP Tue Sep 8 12:30:01 UTC 2020 x86_64
-----------------------------------------------------------
Server listening on 5250 (test #1)
-----------------------------------------------------------
Time: Mon, 08 Nov 2021 23:56:18 GMT
Accepted connection from 10.0.0.4, port 34432
      Cookie: hopo2pld4viiovfg7d6mqbdhg2nmwg4ecevx
      TCP MSS: 9216
[  6] local 10.0.0.25 port 5250 connected to 10.0.0.4 port 34440
Starting Test: protocol: TCP, 1 streams, 131072 byte blocks, omitting 0 seconds, 10 second test, tos 0
[ ID] Interval           Transfer     Bitrate
[  6]   0.00-1.00   sec  3.52 MBytes  29.5 Mbits/sec                  
[  6]   1.00-2.00   sec  29.0 MBytes   243 Mbits/sec                  
[  6]   2.00-3.00   sec  29.6 MBytes   249 Mbits/sec                  
[  6]   3.00-4.00   sec  32.5 MBytes   273 Mbits/sec                  
[  6]   4.00-5.00   sec  26.4 MBytes   221 Mbits/sec                  
[  6]   5.00-6.00   sec  26.7 MBytes   224 Mbits/sec                  
[  6]   6.00-7.00   sec  30.6 MBytes   257 Mbits/sec                  
[  6]   7.00-8.00   sec  31.6 MBytes   265 Mbits/sec                  
[  6]   8.00-9.00   sec  32.2 MBytes   270 Mbits/sec                  
[  6]   9.00-10.00  sec  32.5 MBytes   273 Mbits/sec                  
[  6]  10.00-10.26  sec  8.43 MBytes   276 Mbits/sec                  
- - - - - - - - - - - - - - - - - - - - - - - - -
Test Complete. Summary Results:
[ ID] Interval           Transfer     Bitrate
[  6] (sender statistics not available)
[  6]   0.00-10.26  sec   283 MBytes   231 Mbits/sec                  receiver
rcv_tcp_congestion cubic
iperf3: interrupt - the server has terminated
