iperf 3.10.1
Linux cs490clc1.cs.purdue.edu 4.15.0-118-generic #119-Ubuntu SMP Tue Sep 8 12:30:01 UTC 2020 x86_64
-----------------------------------------------------------
Server listening on 5250 (test #1)
-----------------------------------------------------------
Time: Fri, 22 Oct 2021 22:16:32 GMT
Accepted connection from 10.0.0.1, port 40630
      Cookie: kcwhr4bekoizkh4vitmtguk2zshp7kccyqiz
      TCP MSS: 9216
[  6] local 10.0.0.2 port 5250 connected to 10.0.0.1 port 40632
Starting Test: protocol: TCP, 1 streams, 131072 byte blocks, omitting 0 seconds, 10 second test, tos 0
[ ID] Interval           Transfer     Bitrate
[  6]   0.00-1.00   sec   112 MBytes   936 Mbits/sec                  
[  6]   1.00-2.00   sec   114 MBytes   956 Mbits/sec                  
[  6]   2.00-3.00   sec   114 MBytes   957 Mbits/sec                  
[  6]   3.00-4.00   sec   114 MBytes   957 Mbits/sec                  
[  6]   4.00-5.00   sec   114 MBytes   956 Mbits/sec                  
[  6]   5.00-6.00   sec   114 MBytes   956 Mbits/sec                  
[  6]   6.00-7.00   sec   114 MBytes   957 Mbits/sec                  
[  6]   7.00-8.00   sec   114 MBytes   957 Mbits/sec                  
[  6]   8.00-9.00   sec   114 MBytes   956 Mbits/sec                  
[  6]   9.00-10.00  sec   114 MBytes   957 Mbits/sec                  
[  6]  10.00-10.51  sec  57.6 MBytes   956 Mbits/sec                  
- - - - - - - - - - - - - - - - - - - - - - - - -
Test Complete. Summary Results:
[ ID] Interval           Transfer     Bitrate
[  6] (sender statistics not available)
[  6]   0.00-10.51  sec  1.17 GBytes   954 Mbits/sec                  receiver
rcv_tcp_congestion cubic
iperf 3.10.1
Linux cs490clc1.cs.purdue.edu 4.15.0-118-generic #119-Ubuntu SMP Tue Sep 8 12:30:01 UTC 2020 x86_64
-----------------------------------------------------------
Server listening on 5250 (test #1)
-----------------------------------------------------------
Time: Fri, 22 Oct 2021 22:16:48 GMT
Accepted connection from 10.0.0.1, port 52336
      Cookie: gk7p6yudsw4in2pzr6ajjojqa64p6nusxgoj
      TCP MSS: 9216
[  6] local 10.0.0.4 port 5250 connected to 10.0.0.1 port 52338
Starting Test: protocol: TCP, 1 streams, 131072 byte blocks, omitting 0 seconds, 10 second test, tos 0
[ ID] Interval           Transfer     Bitrate
[  6]   0.00-1.00   sec   108 MBytes   908 Mbits/sec                  
[  6]   1.00-2.00   sec   114 MBytes   956 Mbits/sec                  
[  6]   2.00-3.00   sec   114 MBytes   956 Mbits/sec                  
[  6]   3.00-4.00   sec   114 MBytes   955 Mbits/sec                  
[  6]   4.00-5.00   sec   114 MBytes   956 Mbits/sec                  
[  6]   5.00-6.00   sec   114 MBytes   956 Mbits/sec                  
[  6]   6.00-7.00   sec   114 MBytes   956 Mbits/sec                  
[  6]   7.00-8.00   sec   114 MBytes   956 Mbits/sec                  
[  6]   8.00-9.00   sec   114 MBytes   957 Mbits/sec                  
[  6]   9.00-10.00  sec   114 MBytes   953 Mbits/sec                  
[  6]  10.00-10.27  sec  31.1 MBytes   953 Mbits/sec                  
- - - - - - - - - - - - - - - - - - - - - - - - -
Test Complete. Summary Results:
[ ID] Interval           Transfer     Bitrate
[  6] (sender statistics not available)
[  6]   0.00-10.27  sec  1.14 GBytes   951 Mbits/sec                  receiver
rcv_tcp_congestion cubic
iperf 3.10.1
Linux cs490clc1.cs.purdue.edu 4.15.0-118-generic #119-Ubuntu SMP Tue Sep 8 12:30:01 UTC 2020 x86_64
-----------------------------------------------------------
Server listening on 5250 (test #1)
-----------------------------------------------------------
Time: Fri, 22 Oct 2021 22:17:04 GMT
Accepted connection from 10.0.0.1, port 56180
      Cookie: zeajwnknwjq5ncwkjtoppblq65oidpqytfsi
      TCP MSS: 9216
[  6] local 10.0.0.7 port 5250 connected to 10.0.0.1 port 56182
Starting Test: protocol: TCP, 1 streams, 131072 byte blocks, omitting 0 seconds, 10 second test, tos 0
[ ID] Interval           Transfer     Bitrate
[  6]   0.00-1.00   sec   104 MBytes   877 Mbits/sec                  
[  6]   1.00-2.00   sec   114 MBytes   957 Mbits/sec                  
[  6]   2.00-3.00   sec   114 MBytes   956 Mbits/sec                  
[  6]   3.00-4.00   sec   114 MBytes   955 Mbits/sec                  
[  6]   4.00-5.00   sec   114 MBytes   957 Mbits/sec                  
[  6]   5.00-6.00   sec   114 MBytes   956 Mbits/sec                  
[  6]   6.00-7.00   sec   114 MBytes   956 Mbits/sec                  
[  6]   7.00-8.00   sec   114 MBytes   957 Mbits/sec                  
[  6]   8.00-9.00   sec   114 MBytes   957 Mbits/sec                  
[  6]   9.00-10.00  sec   114 MBytes   956 Mbits/sec                  
[  6]  10.00-10.51  sec  58.0 MBytes   956 Mbits/sec                  
- - - - - - - - - - - - - - - - - - - - - - - - -
Test Complete. Summary Results:
[ ID] Interval           Transfer     Bitrate
[  6] (sender statistics not available)
[  6]   0.00-10.51  sec  1.16 GBytes   948 Mbits/sec                  receiver
rcv_tcp_congestion cubic
iperf 3.10.1
Linux cs490clc1.cs.purdue.edu 4.15.0-118-generic #119-Ubuntu SMP Tue Sep 8 12:30:01 UTC 2020 x86_64
-----------------------------------------------------------
Server listening on 5250 (test #1)
-----------------------------------------------------------
Time: Fri, 22 Oct 2021 22:17:21 GMT
Accepted connection from 10.0.0.1, port 44194
      Cookie: hvbqab4w245bimkn5gof35dm3kjgegkludkt
      TCP MSS: 9216
[  6] local 10.0.0.19 port 5250 connected to 10.0.0.1 port 44196
Starting Test: protocol: TCP, 1 streams, 131072 byte blocks, omitting 0 seconds, 10 second test, tos 0
[ ID] Interval           Transfer     Bitrate
[  6]   0.00-1.00   sec  99.0 KBytes   811 Kbits/sec                  
[  6]   1.00-2.00   sec   792 KBytes  6.49 Mbits/sec                  
[  6]   2.00-3.00   sec  6.19 MBytes  51.9 Mbits/sec                  
[  6]   3.00-4.00   sec  44.3 MBytes   372 Mbits/sec                  
[  6]   4.00-5.00   sec   106 MBytes   886 Mbits/sec                  
[  6]   5.00-6.00   sec   114 MBytes   956 Mbits/sec                  
[  6]   6.00-7.00   sec   114 MBytes   956 Mbits/sec                  
[  6]   7.00-8.00   sec   114 MBytes   955 Mbits/sec                  
[  6]   8.00-9.00   sec   114 MBytes   956 Mbits/sec                  
[  6]   9.00-10.00  sec   114 MBytes   957 Mbits/sec                  
[  6]  10.00-10.71  sec  80.3 MBytes   954 Mbits/sec                  
- - - - - - - - - - - - - - - - - - - - - - - - -
Test Complete. Summary Results:
[ ID] Interval           Transfer     Bitrate
[  6] (sender statistics not available)
[  6]   0.00-10.71  sec   807 MBytes   632 Mbits/sec                  receiver
rcv_tcp_congestion cubic
iperf3: interrupt - the server has terminated
