iperf 3.10.1
Linux cs490clc1.cs.purdue.edu 4.15.0-118-generic #119-Ubuntu SMP Tue Sep 8 12:30:01 UTC 2020 x86_64
-----------------------------------------------------------
Server listening on 5250 (test #1)
-----------------------------------------------------------
Time: Tue, 02 Nov 2021 14:36:47 GMT
Accepted connection from 10.0.0.2, port 46330
      Cookie: 4d2hhepifwwvvx2yajwv477wniqppzx7cbmd
      TCP MSS: 9216
[  6] local 10.0.0.23 port 5250 connected to 10.0.0.2 port 46340
Starting Test: protocol: TCP, 1 streams, 131072 byte blocks, omitting 0 seconds, 10 second test, tos 0
[ ID] Interval           Transfer     Bitrate
[  6]   0.00-1.00   sec  3.52 MBytes  29.5 Mbits/sec                  
[  6]   1.00-2.00   sec  11.2 MBytes  94.3 Mbits/sec                  
[  6]   2.00-3.00   sec  12.7 MBytes   107 Mbits/sec                  
[  6]   3.00-4.00   sec  7.48 MBytes  62.8 Mbits/sec                  
[  6]   4.00-5.00   sec  6.28 MBytes  52.7 Mbits/sec                  
[  6]   5.00-6.00   sec  6.91 MBytes  58.0 Mbits/sec                  
[  6]   6.00-7.00   sec  7.21 MBytes  60.5 Mbits/sec                  
[  6]   7.00-8.00   sec  7.13 MBytes  59.8 Mbits/sec                  
[  6]   8.00-9.00   sec  7.39 MBytes  62.0 Mbits/sec                  
[  6]   9.00-10.00  sec  7.30 MBytes  61.2 Mbits/sec                  
[  6]  10.00-10.12  sec   885 KBytes  62.2 Mbits/sec                  
- - - - - - - - - - - - - - - - - - - - - - - - -
Test Complete. Summary Results:
[ ID] Interval           Transfer     Bitrate
[  6] (sender statistics not available)
[  6]   0.00-10.12  sec  78.1 MBytes  64.7 Mbits/sec                  receiver
rcv_tcp_congestion cubic
iperf3: interrupt - the server has terminated
