iperf 3.10.1
Linux cs490clc1.cs.purdue.edu 4.15.0-118-generic #119-Ubuntu SMP Tue Sep 8 12:30:01 UTC 2020 x86_64
-----------------------------------------------------------
Server listening on 5250 (test #1)
-----------------------------------------------------------
Time: Tue, 02 Nov 2021 15:11:00 GMT
Accepted connection from 10.0.0.4, port 51614
      Cookie: hektvtnz326ed4jkshoghyr6ochhwypbxbqq
      TCP MSS: 9216
[  6] local 10.0.0.25 port 5250 connected to 10.0.0.4 port 51630
Starting Test: protocol: TCP, 1 streams, 131072 byte blocks, omitting 0 seconds, 10 second test, tos 0
[ ID] Interval           Transfer     Bitrate
[  6]   0.00-1.00   sec  3.52 MBytes  29.5 Mbits/sec                  
[  6]   1.00-2.00   sec  11.4 MBytes  95.9 Mbits/sec                  
[  6]   2.00-3.00   sec  10.9 MBytes  91.5 Mbits/sec                  
[  6]   3.00-4.00   sec  5.99 MBytes  50.2 Mbits/sec                  
[  6]   4.00-5.00   sec  6.07 MBytes  50.9 Mbits/sec                  
[  6]   5.00-6.00   sec  4.74 MBytes  39.8 Mbits/sec                  
[  6]   6.00-7.00   sec  5.16 MBytes  43.3 Mbits/sec                  
[  6]   7.00-8.00   sec  4.87 MBytes  40.8 Mbits/sec                  
[  6]   8.00-9.00   sec  5.29 MBytes  44.3 Mbits/sec                  
[  6]   9.00-10.00  sec  5.09 MBytes  42.7 Mbits/sec                  
[  6]  10.00-10.12  sec   625 KBytes  44.0 Mbits/sec                  
- - - - - - - - - - - - - - - - - - - - - - - - -
Test Complete. Summary Results:
[ ID] Interval           Transfer     Bitrate
[  6] (sender statistics not available)
[  6]   0.00-10.12  sec  63.7 MBytes  52.8 Mbits/sec                  receiver
rcv_tcp_congestion cubic
iperf3: interrupt - the server has terminated
