iperf 3.10.1
Linux cs490clc1.cs.purdue.edu 4.15.0-118-generic #119-Ubuntu SMP Tue Sep 8 12:30:01 UTC 2020 x86_64
-----------------------------------------------------------
Server listening on 5250 (test #1)
-----------------------------------------------------------
Time: Tue, 09 Nov 2021 00:26:04 GMT
Accepted connection from 10.0.0.4, port 37310
      Cookie: qkhet4mvuvtoj7hcs3ttbsski2j7k2kip4wk
      TCP MSS: 9216
[  6] local 10.0.0.25 port 5250 connected to 10.0.0.4 port 37318
Starting Test: protocol: TCP, 1 streams, 131072 byte blocks, omitting 0 seconds, 10 second test, tos 0
[ ID] Interval           Transfer     Bitrate
[  6]   0.00-1.00   sec  3.52 MBytes  29.5 Mbits/sec                  
[  6]   1.00-2.00   sec  29.0 MBytes   243 Mbits/sec                  
[  6]   2.00-3.00   sec  30.3 MBytes   254 Mbits/sec                  
[  6]   3.00-4.00   sec  30.8 MBytes   258 Mbits/sec                  
[  6]   4.00-5.00   sec  28.1 MBytes   236 Mbits/sec                  
[  6]   5.00-6.00   sec  30.6 MBytes   256 Mbits/sec                  
[  6]   6.00-7.00   sec  30.2 MBytes   253 Mbits/sec                  
[  6]   7.00-8.00   sec  29.7 MBytes   249 Mbits/sec                  
[  6]   8.00-9.00   sec  28.9 MBytes   242 Mbits/sec                  
[  6]   9.00-10.00  sec  29.4 MBytes   247 Mbits/sec                  
[  6]  10.00-10.27  sec  7.64 MBytes   240 Mbits/sec                  
- - - - - - - - - - - - - - - - - - - - - - - - -
Test Complete. Summary Results:
[ ID] Interval           Transfer     Bitrate
[  6] (sender statistics not available)
[  6]   0.00-10.27  sec   278 MBytes   227 Mbits/sec                  receiver
rcv_tcp_congestion cubic
iperf3: interrupt - the server has terminated
