iperf 3.10.1
Linux cs490clc1.cs.purdue.edu 4.15.0-118-generic #119-Ubuntu SMP Tue Sep 8 12:30:01 UTC 2020 x86_64
-----------------------------------------------------------
Server listening on 5250 (test #1)
-----------------------------------------------------------
Time: Mon, 01 Nov 2021 17:16:48 GMT
Accepted connection from 10.0.0.1, port 58546
      Cookie: 2q5n2vrog3gwjiklu2q3h5rlgso5ulf2xhqk
      TCP MSS: 9216
[  6] local 10.0.0.2 port 5250 connected to 10.0.0.1 port 58550
Starting Test: protocol: TCP, 1 streams, 131072 byte blocks, omitting 0 seconds, 10 second test, tos 0
[ ID] Interval           Transfer     Bitrate
[  6]   0.00-1.00   sec   112 MBytes   937 Mbits/sec                  
[  6]   1.00-2.00   sec   114 MBytes   956 Mbits/sec                  
[  6]   2.00-3.00   sec   114 MBytes   957 Mbits/sec                  
[  6]   3.00-4.00   sec   114 MBytes   957 Mbits/sec                  
[  6]   4.00-5.00   sec   114 MBytes   956 Mbits/sec                  
[  6]   5.00-6.00   sec   114 MBytes   956 Mbits/sec                  
[  6]   6.00-7.00   sec   114 MBytes   957 Mbits/sec                  
[  6]   7.00-8.00   sec   114 MBytes   956 Mbits/sec                  
[  6]   8.00-9.00   sec   114 MBytes   957 Mbits/sec                  
[  6]   9.00-10.00  sec   114 MBytes   957 Mbits/sec                  
[  6]  10.00-10.50  sec  57.3 MBytes   955 Mbits/sec                  
- - - - - - - - - - - - - - - - - - - - - - - - -
Test Complete. Summary Results:
[ ID] Interval           Transfer     Bitrate
[  6] (sender statistics not available)
[  6]   0.00-10.50  sec  1.17 GBytes   954 Mbits/sec                  receiver
rcv_tcp_congestion cubic
